Warning: Design 'topfft' has '19' unresolved references. For more detailed information, use the "link" command. (UID-341)
 
****************************************
Report : timing
        -path full
        -delay max
        -nets
        -max_paths 1
        -transition_time
Design : topfft
Version: O-2018.06-SP2
Date   : Thu Oct 31 12:08:33 2019
****************************************

 # A fanout number of 1000 was used for high fanout net computations.

Operating Conditions: typical   Library: gscl45nm
Wire Load Model Mode: top

  Startpoint: u_topfft_in_a_sat0_control_Blq_BFII_0_pulso_reg
              (rising edge-triggered flip-flop clocked by CLK)
  Endpoint: u_topfft_sat2_a_sat3_Blq_BFV_1_DA_Dgen_0__nD_Q_reg_21_
            (rising edge-triggered flip-flop clocked by CLK)
  Path Group: CLK
  Path Type: max

Attributes:
    d - dont_touch
    u - dont_use
   mo - map_only
   so - size_only
    i - ideal_net or ideal_network
  inf - infeasible path

  Point                                       Fanout     Trans      Incr       Path      Attributes
  ---------------------------------------------------------------------------------------------------------
  clock CLK (rise edge)                                             0.00       0.00
  clock network delay (ideal)                                       0.00       0.00
  u_topfft_in_a_sat0_control_Blq_BFII_0_pulso_reg/CLK (DFFPOSX1)     0.00     0.00 #     0.00 r
  u_topfft_in_a_sat0_control_Blq_BFII_0_pulso_reg/Q (DFFPOSX1)     0.03     0.11     0.11 f
  u_topfft_in_a_sat0_ctrl_Blq_BFII (net)        5                   0.00       0.11 f
  U31171/Y (AND2X2)                                       0.02      0.05       0.16 f
  n13740 (net)                                  2                   0.00       0.16 f
  U10947/Y (INVX8)                                        0.01      0.02       0.18 r
  n2534 (net)                                   6                   0.00       0.18 r
  U11350/Y (INVX8)                                        0.01      0.03       0.21 f
  n13945 (net)                                 15                   0.00       0.21 f
  U11414/Y (AOI21X1)                                      0.03      0.04       0.25 r
  n20141 (net)                                  2                   0.00       0.25 r
  U11413/Y (NOR2X1)                                       0.01      0.02       0.27 f
  n20142 (net)                                  2                   0.00       0.27 f
  U10600/Y (AOI21X1)                                      0.02      0.02       0.29 r
  n24877 (net)                                  1                   0.00       0.29 r
  U15722/Y (INVX1)                                        0.02      0.02       0.31 f
  n8262 (net)                                   2                   0.00       0.31 f
  U6091/Y (AOI21X1)                                       0.07      0.06       0.37 r
  n9957 (net)                                   4                   0.00       0.37 r
  U7079/Y (OAI21X1)                                       0.02      0.04       0.41 f
  n10354 (net)                                  2                   0.00       0.41 f
  U31516/Y (AOI21X1)                                      0.05      0.04       0.45 r
  n15964 (net)                                  3                   0.00       0.45 r
  U10420/Y (INVX2)                                        0.03      0.03       0.49 f
  n19808 (net)                                  6                   0.00       0.49 f
  U31409/Y (OAI21X1)                                      0.04      0.04       0.53 r
  n15966 (net)                                  1                   0.00       0.53 r
  U33034/Y (AOI21X1)                                      0.03      0.03       0.56 f
  n21917 (net)                                  2                   0.00       0.56 f
  U12459/Y (INVX4)                                        0.02      0.03       0.59 r
  n10282 (net)                                  3                   0.00       0.59 r
  U39620/Y (XOR2X1)                                       0.03      0.03       0.62 f
  u_topfft_in_a_sat0_M1_1_DP_OP_11J12_124_5420_n2091 (net)     2     0.00      0.62 f
  U31535/Y (OR2X1)                                        0.01      0.04       0.66 f
  n20234 (net)                                  1                   0.00       0.66 f
  U35438/Y (OAI21X1)                                      0.06      0.04       0.70 r
  n31045 (net)                                  1                   0.00       0.70 r
  U51825/YS (FAX1)                                        0.03      0.09       0.79 f
  n39978 (net)                                  3                   0.00       0.79 f
  U31412/Y (XOR2X1)                                       0.06      0.04       0.84 r
  n13929 (net)                                  1                   0.00       0.84 r
  U31411/Y (XNOR2X1)                                      0.02      0.04       0.87 f
  n16259 (net)                                  2                   0.00       0.87 f
  U11002/Y (AND2X2)                                       0.00      0.04       0.91 f
  n40150 (net)                                  2                   0.00       0.91 f
  U10285/Y (NOR2X1)                                       0.03      0.02       0.94 r
  n16771 (net)                                  1                   0.00       0.94 r
  U13728/Y (INVX1)                                        0.01      0.02       0.96 f
  n4709 (net)                                   1                   0.00       0.96 f
  U11005/Y (AND2X2)                                       0.00      0.04       0.99 f
  n20109 (net)                                  2                   0.00       0.99 f
  U11004/Y (XOR2X1)                                       0.07      0.07       1.06 r
  n40162 (net)                                  1                   0.00       1.06 r
  U51851/YS (FAX1)                                        0.01      0.09       1.15 f
  n40165 (net)                                  2                   0.00       1.15 f
  U31155/Y (AND2X2)                                       0.00      0.04       1.18 f
  n19910 (net)                                  2                   0.00       1.18 f
  U12189/Y (AOI21X1)                                      0.02      0.03       1.21 r
  n21735 (net)                                  1                   0.00       1.21 r
  U15644/Y (INVX1)                                        0.02      0.02       1.23 f
  n8098 (net)                                   2                   0.00       1.23 f
  U32771/Y (AOI21X1)                                      0.04      0.04       1.27 r
  n30939 (net)                                  2                   0.00       1.27 r
  U9237/Y (INVX1)                                         0.02      0.03       1.30 f
  n1609 (net)                                   3                   0.00       1.30 f
  U9236/Y (INVX1)                                         0.00      0.01       1.32 r
  n13898 (net)                                  2                   0.00       1.32 r
  U35205/Y (OAI21X1)                                      0.00      0.01       1.33 f
  n19688 (net)                                  1                   0.00       1.33 f
  U31346/Y (AOI21X1)                                      0.04      0.02       1.35 r
  n19687 (net)                                  1                   0.00       1.35 r
  U34980/Y (XNOR2X1)                                      0.05      0.05       1.40 r
  n72196 (net)                                  3                   0.00       1.40 r
  U34979/Y (AND2X2)                                       0.02      0.04       1.44 r
  n39187 (net)                                  2                   0.00       1.44 r
  U6375/Y (AND2X2)                                        0.01      0.03       1.47 r
  n19172 (net)                                  1                   0.00       1.47 r
  U12498/Y (AND2X2)                                       0.01      0.03       1.51 r
  n2770 (net)                                   2                   0.00       1.51 r
  U12371/Y (AND2X2)                                       0.01      0.04       1.54 r
  n2616 (net)                                   2                   0.00       1.54 r
  U6524/Y (NAND2X1)                                       0.03      0.02       1.56 f
  n695 (net)                                    1                   0.00       1.56 f
  U6523/Y (INVX4)                                         0.02      0.03       1.59 r
  n2956 (net)                                   6                   0.00       1.59 r
  U10839/Y (AOI21X1)                                      0.02      0.03       1.61 f
  n2104 (net)                                   1                   0.00       1.61 f
  U10915/Y (AOI21X1)                                      0.02      0.03       1.64 r
  n2382 (net)                                   1                   0.00       1.64 r
  U11973/Y (INVX1)                                        0.01      0.02       1.66 f
  n15862 (net)                                  1                   0.00       1.66 f
  U7197/Y (AND2X2)                                        0.00      0.04       1.70 f
  n12293 (net)                                  4                   0.00       1.70 f
  U9227/Y (OAI21X1)                                       0.08      0.06       1.76 r
  n50111 (net)                                  3                   0.00       1.76 r
  U11209/Y (INVX1)                                        0.00      0.03       1.79 f
  n24334 (net)                                  1                   0.00       1.79 f
  U12566/Y (INVX1)                                        0.00      0.00       1.79 r
  n2972 (net)                                   1                   0.00       1.79 r
  U10462/Y (AOI21X1)                                      0.05      0.04       1.84 f
  n19145 (net)                                  3                   0.00       1.84 f
  U10461/Y (XNOR2X1)                                      0.05      0.05       1.89 r
  n2816 (net)                                   2                   0.00       1.89 r
  U12340/Y (INVX2)                                        0.02      0.02       1.91 f
  n38930 (net)                                  2                   0.00       1.91 f
  U12596/Y (INVX1)                                        0.00      0.02       1.93 r
  n9799 (net)                                   1                   0.00       1.93 r
  U12750/Y (XOR2X1)                                       0.02      0.03       1.96 f
  u_topfft_sat0_a_sat1_M2_2_DP_OP_12J8_123_2636_n1468 (net)     2     0.00     1.96 f
  U8913/Y (OAI21X1)                                       0.07      0.07       2.02 r
  n16456 (net)                                  3                   0.00       2.02 r
  U8912/Y (XOR2X1)                                        0.06      0.05       2.07 r
  n16455 (net)                                  1                   0.00       2.07 r
  U33398/Y (XNOR2X1)                                      0.08      0.07       2.14 r
  n41454 (net)                                  1                   0.00       2.14 r
  U52176/YS (FAX1)                                        0.01      0.09       2.23 f
  n41471 (net)                                  2                   0.00       2.23 f
  U9006/Y (OAI21X1)                                       0.04      0.02       2.25 r
  n20428 (net)                                  1                   0.00       2.25 r
  U12154/Y (NAND2X1)                                      0.03      0.03       2.28 f
  n9572 (net)                                   1                   0.00       2.28 f
  U52179/YC (FAX1)                                        0.03      0.08       2.36 f
  n41480 (net)                                  2                   0.00       2.36 f
  U11358/Y (XOR2X1)                                       0.06      0.05       2.41 r
  n2899 (net)                                   1                   0.00       2.41 r
  U10359/Y (XNOR2X1)                                      0.05      0.06       2.47 r
  n2898 (net)                                   2                   0.00       2.47 r
  U10358/Y (NOR2X1)                                       0.01      0.02       2.49 f
  n24025 (net)                                  2                   0.00       2.49 f
  U15256/Y (INVX1)                                        0.00      0.00       2.49 r
  n7419 (net)                                   1                   0.00       2.49 r
  U10792/Y (AND2X2)                                       0.01      0.04       2.53 r
  n23973 (net)                                  2                   0.00       2.53 r
  U12142/Y (NAND2X1)                                      0.02      0.02       2.54 f
  n6417 (net)                                   1                   0.00       2.54 f
  U31218/Y (OAI21X1)                                      0.06      0.05       2.60 r
  n20303 (net)                                  3                   0.00       2.60 r
  U8837/Y (INVX2)                                         0.02      0.02       2.62 f
  n20051 (net)                                  1                   0.00       2.62 f
  U12475/Y (XNOR2X1)                                      0.04      0.04       2.66 r
  n2741 (net)                                   2                   0.00       2.66 r
  U12476/Y (INVX1)                                        0.01      0.03       2.69 f
  n18165 (net)                                  2                   0.00       2.69 f
  U11152/Y (AND2X2)                                       0.01      0.04       2.73 f
  n19215 (net)                                  2                   0.00       2.73 f
  U11320/Y (OR2X2)                                        0.01      0.04       2.77 f
  n10179 (net)                                  3                   0.00       2.77 f
  U11722/Y (AND2X2)                                       0.00      0.03       2.80 f
  n28143 (net)                                  2                   0.00       2.80 f
  U11464/Y (AND2X2)                                       0.00      0.03       2.83 f
  n6209 (net)                                   1                   0.00       2.83 f
  U7051/Y (AOI21X1)                                       0.05      0.04       2.88 r
  n44304 (net)                                  3                   0.00       2.88 r
  U5480/Y (OAI21X1)                                       0.01      0.03       2.90 f
  n20346 (net)                                  2                   0.00       2.90 f
  U5479/Y (AOI21X1)                                       0.04      0.04       2.94 r
  n23207 (net)                                  2                   0.00       2.94 r
  U10360/Y (OAI21X1)                                      0.02      0.02       2.97 f
  n24545 (net)                                  2                   0.00       2.97 f
  U12032/Y (NOR2X1)                                       0.03      0.03       2.99 r
  n4742 (net)                                   1                   0.00       2.99 r
  U33494/Y (AND2X2)                                       0.02      0.04       3.03 r
  n19672 (net)                                  4                   0.00       3.03 r
  U33493/Y (OR2X2)                                        0.01      0.04       3.08 r
  n17157 (net)                                  2                   0.00       3.08 r
  U11386/Y (NAND2X1)                                      0.03      0.02       3.09 f
  n5296 (net)                                   2                   0.00       3.09 f
  U35255/Y (OAI21X1)                                      0.04      0.02       3.12 r
  n19827 (net)                                  1                   0.00       3.12 r
  U9872/Y (NAND2X1)                                       0.02      0.02       3.14 f
  n2252 (net)                                   1                   0.00       3.14 f
  U9363/Y (NAND2X1)                                       0.06      0.03       3.17 r
  n8973 (net)                                   3                   0.00       3.17 r
  U33696/Y (AOI21X1)                                      0.03      0.05       3.22 f
  n19132 (net)                                  4                   0.00       3.22 f
  U5656/Y (OAI21X1)                                       0.07      0.07       3.29 r
  n17765 (net)                                  3                   0.00       3.29 r
  U5655/Y (NAND3X1)                                       0.02      0.03       3.31 f
  n2322 (net)                                   1                   0.00       3.31 f
  U11411/Y (NAND2X1)                                      0.05      0.02       3.33 r
  n2259 (net)                                   2                   0.00       3.33 r
  U7818/Y (INVX2)                                         0.02      0.03       3.36 f
  n22179 (net)                                  4                   0.00       3.36 f
  U14725/Y (INVX1)                                        0.00      0.00       3.37 r
  n6576 (net)                                   1                   0.00       3.37 r
  U12322/Y (INVX1)                                        0.02      0.02       3.38 f
  n10492 (net)                                  1                   0.00       3.38 f
  U30788/Y (XNOR2X1)                                      0.05      0.05       3.43 r
  n13257 (net)                                  1                   0.00       3.43 r
  U30786/Y (INVX4)                                        0.03      0.04       3.46 f
  n82420 (net)                                  7                   0.00       3.46 f
  U33458/Y (XNOR2X1)                                      0.02      0.04       3.50 f
  n16553 (net)                                  2                   0.00       3.50 f
  U33457/Y (OR2X1)                                        0.01      0.04       3.54 f
  n44339 (net)                                  1                   0.00       3.54 f
  U52920/Y (OAI21X1)                                      0.07      0.04       3.58 r
  n44388 (net)                                  1                   0.00       3.58 r
  U52930/YS (FAX1)                                        0.02      0.09       3.67 f
  n44390 (net)                                  2                   0.00       3.67 f
  U12688/Y (XOR2X1)                                       0.06      0.04       3.71 r
  n2986 (net)                                   1                   0.00       3.71 r
  U12686/Y (XNOR2X1)                                      0.06      0.06       3.77 r
  n16547 (net)                                  2                   0.00       3.77 r
  U31571/Y (OAI21X1)                                      0.01      0.03       3.80 f
  n16546 (net)                                  1                   0.00       3.80 f
  U11925/Y (NAND2X1)                                      0.06      0.03       3.83 r
  n9479 (net)                                   1                   0.00       3.83 r
  U52946/YS (FAX1)                                        0.02      0.09       3.92 f
  n44488 (net)                                  1                   0.00       3.92 f
  U52947/YS (FAX1)                                        0.01      0.08       4.00 f
  n44531 (net)                                  2                   0.00       4.00 f
  U11457/Y (NOR2X1)                                       0.04      0.04       4.04 r
  n2274 (net)                                   2                   0.00       4.04 r
  U9125/Y (INVX1)                                         0.01      0.03       4.07 f
  n1573 (net)                                   2                   0.00       4.07 f
  U9126/Y (NAND2X1)                                       0.04      0.02       4.08 r
  n18221 (net)                                  2                   0.00       4.08 r
  U18098/Y (INVX1)                                        0.01      0.02       4.11 f
  n12299 (net)                                  1                   0.00       4.11 f
  U7038/Y (AND2X2)                                        0.01      0.04       4.14 f
  n17900 (net)                                  4                   0.00       4.14 f
  U10886/Y (NAND2X1)                                      0.03      0.02       4.17 r
  n2095 (net)                                   1                   0.00       4.17 r
  U10885/Y (NAND2X1)                                      0.03      0.02       4.19 f
  n8650 (net)                                   1                   0.00       4.19 f
  U7112/Y (XNOR2X1)                                       0.06      0.05       4.24 r
  n15730 (net)                                  3                   0.00       4.24 r
  U9395/Y (NAND2X1)                                       0.03      0.04       4.28 f
  n9392 (net)                                   4                   0.00       4.28 f
  U7540/Y (NAND2X1)                                       0.04      0.02       4.30 r
  n6740 (net)                                   2                   0.00       4.30 r
  U6001/Y (NOR2X1)                                        0.00      0.02       4.32 f
  n17986 (net)                                  1                   0.00       4.32 f
  U10990/Y (NOR2X1)                                       0.03      0.02       4.35 r
  n15681 (net)                                  1                   0.00       4.35 r
  U15522/Y (INVX1)                                        0.02      0.02       4.37 f
  n7875 (net)                                   2                   0.00       4.37 f
  U32064/Y (AOI21X1)                                      0.03      0.02       4.39 r
  n20354 (net)                                  1                   0.00       4.39 r
  U10862/Y (NAND2X1)                                      0.04      0.03       4.42 f
  n12215 (net)                                  5                   0.00       4.42 f
  U10726/Y (INVX1)                                        0.00      0.01       4.43 r
  n13362 (net)                                  2                   0.00       4.43 r
  U12886/Y (INVX1)                                        0.02      0.02       4.45 f
  n3263 (net)                                   1                   0.00       4.45 f
  U12662/Y (XOR2X1)                                       0.03      0.04       4.49 f
  n18026 (net)                                  2                   0.00       4.49 f
  U12734/Y (INVX4)                                        0.06      0.05       4.55 r
  u_topfft_sat1_a_sat2_M5_3_DP_OP_11J11_122_5388_n2919 (net)    11     0.00     4.55 r
  U6521/Y (XNOR2X1)                                       0.02      0.04       4.58 f
  u_topfft_sat1_a_sat2_M5_3_DP_OP_11J11_122_5388_n2749 (net)     2     0.00     4.58 f
  U30871/Y (OAI21X1)                                      0.05      0.06       4.64 r
  n13361 (net)                                  2                   0.00       4.64 r
  U5695/Y (XNOR2X1)                                       0.05      0.06       4.71 r
  n437 (net)                                    1                   0.00       4.71 r
  U5694/Y (XOR2X1)                                        0.07      0.06       4.76 r
  n48199 (net)                                  1                   0.00       4.76 r
  U53810/YS (FAX1)                                        0.05      0.09       4.86 r
  n48193 (net)                                  3                   0.00       4.86 r
  U31895/Y (XNOR2X1)                                      0.05      0.05       4.91 r
  n14425 (net)                                  1                   0.00       4.91 r
  U7889/Y (XOR2X1)                                        0.04      0.04       4.95 r
  n1152 (net)                                   1                   0.00       4.95 r
  U7888/Y (INVX2)                                         0.02      0.03       4.98 f
  n2941 (net)                                   1                   0.00       4.98 f
  U53809/YS (FAX1)                                        0.05      0.09       5.07 r
  n48203 (net)                                  1                   0.00       5.07 r
  U53812/YS (FAX1)                                        0.01      0.08       5.15 f
  n48259 (net)                                  2                   0.00       5.15 f
  U15497/Y (OR2X2)                                        0.01      0.04       5.19 f
  n19125 (net)                                  2                   0.00       5.19 f
  U6719/Y (AND2X2)                                        0.00      0.03       5.23 f
  n7437 (net)                                   2                   0.00       5.23 f
  U6923/Y (NAND2X1)                                       0.04      0.03       5.26 r
  n3027 (net)                                   2                   0.00       5.26 r
  U7179/Y (NOR2X1)                                        0.00      0.02       5.28 f
  n6176 (net)                                   1                   0.00       5.28 f
  U32057/Y (AOI21X1)                                      0.03      0.03       5.31 r
  n14646 (net)                                  1                   0.00       5.31 r
  U11640/Y (NAND2X1)                                      0.03      0.03       5.33 f
  n12316 (net)                                  3                   0.00       5.33 f
  U11638/Y (INVX1)                                        0.00      0.01       5.34 r
  n12315 (net)                                  2                   0.00       5.34 r
  U14736/Y (INVX1)                                        0.02      0.02       5.36 f
  n6635 (net)                                   2                   0.00       5.36 f
  U11353/Y (AOI21X1)                                      0.04      0.04       5.40 r
  n18486 (net)                                  1                   0.00       5.40 r
  U12627/Y (XNOR2X1)                                      0.02      0.04       5.44 f
  n23906 (net)                                  2                   0.00       5.44 f
  U11151/Y (NOR3X1)                                       0.05      0.03       5.46 r
  n2306 (net)                                   1                   0.00       5.46 r
  U11676/Y (NAND2X1)                                      0.02      0.02       5.49 f
  n2378 (net)                                   1                   0.00       5.49 f
  U11955/Y (INVX1)                                        0.00      0.01       5.49 r
  n18722 (net)                                  1                   0.00       5.49 r
  U5984/Y (NAND3X1)                                       0.03      0.02       5.51 f
  n18347 (net)                                  3                   0.00       5.51 f
  U11851/Y (INVX1)                                        0.00      0.02       5.53 r
  n32497 (net)                                  3                   0.00       5.53 r
  U9722/Y (INVX2)                                         0.01      0.03       5.56 f
  n49959 (net)                                  4                   0.00       5.56 f
  U9124/Y (INVX8)                                         0.01      0.02       5.58 r
  n49929 (net)                                  9                   0.00       5.58 r
  U31163/Y (OAI21X1)                                      0.00      0.01       5.60 f
  n84007 (net)                                  1                   0.00       5.60 f
  u_topfft_sat2_a_sat3_Blq_BFV_1_DA_Dgen_0__nD_Q_reg_21_/D (DFFPOSX1)     0.00     0.00     5.60 f
  data arrival time                                                            5.60

  clock CLK (rise edge)                                             2.00       2.00
  clock network delay (ideal)                                       0.00       2.00
  u_topfft_sat2_a_sat3_Blq_BFV_1_DA_Dgen_0__nD_Q_reg_21_/CLK (DFFPOSX1)     0.00     2.00 r
  library setup time                                               -0.05       1.95
  data required time                                                           1.95
  ---------------------------------------------------------------------------------------------------------
  data required time                                                           1.95
  data arrival time                                                           -5.60
  ---------------------------------------------------------------------------------------------------------
  slack (VIOLATED)                                                            -3.65


1
