Information: Propagating switching activity (low effort zero delay simulation). (PWR-6)
Warning: Design has unannotated primary inputs. (PWR-414)
Warning: Design has unannotated sequential cell outputs. (PWR-415)
Warning: Design has unannotated black box outputs. (PWR-428)
 
****************************************
Report : power
        -analysis_effort low
Design : topfft
Version: O-2018.06-SP2
Date   : Fri Nov  8 16:44:53 2019
****************************************


Library(s) Used:

    gscl45nm (File: /home/tools/synopsys/tech_kits/FreePDK45/osu_soc/lib/files/gscl45nm.db)


Operating Conditions: typical   Library: gscl45nm
Wire Load Model Mode: top


Global Operating Voltage = 1.1  
Power-specific unit information :
    Voltage Units = 1V
    Capacitance Units = 1.000000pf
    Time Units = 1ns
    Dynamic Power Units = 1mW    (derived from V,C,T units)
    Leakage Power Units = 1nW


  Cell Internal Power  =  93.0968 mW   (12%)
  Net Switching Power  = 702.5377 mW   (88%)
                         ---------
Total Dynamic Power    = 795.6344 mW  (100%)

Cell Leakage Power     =   1.3958 mW


                 Internal         Switching           Leakage            Total
Power Group      Power            Power               Power              Power   (   %    )  Attrs
--------------------------------------------------------------------------------------------------
io_pad             0.0000            0.0000            0.0000            0.0000  (   0.00%)
memory             0.0000            0.0000            0.0000            0.0000  (   0.00%)
black_box          0.0000            0.0000            0.0000            0.0000  (   0.00%)
clock_network     22.0428          700.8533        7.8876e+05          723.8458  (  90.82%)
register          70.1476            0.3460        4.4422e+05           70.9377  (   8.90%)
sequential         0.0000            0.0000            0.0000            0.0000  (   0.00%)
combinational      0.9062            1.1884        1.6287e+05            2.2574  (   0.28%)
--------------------------------------------------------------------------------------------------
Total             93.0966 mW       702.3878 mW     1.3958e+06 nW       797.0409 mW
1
