Warning: Design 'topfft' has '15' unresolved references. For more detailed information, use the "link" command. (UID-341)
 
****************************************
check_design summary:
Version:     O-2018.06-SP2
Date:        Sun Aug 16 12:39:59 2020
****************************************

                   Name                                            Total
--------------------------------------------------------------------------------
Inputs/Outputs                                                     43
    Multiply driven inputs (LINT-6)                                 2
    Unconnected ports (LINT-28)                                    41

Cells                                                              10
    Cells do not drive (LINT-1)                                    10

Tristate                                                          218
    A tristate bus has a non tri-state driver (LINT-34)           218
--------------------------------------------------------------------------------

Warning: In design 'contador_N16', cell 'B_1' does not drive any nets. (LINT-1)
Warning: In design 'topD_1_N17', cell 'B_2' does not drive any nets. (LINT-1)
Warning: In design 'contador_N8', cell 'B_1' does not drive any nets. (LINT-1)
Warning: In design 'topD_1_N9', cell 'B_2' does not drive any nets. (LINT-1)
Warning: In design 'topD_1_N5', cell 'B_2' does not drive any nets. (LINT-1)
Warning: In design 'contador_N4', cell 'B_1' does not drive any nets. (LINT-1)
Warning: In design 'contador_N2', cell 'B_1' does not drive any nets. (LINT-1)
Warning: In design 'topD_1_N3', cell 'B_2' does not drive any nets. (LINT-1)
Warning: In design 'topD_1_N2', cell 'B_2' does not drive any nets. (LINT-1)
Warning: In design 'contador_N1', cell 'B_1' does not drive any nets. (LINT-1)
Warning: In design 'topfft_sat0_a_sat1_NBITS15_NBITScoeff11_N32', input port 'clk' drives wired logic; the port direction may have been specified incorrectly. (LINT-6)
Warning: In design 'topfft_sat1_a_sat2_NBITS19_NBITScoeff11_N32', input port 'clk' drives wired logic; the port direction may have been specified incorrectly. (LINT-6)
Warning: In design 'sat_fxnum_NBITS_IN24_NBI_IN6_NBF_IN18_NBITS_OUT15_NBI_OUT3_NBF_OUT12', port 'sat_in[5]' is not connected to any nets. (LINT-28)
Warning: In design 'sat_fxnum_NBITS_IN24_NBI_IN6_NBF_IN18_NBITS_OUT15_NBI_OUT3_NBF_OUT12', port 'sat_in[4]' is not connected to any nets. (LINT-28)
Warning: In design 'sat_fxnum_NBITS_IN24_NBI_IN6_NBF_IN18_NBITS_OUT15_NBI_OUT3_NBF_OUT12', port 'sat_in[3]' is not connected to any nets. (LINT-28)
Warning: In design 'sat_fxnum_NBITS_IN24_NBI_IN6_NBF_IN18_NBITS_OUT15_NBI_OUT3_NBF_OUT12', port 'sat_in[2]' is not connected to any nets. (LINT-28)
Warning: In design 'sat_fxnum_NBITS_IN24_NBI_IN6_NBF_IN18_NBITS_OUT15_NBI_OUT3_NBF_OUT12', port 'sat_in[1]' is not connected to any nets. (LINT-28)
Warning: In design 'sat_fxnum_NBITS_IN24_NBI_IN6_NBF_IN18_NBITS_OUT15_NBI_OUT3_NBF_OUT12', port 'sat_in[0]' is not connected to any nets. (LINT-28)
Warning: In design 'sat_fxnum_NBITS_IN29_NBI_IN8_NBF_IN21_NBITS_OUT19_NBI_OUT5_NBF_OUT14', port 'sat_in[6]' is not connected to any nets. (LINT-28)
Warning: In design 'sat_fxnum_NBITS_IN29_NBI_IN8_NBF_IN21_NBITS_OUT19_NBI_OUT5_NBF_OUT14', port 'sat_in[5]' is not connected to any nets. (LINT-28)
Warning: In design 'sat_fxnum_NBITS_IN29_NBI_IN8_NBF_IN21_NBITS_OUT19_NBI_OUT5_NBF_OUT14', port 'sat_in[4]' is not connected to any nets. (LINT-28)
Warning: In design 'sat_fxnum_NBITS_IN29_NBI_IN8_NBF_IN21_NBITS_OUT19_NBI_OUT5_NBF_OUT14', port 'sat_in[3]' is not connected to any nets. (LINT-28)
Warning: In design 'sat_fxnum_NBITS_IN29_NBI_IN8_NBF_IN21_NBITS_OUT19_NBI_OUT5_NBF_OUT14', port 'sat_in[2]' is not connected to any nets. (LINT-28)
Warning: In design 'sat_fxnum_NBITS_IN29_NBI_IN8_NBF_IN21_NBITS_OUT19_NBI_OUT5_NBF_OUT14', port 'sat_in[1]' is not connected to any nets. (LINT-28)
Warning: In design 'sat_fxnum_NBITS_IN29_NBI_IN8_NBF_IN21_NBITS_OUT19_NBI_OUT5_NBF_OUT14', port 'sat_in[0]' is not connected to any nets. (LINT-28)
Warning: In design 'sat_fxnum_NBITS_IN45_NBI_IN13_NBF_IN32_NBITS_OUT21_NBI_OUT6_NBF_OUT15', port 'sat_in[16]' is not connected to any nets. (LINT-28)
Warning: In design 'sat_fxnum_NBITS_IN45_NBI_IN13_NBF_IN32_NBITS_OUT21_NBI_OUT6_NBF_OUT15', port 'sat_in[15]' is not connected to any nets. (LINT-28)
Warning: In design 'sat_fxnum_NBITS_IN45_NBI_IN13_NBF_IN32_NBITS_OUT21_NBI_OUT6_NBF_OUT15', port 'sat_in[14]' is not connected to any nets. (LINT-28)
Warning: In design 'sat_fxnum_NBITS_IN45_NBI_IN13_NBF_IN32_NBITS_OUT21_NBI_OUT6_NBF_OUT15', port 'sat_in[13]' is not connected to any nets. (LINT-28)
Warning: In design 'sat_fxnum_NBITS_IN45_NBI_IN13_NBF_IN32_NBITS_OUT21_NBI_OUT6_NBF_OUT15', port 'sat_in[12]' is not connected to any nets. (LINT-28)
Warning: In design 'sat_fxnum_NBITS_IN45_NBI_IN13_NBF_IN32_NBITS_OUT21_NBI_OUT6_NBF_OUT15', port 'sat_in[11]' is not connected to any nets. (LINT-28)
Warning: In design 'sat_fxnum_NBITS_IN45_NBI_IN13_NBF_IN32_NBITS_OUT21_NBI_OUT6_NBF_OUT15', port 'sat_in[10]' is not connected to any nets. (LINT-28)
Warning: In design 'sat_fxnum_NBITS_IN45_NBI_IN13_NBF_IN32_NBITS_OUT21_NBI_OUT6_NBF_OUT15', port 'sat_in[9]' is not connected to any nets. (LINT-28)
Warning: In design 'sat_fxnum_NBITS_IN45_NBI_IN13_NBF_IN32_NBITS_OUT21_NBI_OUT6_NBF_OUT15', port 'sat_in[8]' is not connected to any nets. (LINT-28)
Warning: In design 'sat_fxnum_NBITS_IN45_NBI_IN13_NBF_IN32_NBITS_OUT21_NBI_OUT6_NBF_OUT15', port 'sat_in[7]' is not connected to any nets. (LINT-28)
Warning: In design 'sat_fxnum_NBITS_IN45_NBI_IN13_NBF_IN32_NBITS_OUT21_NBI_OUT6_NBF_OUT15', port 'sat_in[6]' is not connected to any nets. (LINT-28)
Warning: In design 'sat_fxnum_NBITS_IN45_NBI_IN13_NBF_IN32_NBITS_OUT21_NBI_OUT6_NBF_OUT15', port 'sat_in[5]' is not connected to any nets. (LINT-28)
Warning: In design 'sat_fxnum_NBITS_IN45_NBI_IN13_NBF_IN32_NBITS_OUT21_NBI_OUT6_NBF_OUT15', port 'sat_in[4]' is not connected to any nets. (LINT-28)
Warning: In design 'sat_fxnum_NBITS_IN45_NBI_IN13_NBF_IN32_NBITS_OUT21_NBI_OUT6_NBF_OUT15', port 'sat_in[3]' is not connected to any nets. (LINT-28)
Warning: In design 'sat_fxnum_NBITS_IN45_NBI_IN13_NBF_IN32_NBITS_OUT21_NBI_OUT6_NBF_OUT15', port 'sat_in[2]' is not connected to any nets. (LINT-28)
Warning: In design 'sat_fxnum_NBITS_IN45_NBI_IN13_NBF_IN32_NBITS_OUT21_NBI_OUT6_NBF_OUT15', port 'sat_in[1]' is not connected to any nets. (LINT-28)
Warning: In design 'sat_fxnum_NBITS_IN45_NBI_IN13_NBF_IN32_NBITS_OUT21_NBI_OUT6_NBF_OUT15', port 'sat_in[0]' is not connected to any nets. (LINT-28)
Warning: In design 'sat_fxnum_NBITS_IN22_NBI_IN7_NBF_IN15_NBITS_OUT10_NBI_OUT6_NBF_OUT4', port 'sat_in[10]' is not connected to any nets. (LINT-28)
Warning: In design 'sat_fxnum_NBITS_IN22_NBI_IN7_NBF_IN15_NBITS_OUT10_NBI_OUT6_NBF_OUT4', port 'sat_in[9]' is not connected to any nets. (LINT-28)
Warning: In design 'sat_fxnum_NBITS_IN22_NBI_IN7_NBF_IN15_NBITS_OUT10_NBI_OUT6_NBF_OUT4', port 'sat_in[8]' is not connected to any nets. (LINT-28)
Warning: In design 'sat_fxnum_NBITS_IN22_NBI_IN7_NBF_IN15_NBITS_OUT10_NBI_OUT6_NBF_OUT4', port 'sat_in[7]' is not connected to any nets. (LINT-28)
Warning: In design 'sat_fxnum_NBITS_IN22_NBI_IN7_NBF_IN15_NBITS_OUT10_NBI_OUT6_NBF_OUT4', port 'sat_in[6]' is not connected to any nets. (LINT-28)
Warning: In design 'sat_fxnum_NBITS_IN22_NBI_IN7_NBF_IN15_NBITS_OUT10_NBI_OUT6_NBF_OUT4', port 'sat_in[5]' is not connected to any nets. (LINT-28)
Warning: In design 'sat_fxnum_NBITS_IN22_NBI_IN7_NBF_IN15_NBITS_OUT10_NBI_OUT6_NBF_OUT4', port 'sat_in[4]' is not connected to any nets. (LINT-28)
Warning: In design 'sat_fxnum_NBITS_IN22_NBI_IN7_NBF_IN15_NBITS_OUT10_NBI_OUT6_NBF_OUT4', port 'sat_in[3]' is not connected to any nets. (LINT-28)
Warning: In design 'sat_fxnum_NBITS_IN22_NBI_IN7_NBF_IN15_NBITS_OUT10_NBI_OUT6_NBF_OUT4', port 'sat_in[2]' is not connected to any nets. (LINT-28)
Warning: In design 'sat_fxnum_NBITS_IN22_NBI_IN7_NBF_IN15_NBITS_OUT10_NBI_OUT6_NBF_OUT4', port 'sat_in[1]' is not connected to any nets. (LINT-28)
Warning: In design 'sat_fxnum_NBITS_IN22_NBI_IN7_NBF_IN15_NBITS_OUT10_NBI_OUT6_NBF_OUT4', port 'sat_in[0]' is not connected to any nets. (LINT-28)
Warning: In design 'topfft', three-state bus 'u_topfft_in_a_sat0/control_CSD/clk_out' has non three-state driver 'u_topfft_in_a_sat0/control_CSD/pulso_reg/Q'. (LINT-34)
Warning: In design 'topfft', three-state bus 'u_topfft_in_a_sat0/blqII1_to_m_down[0]' has non three-state driver 'u_topfft_in_a_sat0/Blq_BFII_1/Butterfly/BFOut_down_reg[0]/Q'. (LINT-34)
Warning: In design 'topfft', three-state bus 'u_topfft_in_a_sat0/blqII1_to_m_down[1]' has non three-state driver 'u_topfft_in_a_sat0/Blq_BFII_1/Butterfly/BFOut_down_reg[1]/Q'. (LINT-34)
Warning: In design 'topfft', three-state bus 'u_topfft_in_a_sat0/blqII1_to_m_down[2]' has non three-state driver 'u_topfft_in_a_sat0/Blq_BFII_1/Butterfly/BFOut_down_reg[2]/Q'. (LINT-34)
Warning: In design 'topfft', three-state bus 'u_topfft_in_a_sat0/blqII1_to_m_down[3]' has non three-state driver 'u_topfft_in_a_sat0/Blq_BFII_1/Butterfly/BFOut_down_reg[3]/Q'. (LINT-34)
Warning: In design 'topfft', three-state bus 'u_topfft_in_a_sat0/blqII1_to_m_down[4]' has non three-state driver 'u_topfft_in_a_sat0/Blq_BFII_1/Butterfly/BFOut_down_reg[4]/Q'. (LINT-34)
Warning: In design 'topfft', three-state bus 'u_topfft_in_a_sat0/blqII1_to_m_down[5]' has non three-state driver 'u_topfft_in_a_sat0/Blq_BFII_1/Butterfly/BFOut_down_reg[5]/Q'. (LINT-34)
Warning: In design 'topfft', three-state bus 'u_topfft_in_a_sat0/blqII1_to_m_down[6]' has non three-state driver 'u_topfft_in_a_sat0/Blq_BFII_1/Butterfly/BFOut_down_reg[6]/Q'. (LINT-34)
Warning: In design 'topfft', three-state bus 'u_topfft_in_a_sat0/blqII1_to_m_down[7]' has non three-state driver 'u_topfft_in_a_sat0/Blq_BFII_1/Butterfly/BFOut_down_reg[7]/Q'. (LINT-34)
Warning: In design 'topfft', three-state bus 'u_topfft_in_a_sat0/blqII1_to_m_down[8]' has non three-state driver 'u_topfft_in_a_sat0/Blq_BFII_1/Butterfly/BFOut_down_reg[8]/Q'. (LINT-34)
Warning: In design 'topfft', three-state bus 'u_topfft_in_a_sat0/blqII1_to_m_down[9]' has non three-state driver 'u_topfft_in_a_sat0/Blq_BFII_1/Butterfly/BFOut_down_reg[9]/Q'. (LINT-34)
Warning: In design 'topfft', three-state bus 'u_topfft_in_a_sat0/blqII1_to_m_down[10]' has non three-state driver 'u_topfft_in_a_sat0/Blq_BFII_1/Butterfly/BFOut_down_reg[10]/Q'. (LINT-34)
Warning: In design 'topfft', three-state bus 'u_topfft_in_a_sat0/blqII1_to_m_down[11]' has non three-state driver 'u_topfft_in_a_sat0/Blq_BFII_1/Butterfly/BFOut_down_reg[11]/Q'. (LINT-34)
Warning: In design 'topfft', three-state bus 'u_topfft_in_a_sat0/blqII1_to_m_down[12]' has non three-state driver 'u_topfft_in_a_sat0/Blq_BFII_1/Butterfly/BFOut_down_reg[12]/Q'. (LINT-34)
Warning: In design 'topfft', three-state bus 'u_topfft_in_a_sat0/blqII1_to_m_down[13]' has non three-state driver 'u_topfft_in_a_sat0/Blq_BFII_1/Butterfly/BFOut_down_reg[13]/Q'. (LINT-34)
Warning: In design 'topfft', three-state bus 'u_topfft_in_a_sat0/blqII1_to_m_down[14]' has non three-state driver 'u_topfft_in_a_sat0/Blq_BFII_1/Butterfly/BFOut_down_reg[14]/Q'. (LINT-34)
Warning: In design 'topfft', three-state bus 'u_topfft_in_a_sat0/blqII1_to_m_down[15]' has non three-state driver 'u_topfft_in_a_sat0/Blq_BFII_1/Butterfly/BFOut_down_reg[15]/Q'. (LINT-34)
Warning: In design 'topfft', three-state bus 'u_topfft_in_a_sat0/blqII1_to_m_down[16]' has non three-state driver 'u_topfft_in_a_sat0/Blq_BFII_1/Butterfly/BFOut_down_reg[16]/Q'. (LINT-34)
Warning: In design 'topfft', three-state bus 'u_topfft_in_a_sat0/blqII1_to_m_down[17]' has non three-state driver 'u_topfft_in_a_sat0/Blq_BFII_1/Butterfly/BFOut_down_reg[17]/Q'. (LINT-34)
Warning: In design 'topfft', three-state bus 'u_topfft_in_a_sat0/blqII1_to_m_down[18]' has non three-state driver 'u_topfft_in_a_sat0/Blq_BFII_1/Butterfly/BFOut_down_reg[18]/Q'. (LINT-34)
Warning: In design 'topfft', three-state bus 'u_topfft_in_a_sat0/blqII1_to_m_down[19]' has non three-state driver 'u_topfft_in_a_sat0/Blq_BFII_1/Butterfly/BFOut_down_reg[19]/Q'. (LINT-34)
Warning: In design 'topfft', three-state bus 'u_topfft_in_a_sat0/blqII1_to_m_down[20]' has non three-state driver 'u_topfft_in_a_sat0/Blq_BFII_1/Butterfly/BFOut_down_reg[20]/Q'. (LINT-34)
Warning: In design 'topfft', three-state bus 'u_topfft_in_a_sat0/blqII1_to_m_down[21]' has non three-state driver 'u_topfft_in_a_sat0/Blq_BFII_1/Butterfly/BFOut_down_reg[21]/Q'. (LINT-34)
Warning: In design 'topfft', three-state bus 'u_topfft_in_a_sat0/blqII1_to_m_down[22]' has non three-state driver 'u_topfft_in_a_sat0/Blq_BFII_1/Butterfly/BFOut_down_reg[22]/Q'. (LINT-34)
Warning: In design 'topfft', three-state bus 'u_topfft_in_a_sat0/blqII1_to_m_down[23]' has non three-state driver 'u_topfft_in_a_sat0/Blq_BFII_1/Butterfly/BFOut_down_reg[23]/Q'. (LINT-34)
Warning: In design 'topfft', three-state bus 'u_topfft_in_a_sat0/blqII1_to_m_up[0]' has non three-state driver 'u_topfft_in_a_sat0/Blq_BFII_1/Butterfly/BFOut_up_reg[0]/Q'. (LINT-34)
Warning: In design 'topfft', three-state bus 'u_topfft_in_a_sat0/blqII1_to_m_up[1]' has non three-state driver 'u_topfft_in_a_sat0/Blq_BFII_1/Butterfly/BFOut_up_reg[1]/Q'. (LINT-34)
Warning: In design 'topfft', three-state bus 'u_topfft_in_a_sat0/blqII1_to_m_up[2]' has non three-state driver 'u_topfft_in_a_sat0/Blq_BFII_1/Butterfly/BFOut_up_reg[2]/Q'. (LINT-34)
Warning: In design 'topfft', three-state bus 'u_topfft_in_a_sat0/blqII1_to_m_up[3]' has non three-state driver 'u_topfft_in_a_sat0/Blq_BFII_1/Butterfly/BFOut_up_reg[3]/Q'. (LINT-34)
Warning: In design 'topfft', three-state bus 'u_topfft_in_a_sat0/blqII1_to_m_up[4]' has non three-state driver 'u_topfft_in_a_sat0/Blq_BFII_1/Butterfly/BFOut_up_reg[4]/Q'. (LINT-34)
Warning: In design 'topfft', three-state bus 'u_topfft_in_a_sat0/blqII1_to_m_up[5]' has non three-state driver 'u_topfft_in_a_sat0/Blq_BFII_1/Butterfly/BFOut_up_reg[5]/Q'. (LINT-34)
Warning: In design 'topfft', three-state bus 'u_topfft_in_a_sat0/blqII1_to_m_up[6]' has non three-state driver 'u_topfft_in_a_sat0/Blq_BFII_1/Butterfly/BFOut_up_reg[6]/Q'. (LINT-34)
Warning: In design 'topfft', three-state bus 'u_topfft_in_a_sat0/blqII1_to_m_up[7]' has non three-state driver 'u_topfft_in_a_sat0/Blq_BFII_1/Butterfly/BFOut_up_reg[7]/Q'. (LINT-34)
Warning: In design 'topfft', three-state bus 'u_topfft_in_a_sat0/blqII1_to_m_up[8]' has non three-state driver 'u_topfft_in_a_sat0/Blq_BFII_1/Butterfly/BFOut_up_reg[8]/Q'. (LINT-34)
Warning: In design 'topfft', three-state bus 'u_topfft_in_a_sat0/blqII1_to_m_up[9]' has non three-state driver 'u_topfft_in_a_sat0/Blq_BFII_1/Butterfly/BFOut_up_reg[9]/Q'. (LINT-34)
Warning: In design 'topfft', three-state bus 'u_topfft_in_a_sat0/blqII1_to_m_up[10]' has non three-state driver 'u_topfft_in_a_sat0/Blq_BFII_1/Butterfly/BFOut_up_reg[10]/Q'. (LINT-34)
Warning: In design 'topfft', three-state bus 'u_topfft_in_a_sat0/blqII1_to_m_up[11]' has non three-state driver 'u_topfft_in_a_sat0/Blq_BFII_1/Butterfly/BFOut_up_reg[11]/Q'. (LINT-34)
Warning: In design 'topfft', three-state bus 'u_topfft_in_a_sat0/blqII1_to_m_up[12]' has non three-state driver 'u_topfft_in_a_sat0/Blq_BFII_1/Butterfly/BFOut_up_reg[12]/Q'. (LINT-34)
Warning: In design 'topfft', three-state bus 'u_topfft_in_a_sat0/blqII1_to_m_up[13]' has non three-state driver 'u_topfft_in_a_sat0/Blq_BFII_1/Butterfly/BFOut_up_reg[13]/Q'. (LINT-34)
Warning: In design 'topfft', three-state bus 'u_topfft_in_a_sat0/blqII1_to_m_up[14]' has non three-state driver 'u_topfft_in_a_sat0/Blq_BFII_1/Butterfly/BFOut_up_reg[14]/Q'. (LINT-34)
Warning: In design 'topfft', three-state bus 'u_topfft_in_a_sat0/blqII1_to_m_up[15]' has non three-state driver 'u_topfft_in_a_sat0/Blq_BFII_1/Butterfly/BFOut_up_reg[15]/Q'. (LINT-34)
Warning: In design 'topfft', three-state bus 'u_topfft_in_a_sat0/blqII1_to_m_up[16]' has non three-state driver 'u_topfft_in_a_sat0/Blq_BFII_1/Butterfly/BFOut_up_reg[16]/Q'. (LINT-34)
Warning: In design 'topfft', three-state bus 'u_topfft_in_a_sat0/blqII1_to_m_up[17]' has non three-state driver 'u_topfft_in_a_sat0/Blq_BFII_1/Butterfly/BFOut_up_reg[17]/Q'. (LINT-34)
Warning: In design 'topfft', three-state bus 'u_topfft_in_a_sat0/blqII1_to_m_up[18]' has non three-state driver 'u_topfft_in_a_sat0/Blq_BFII_1/Butterfly/BFOut_up_reg[18]/Q'. (LINT-34)
Warning: In design 'topfft', three-state bus 'u_topfft_in_a_sat0/blqII1_to_m_up[19]' has non three-state driver 'u_topfft_in_a_sat0/Blq_BFII_1/Butterfly/BFOut_up_reg[19]/Q'. (LINT-34)
Warning: In design 'topfft', three-state bus 'u_topfft_in_a_sat0/blqII1_to_m_up[20]' has non three-state driver 'u_topfft_in_a_sat0/Blq_BFII_1/Butterfly/BFOut_up_reg[20]/Q'. (LINT-34)
Warning: In design 'topfft', three-state bus 'u_topfft_in_a_sat0/blqII1_to_m_up[21]' has non three-state driver 'u_topfft_in_a_sat0/Blq_BFII_1/Butterfly/BFOut_up_reg[21]/Q'. (LINT-34)
Warning: In design 'topfft', three-state bus 'u_topfft_in_a_sat0/blqII1_to_m_up[22]' has non three-state driver 'u_topfft_in_a_sat0/Blq_BFII_1/Butterfly/BFOut_up_reg[22]/Q'. (LINT-34)
Warning: In design 'topfft', three-state bus 'u_topfft_in_a_sat0/blqII1_to_m_up[23]' has non three-state driver 'u_topfft_in_a_sat0/Blq_BFII_1/Butterfly/BFOut_up_reg[23]/Q'. (LINT-34)
Warning: In design 'topfft', three-state bus 'u_topfft_sat0_a_sat1/_5_net_' has non three-state driver 'u_topfft_sat0_a_sat1/I_6/Z'. (LINT-34)
Warning: In design 'topfft', three-state bus 'u_topfft_sat0_a_sat1/_4_net_' has non three-state driver 'u_topfft_sat0_a_sat1/I_5/Z'. (LINT-34)
Warning: In design 'topfft', three-state bus 'u_topfft_sat0_a_sat1/_3_net_' has non three-state driver 'u_topfft_sat0_a_sat1/I_4/Z'. (LINT-34)
Warning: In design 'topfft', three-state bus 'u_topfft_sat0_a_sat1/_2_net_' has non three-state driver 'u_topfft_sat0_a_sat1/I_3/Z'. (LINT-34)
Warning: In design 'topfft', three-state bus 'u_topfft_sat1_a_sat2/Blq_BFV_1/BlqOut_down[0]' has non three-state driver 'u_topfft_sat1_a_sat2/Blq_BFV_1/Butterfly/BFOut_down_reg[0]/Q'. (LINT-34)
Warning: In design 'topfft', three-state bus 'u_topfft_sat1_a_sat2/Blq_BFV_1/BlqOut_down[1]' has non three-state driver 'u_topfft_sat1_a_sat2/Blq_BFV_1/Butterfly/BFOut_down_reg[1]/Q'. (LINT-34)
Warning: In design 'topfft', three-state bus 'u_topfft_sat1_a_sat2/Blq_BFV_1/BlqOut_down[2]' has non three-state driver 'u_topfft_sat1_a_sat2/Blq_BFV_1/Butterfly/BFOut_down_reg[2]/Q'. (LINT-34)
Warning: In design 'topfft', three-state bus 'u_topfft_sat1_a_sat2/Blq_BFV_1/BlqOut_down[3]' has non three-state driver 'u_topfft_sat1_a_sat2/Blq_BFV_1/Butterfly/BFOut_down_reg[3]/Q'. (LINT-34)
Warning: In design 'topfft', three-state bus 'u_topfft_sat1_a_sat2/Blq_BFV_1/BlqOut_down[4]' has non three-state driver 'u_topfft_sat1_a_sat2/Blq_BFV_1/Butterfly/BFOut_down_reg[4]/Q'. (LINT-34)
Warning: In design 'topfft', three-state bus 'u_topfft_sat1_a_sat2/Blq_BFV_1/BlqOut_down[5]' has non three-state driver 'u_topfft_sat1_a_sat2/Blq_BFV_1/Butterfly/BFOut_down_reg[5]/Q'. (LINT-34)
Warning: In design 'topfft', three-state bus 'u_topfft_sat1_a_sat2/Blq_BFV_1/BlqOut_down[6]' has non three-state driver 'u_topfft_sat1_a_sat2/Blq_BFV_1/Butterfly/BFOut_down_reg[6]/Q'. (LINT-34)
Warning: In design 'topfft', three-state bus 'u_topfft_sat1_a_sat2/Blq_BFV_1/BlqOut_down[7]' has non three-state driver 'u_topfft_sat1_a_sat2/Blq_BFV_1/Butterfly/BFOut_down_reg[7]/Q'. (LINT-34)
Warning: In design 'topfft', three-state bus 'u_topfft_sat1_a_sat2/Blq_BFV_1/BlqOut_down[8]' has non three-state driver 'u_topfft_sat1_a_sat2/Blq_BFV_1/Butterfly/BFOut_down_reg[8]/Q'. (LINT-34)
Warning: In design 'topfft', three-state bus 'u_topfft_sat1_a_sat2/Blq_BFV_1/BlqOut_down[9]' has non three-state driver 'u_topfft_sat1_a_sat2/Blq_BFV_1/Butterfly/BFOut_down_reg[9]/Q'. (LINT-34)
Warning: In design 'topfft', three-state bus 'u_topfft_sat1_a_sat2/Blq_BFV_1/BlqOut_down[10]' has non three-state driver 'u_topfft_sat1_a_sat2/Blq_BFV_1/Butterfly/BFOut_down_reg[10]/Q'. (LINT-34)
Warning: In design 'topfft', three-state bus 'u_topfft_sat1_a_sat2/Blq_BFV_1/BlqOut_down[11]' has non three-state driver 'u_topfft_sat1_a_sat2/Blq_BFV_1/Butterfly/BFOut_down_reg[11]/Q'. (LINT-34)
Warning: In design 'topfft', three-state bus 'u_topfft_sat1_a_sat2/Blq_BFV_1/BlqOut_down[12]' has non three-state driver 'u_topfft_sat1_a_sat2/Blq_BFV_1/Butterfly/BFOut_down_reg[12]/Q'. (LINT-34)
Warning: In design 'topfft', three-state bus 'u_topfft_sat1_a_sat2/Blq_BFV_1/BlqOut_down[13]' has non three-state driver 'u_topfft_sat1_a_sat2/Blq_BFV_1/Butterfly/BFOut_down_reg[13]/Q'. (LINT-34)
Warning: In design 'topfft', three-state bus 'u_topfft_sat1_a_sat2/Blq_BFV_1/BlqOut_down[14]' has non three-state driver 'u_topfft_sat1_a_sat2/Blq_BFV_1/Butterfly/BFOut_down_reg[14]/Q'. (LINT-34)
Warning: In design 'topfft', three-state bus 'u_topfft_sat1_a_sat2/Blq_BFV_1/BlqOut_down[15]' has non three-state driver 'u_topfft_sat1_a_sat2/Blq_BFV_1/Butterfly/BFOut_down_reg[15]/Q'. (LINT-34)
Warning: In design 'topfft', three-state bus 'u_topfft_sat1_a_sat2/Blq_BFV_1/BlqOut_down[16]' has non three-state driver 'u_topfft_sat1_a_sat2/Blq_BFV_1/Butterfly/BFOut_down_reg[16]/Q'. (LINT-34)
Warning: In design 'topfft', three-state bus 'u_topfft_sat1_a_sat2/Blq_BFV_1/BlqOut_down[17]' has non three-state driver 'u_topfft_sat1_a_sat2/Blq_BFV_1/Butterfly/BFOut_down_reg[17]/Q'. (LINT-34)
Warning: In design 'topfft', three-state bus 'u_topfft_sat1_a_sat2/Blq_BFV_1/BlqOut_down[18]' has non three-state driver 'u_topfft_sat1_a_sat2/Blq_BFV_1/Butterfly/BFOut_down_reg[18]/Q'. (LINT-34)
Warning: In design 'topfft', three-state bus 'u_topfft_sat1_a_sat2/Blq_BFV_1/BlqOut_down[19]' has non three-state driver 'u_topfft_sat1_a_sat2/Blq_BFV_1/Butterfly/BFOut_down_reg[19]/Q'. (LINT-34)
Warning: In design 'topfft', three-state bus 'u_topfft_sat1_a_sat2/Blq_BFV_1/BlqOut_down[20]' has non three-state driver 'u_topfft_sat1_a_sat2/Blq_BFV_1/Butterfly/BFOut_down_reg[20]/Q'. (LINT-34)
Warning: In design 'topfft', three-state bus 'u_topfft_sat1_a_sat2/Blq_BFV_1/BlqOut_down[21]' has non three-state driver 'u_topfft_sat1_a_sat2/Blq_BFV_1/Butterfly/BFOut_down_reg[21]/Q'. (LINT-34)
Warning: In design 'topfft', three-state bus 'u_topfft_sat1_a_sat2/Blq_BFV_1/BlqOut_down[22]' has non three-state driver 'u_topfft_sat1_a_sat2/Blq_BFV_1/Butterfly/BFOut_down_reg[22]/Q'. (LINT-34)
Warning: In design 'topfft', three-state bus 'u_topfft_sat1_a_sat2/Blq_BFV_1/BlqOut_down[23]' has non three-state driver 'u_topfft_sat1_a_sat2/Blq_BFV_1/Butterfly/BFOut_down_reg[23]/Q'. (LINT-34)
Warning: In design 'topfft', three-state bus 'u_topfft_sat1_a_sat2/Blq_BFV_1/BlqOut_down[24]' has non three-state driver 'u_topfft_sat1_a_sat2/Blq_BFV_1/Butterfly/BFOut_down_reg[24]/Q'. (LINT-34)
Warning: In design 'topfft', three-state bus 'u_topfft_sat1_a_sat2/Blq_BFV_1/BlqOut_down[25]' has non three-state driver 'u_topfft_sat1_a_sat2/Blq_BFV_1/Butterfly/BFOut_down_reg[25]/Q'. (LINT-34)
Warning: In design 'topfft', three-state bus 'u_topfft_sat1_a_sat2/Blq_BFV_1/BlqOut_down[26]' has non three-state driver 'u_topfft_sat1_a_sat2/Blq_BFV_1/Butterfly/BFOut_down_reg[26]/Q'. (LINT-34)
Warning: In design 'topfft', three-state bus 'u_topfft_sat1_a_sat2/Blq_BFV_1/BlqOut_down[27]' has non three-state driver 'u_topfft_sat1_a_sat2/Blq_BFV_1/Butterfly/BFOut_down_reg[27]/Q'. (LINT-34)
Warning: In design 'topfft', three-state bus 'u_topfft_sat1_a_sat2/Blq_BFV_1/BlqOut_down[28]' has non three-state driver 'u_topfft_sat1_a_sat2/Blq_BFV_1/Butterfly/BFOut_down_reg[28]/Q'. (LINT-34)
Warning: In design 'topfft', three-state bus 'u_topfft_sat1_a_sat2/Blq_BFV_1/BlqOut_down[29]' has non three-state driver 'u_topfft_sat1_a_sat2/Blq_BFV_1/Butterfly/BFOut_down_reg[29]/Q'. (LINT-34)
Warning: In design 'topfft', three-state bus 'u_topfft_sat1_a_sat2/Blq_BFV_1/BlqOut_down[30]' has non three-state driver 'u_topfft_sat1_a_sat2/Blq_BFV_1/Butterfly/BFOut_down_reg[30]/Q'. (LINT-34)
Warning: In design 'topfft', three-state bus 'u_topfft_sat1_a_sat2/Blq_BFV_1/BlqOut_down[31]' has non three-state driver 'u_topfft_sat1_a_sat2/Blq_BFV_1/Butterfly/BFOut_down_reg[31]/Q'. (LINT-34)
Warning: In design 'topfft', three-state bus 'u_topfft_sat1_a_sat2/Blq_BFV_1/BlqOut_down[32]' has non three-state driver 'u_topfft_sat1_a_sat2/Blq_BFV_1/Butterfly/BFOut_down_reg[32]/Q'. (LINT-34)
Warning: In design 'topfft', three-state bus 'u_topfft_sat1_a_sat2/Blq_BFV_1/BlqOut_down[33]' has non three-state driver 'u_topfft_sat1_a_sat2/Blq_BFV_1/Butterfly/BFOut_down_reg[33]/Q'. (LINT-34)
Warning: In design 'topfft', three-state bus 'u_topfft_sat1_a_sat2/Blq_BFV_1/BlqOut_down[34]' has non three-state driver 'u_topfft_sat1_a_sat2/Blq_BFV_1/Butterfly/BFOut_down_reg[34]/Q'. (LINT-34)
Warning: In design 'topfft', three-state bus 'u_topfft_sat1_a_sat2/Blq_BFV_1/BlqOut_down[35]' has non three-state driver 'u_topfft_sat1_a_sat2/Blq_BFV_1/Butterfly/BFOut_down_reg[35]/Q'. (LINT-34)
Warning: In design 'topfft', three-state bus 'u_topfft_sat1_a_sat2/Blq_BFV_1/BlqOut_down[36]' has non three-state driver 'u_topfft_sat1_a_sat2/Blq_BFV_1/Butterfly/BFOut_down_reg[36]/Q'. (LINT-34)
Warning: In design 'topfft', three-state bus 'u_topfft_sat1_a_sat2/Blq_BFV_1/BlqOut_down[37]' has non three-state driver 'u_topfft_sat1_a_sat2/Blq_BFV_1/Butterfly/BFOut_down_reg[37]/Q'. (LINT-34)
Warning: In design 'topfft', three-state bus 'u_topfft_sat1_a_sat2/Blq_BFV_1/BlqOut_down[38]' has non three-state driver 'u_topfft_sat1_a_sat2/Blq_BFV_1/Butterfly/BFOut_down_reg[38]/Q'. (LINT-34)
Warning: In design 'topfft', three-state bus 'u_topfft_sat1_a_sat2/Blq_BFV_1/BlqOut_down[39]' has non three-state driver 'u_topfft_sat1_a_sat2/Blq_BFV_1/Butterfly/BFOut_down_reg[39]/Q'. (LINT-34)
Warning: In design 'topfft', three-state bus 'u_topfft_sat1_a_sat2/Blq_BFV_1/BlqOut_up[0]' has non three-state driver 'u_topfft_sat1_a_sat2/Blq_BFV_1/Butterfly/BFOut_up_reg[0]/Q'. (LINT-34)
Warning: In design 'topfft', three-state bus 'u_topfft_sat1_a_sat2/Blq_BFV_1/BlqOut_up[1]' has non three-state driver 'u_topfft_sat1_a_sat2/Blq_BFV_1/Butterfly/BFOut_up_reg[1]/Q'. (LINT-34)
Warning: In design 'topfft', three-state bus 'u_topfft_sat1_a_sat2/Blq_BFV_1/BlqOut_up[2]' has non three-state driver 'u_topfft_sat1_a_sat2/Blq_BFV_1/Butterfly/BFOut_up_reg[2]/Q'. (LINT-34)
Warning: In design 'topfft', three-state bus 'u_topfft_sat1_a_sat2/Blq_BFV_1/BlqOut_up[3]' has non three-state driver 'u_topfft_sat1_a_sat2/Blq_BFV_1/Butterfly/BFOut_up_reg[3]/Q'. (LINT-34)
Warning: In design 'topfft', three-state bus 'u_topfft_sat1_a_sat2/Blq_BFV_1/BlqOut_up[4]' has non three-state driver 'u_topfft_sat1_a_sat2/Blq_BFV_1/Butterfly/BFOut_up_reg[4]/Q'. (LINT-34)
Warning: In design 'topfft', three-state bus 'u_topfft_sat1_a_sat2/Blq_BFV_1/BlqOut_up[5]' has non three-state driver 'u_topfft_sat1_a_sat2/Blq_BFV_1/Butterfly/BFOut_up_reg[5]/Q'. (LINT-34)
Warning: In design 'topfft', three-state bus 'u_topfft_sat1_a_sat2/Blq_BFV_1/BlqOut_up[6]' has non three-state driver 'u_topfft_sat1_a_sat2/Blq_BFV_1/Butterfly/BFOut_up_reg[6]/Q'. (LINT-34)
Warning: In design 'topfft', three-state bus 'u_topfft_sat1_a_sat2/Blq_BFV_1/BlqOut_up[7]' has non three-state driver 'u_topfft_sat1_a_sat2/Blq_BFV_1/Butterfly/BFOut_up_reg[7]/Q'. (LINT-34)
Warning: In design 'topfft', three-state bus 'u_topfft_sat1_a_sat2/Blq_BFV_1/BlqOut_up[8]' has non three-state driver 'u_topfft_sat1_a_sat2/Blq_BFV_1/Butterfly/BFOut_up_reg[8]/Q'. (LINT-34)
Warning: In design 'topfft', three-state bus 'u_topfft_sat1_a_sat2/Blq_BFV_1/BlqOut_up[9]' has non three-state driver 'u_topfft_sat1_a_sat2/Blq_BFV_1/Butterfly/BFOut_up_reg[9]/Q'. (LINT-34)
Warning: In design 'topfft', three-state bus 'u_topfft_sat1_a_sat2/Blq_BFV_1/BlqOut_up[10]' has non three-state driver 'u_topfft_sat1_a_sat2/Blq_BFV_1/Butterfly/BFOut_up_reg[10]/Q'. (LINT-34)
Warning: In design 'topfft', three-state bus 'u_topfft_sat1_a_sat2/Blq_BFV_1/BlqOut_up[11]' has non three-state driver 'u_topfft_sat1_a_sat2/Blq_BFV_1/Butterfly/BFOut_up_reg[11]/Q'. (LINT-34)
Warning: In design 'topfft', three-state bus 'u_topfft_sat1_a_sat2/Blq_BFV_1/BlqOut_up[12]' has non three-state driver 'u_topfft_sat1_a_sat2/Blq_BFV_1/Butterfly/BFOut_up_reg[12]/Q'. (LINT-34)
Warning: In design 'topfft', three-state bus 'u_topfft_sat1_a_sat2/Blq_BFV_1/BlqOut_up[13]' has non three-state driver 'u_topfft_sat1_a_sat2/Blq_BFV_1/Butterfly/BFOut_up_reg[13]/Q'. (LINT-34)
Warning: In design 'topfft', three-state bus 'u_topfft_sat1_a_sat2/Blq_BFV_1/BlqOut_up[14]' has non three-state driver 'u_topfft_sat1_a_sat2/Blq_BFV_1/Butterfly/BFOut_up_reg[14]/Q'. (LINT-34)
Warning: In design 'topfft', three-state bus 'u_topfft_sat1_a_sat2/Blq_BFV_1/BlqOut_up[15]' has non three-state driver 'u_topfft_sat1_a_sat2/Blq_BFV_1/Butterfly/BFOut_up_reg[15]/Q'. (LINT-34)
Warning: In design 'topfft', three-state bus 'u_topfft_sat1_a_sat2/Blq_BFV_1/BlqOut_up[16]' has non three-state driver 'u_topfft_sat1_a_sat2/Blq_BFV_1/Butterfly/BFOut_up_reg[16]/Q'. (LINT-34)
Warning: In design 'topfft', three-state bus 'u_topfft_sat1_a_sat2/Blq_BFV_1/BlqOut_up[17]' has non three-state driver 'u_topfft_sat1_a_sat2/Blq_BFV_1/Butterfly/BFOut_up_reg[17]/Q'. (LINT-34)
Warning: In design 'topfft', three-state bus 'u_topfft_sat1_a_sat2/Blq_BFV_1/BlqOut_up[18]' has non three-state driver 'u_topfft_sat1_a_sat2/Blq_BFV_1/Butterfly/BFOut_up_reg[18]/Q'. (LINT-34)
Warning: In design 'topfft', three-state bus 'u_topfft_sat1_a_sat2/Blq_BFV_1/BlqOut_up[19]' has non three-state driver 'u_topfft_sat1_a_sat2/Blq_BFV_1/Butterfly/BFOut_up_reg[19]/Q'. (LINT-34)
Warning: In design 'topfft', three-state bus 'u_topfft_sat1_a_sat2/Blq_BFV_1/BlqOut_up[20]' has non three-state driver 'u_topfft_sat1_a_sat2/Blq_BFV_1/Butterfly/BFOut_up_reg[20]/Q'. (LINT-34)
Warning: In design 'topfft', three-state bus 'u_topfft_sat1_a_sat2/Blq_BFV_1/BlqOut_up[21]' has non three-state driver 'u_topfft_sat1_a_sat2/Blq_BFV_1/Butterfly/BFOut_up_reg[21]/Q'. (LINT-34)
Warning: In design 'topfft', three-state bus 'u_topfft_sat1_a_sat2/Blq_BFV_1/BlqOut_up[22]' has non three-state driver 'u_topfft_sat1_a_sat2/Blq_BFV_1/Butterfly/BFOut_up_reg[22]/Q'. (LINT-34)
Warning: In design 'topfft', three-state bus 'u_topfft_sat1_a_sat2/Blq_BFV_1/BlqOut_up[23]' has non three-state driver 'u_topfft_sat1_a_sat2/Blq_BFV_1/Butterfly/BFOut_up_reg[23]/Q'. (LINT-34)
Warning: In design 'topfft', three-state bus 'u_topfft_sat1_a_sat2/Blq_BFV_1/BlqOut_up[24]' has non three-state driver 'u_topfft_sat1_a_sat2/Blq_BFV_1/Butterfly/BFOut_up_reg[24]/Q'. (LINT-34)
Warning: In design 'topfft', three-state bus 'u_topfft_sat1_a_sat2/Blq_BFV_1/BlqOut_up[25]' has non three-state driver 'u_topfft_sat1_a_sat2/Blq_BFV_1/Butterfly/BFOut_up_reg[25]/Q'. (LINT-34)
Warning: In design 'topfft', three-state bus 'u_topfft_sat1_a_sat2/Blq_BFV_1/BlqOut_up[26]' has non three-state driver 'u_topfft_sat1_a_sat2/Blq_BFV_1/Butterfly/BFOut_up_reg[26]/Q'. (LINT-34)
Warning: In design 'topfft', three-state bus 'u_topfft_sat1_a_sat2/Blq_BFV_1/BlqOut_up[27]' has non three-state driver 'u_topfft_sat1_a_sat2/Blq_BFV_1/Butterfly/BFOut_up_reg[27]/Q'. (LINT-34)
Warning: In design 'topfft', three-state bus 'u_topfft_sat1_a_sat2/Blq_BFV_1/BlqOut_up[28]' has non three-state driver 'u_topfft_sat1_a_sat2/Blq_BFV_1/Butterfly/BFOut_up_reg[28]/Q'. (LINT-34)
Warning: In design 'topfft', three-state bus 'u_topfft_sat1_a_sat2/Blq_BFV_1/BlqOut_up[29]' has non three-state driver 'u_topfft_sat1_a_sat2/Blq_BFV_1/Butterfly/BFOut_up_reg[29]/Q'. (LINT-34)
Warning: In design 'topfft', three-state bus 'u_topfft_sat1_a_sat2/Blq_BFV_1/BlqOut_up[30]' has non three-state driver 'u_topfft_sat1_a_sat2/Blq_BFV_1/Butterfly/BFOut_up_reg[30]/Q'. (LINT-34)
Warning: In design 'topfft', three-state bus 'u_topfft_sat1_a_sat2/Blq_BFV_1/BlqOut_up[31]' has non three-state driver 'u_topfft_sat1_a_sat2/Blq_BFV_1/Butterfly/BFOut_up_reg[31]/Q'. (LINT-34)
Warning: In design 'topfft', three-state bus 'u_topfft_sat1_a_sat2/Blq_BFV_1/BlqOut_up[32]' has non three-state driver 'u_topfft_sat1_a_sat2/Blq_BFV_1/Butterfly/BFOut_up_reg[32]/Q'. (LINT-34)
Warning: In design 'topfft', three-state bus 'u_topfft_sat1_a_sat2/Blq_BFV_1/BlqOut_up[33]' has non three-state driver 'u_topfft_sat1_a_sat2/Blq_BFV_1/Butterfly/BFOut_up_reg[33]/Q'. (LINT-34)
Warning: In design 'topfft', three-state bus 'u_topfft_sat1_a_sat2/Blq_BFV_1/BlqOut_up[34]' has non three-state driver 'u_topfft_sat1_a_sat2/Blq_BFV_1/Butterfly/BFOut_up_reg[34]/Q'. (LINT-34)
Warning: In design 'topfft', three-state bus 'u_topfft_sat1_a_sat2/Blq_BFV_1/BlqOut_up[35]' has non three-state driver 'u_topfft_sat1_a_sat2/Blq_BFV_1/Butterfly/BFOut_up_reg[35]/Q'. (LINT-34)
Warning: In design 'topfft', three-state bus 'u_topfft_sat1_a_sat2/Blq_BFV_1/BlqOut_up[36]' has non three-state driver 'u_topfft_sat1_a_sat2/Blq_BFV_1/Butterfly/BFOut_up_reg[36]/Q'. (LINT-34)
Warning: In design 'topfft', three-state bus 'u_topfft_sat1_a_sat2/Blq_BFV_1/BlqOut_up[37]' has non three-state driver 'u_topfft_sat1_a_sat2/Blq_BFV_1/Butterfly/BFOut_up_reg[37]/Q'. (LINT-34)
Warning: In design 'topfft', three-state bus 'u_topfft_sat1_a_sat2/Blq_BFV_1/BlqOut_up[38]' has non three-state driver 'u_topfft_sat1_a_sat2/Blq_BFV_1/Butterfly/BFOut_up_reg[38]/Q'. (LINT-34)
Warning: In design 'topfft', three-state bus 'u_topfft_sat1_a_sat2/Blq_BFV_1/BlqOut_up[39]' has non three-state driver 'u_topfft_sat1_a_sat2/Blq_BFV_1/Butterfly/BFOut_up_reg[39]/Q'. (LINT-34)
Warning: In design 'topfft', three-state bus 'u_topfft_sat1_a_sat2/_8_net_' has non three-state driver 'u_topfft_sat1_a_sat2/I_10/Z'. (LINT-34)
Warning: In design 'topfft', three-state bus 'u_topfft_sat1_a_sat2/_7_net_' has non three-state driver 'u_topfft_sat1_a_sat2/I_9/Z'. (LINT-34)
Warning: In design 'topfft', three-state bus 'u_topfft_sat1_a_sat2/_6_net_' has non three-state driver 'u_topfft_sat1_a_sat2/I_8/Z'. (LINT-34)
Warning: In design 'topfft', three-state bus 'u_topfft_sat1_a_sat2/_5_net_' has non three-state driver 'u_topfft_sat1_a_sat2/I_7/Z'. (LINT-34)
Warning: In design 'topfft', three-state bus 'u_topfft_sat1_a_sat2/_2_net_' has non three-state driver 'u_topfft_sat1_a_sat2/I_3/Z'. (LINT-34)
Warning: In design 'topfft', three-state bus 'u_topfft_sat1_a_sat2/blqV_0_a_m_down[0]' has non three-state driver 'u_topfft_sat1_a_sat2/Blq_BFV_0/Butterfly/BFOut_down_reg[0]/Q'. (LINT-34)
Warning: In design 'topfft', three-state bus 'u_topfft_sat1_a_sat2/blqV_0_a_m_down[1]' has non three-state driver 'u_topfft_sat1_a_sat2/Blq_BFV_0/Butterfly/BFOut_down_reg[1]/Q'. (LINT-34)
Warning: In design 'topfft', three-state bus 'u_topfft_sat1_a_sat2/blqV_0_a_m_down[2]' has non three-state driver 'u_topfft_sat1_a_sat2/Blq_BFV_0/Butterfly/BFOut_down_reg[2]/Q'. (LINT-34)
Warning: In design 'topfft', three-state bus 'u_topfft_sat1_a_sat2/blqV_0_a_m_down[3]' has non three-state driver 'u_topfft_sat1_a_sat2/Blq_BFV_0/Butterfly/BFOut_down_reg[3]/Q'. (LINT-34)
Warning: In design 'topfft', three-state bus 'u_topfft_sat1_a_sat2/blqV_0_a_m_down[4]' has non three-state driver 'u_topfft_sat1_a_sat2/Blq_BFV_0/Butterfly/BFOut_down_reg[4]/Q'. (LINT-34)
Warning: In design 'topfft', three-state bus 'u_topfft_sat1_a_sat2/blqV_0_a_m_down[5]' has non three-state driver 'u_topfft_sat1_a_sat2/Blq_BFV_0/Butterfly/BFOut_down_reg[5]/Q'. (LINT-34)
Warning: In design 'topfft', three-state bus 'u_topfft_sat1_a_sat2/blqV_0_a_m_down[6]' has non three-state driver 'u_topfft_sat1_a_sat2/Blq_BFV_0/Butterfly/BFOut_down_reg[6]/Q'. (LINT-34)
Warning: In design 'topfft', three-state bus 'u_topfft_sat1_a_sat2/blqV_0_a_m_down[7]' has non three-state driver 'u_topfft_sat1_a_sat2/Blq_BFV_0/Butterfly/BFOut_down_reg[7]/Q'. (LINT-34)
Warning: In design 'topfft', three-state bus 'u_topfft_sat1_a_sat2/blqV_0_a_m_down[8]' has non three-state driver 'u_topfft_sat1_a_sat2/Blq_BFV_0/Butterfly/BFOut_down_reg[8]/Q'. (LINT-34)
Warning: In design 'topfft', three-state bus 'u_topfft_sat1_a_sat2/blqV_0_a_m_down[9]' has non three-state driver 'u_topfft_sat1_a_sat2/Blq_BFV_0/Butterfly/BFOut_down_reg[9]/Q'. (LINT-34)
Warning: In design 'topfft', three-state bus 'u_topfft_sat1_a_sat2/blqV_0_a_m_down[10]' has non three-state driver 'u_topfft_sat1_a_sat2/Blq_BFV_0/Butterfly/BFOut_down_reg[10]/Q'. (LINT-34)
Warning: In design 'topfft', three-state bus 'u_topfft_sat1_a_sat2/blqV_0_a_m_down[11]' has non three-state driver 'u_topfft_sat1_a_sat2/Blq_BFV_0/Butterfly/BFOut_down_reg[11]/Q'. (LINT-34)
Warning: In design 'topfft', three-state bus 'u_topfft_sat1_a_sat2/blqV_0_a_m_down[12]' has non three-state driver 'u_topfft_sat1_a_sat2/Blq_BFV_0/Butterfly/BFOut_down_reg[12]/Q'. (LINT-34)
Warning: In design 'topfft', three-state bus 'u_topfft_sat1_a_sat2/blqV_0_a_m_down[13]' has non three-state driver 'u_topfft_sat1_a_sat2/Blq_BFV_0/Butterfly/BFOut_down_reg[13]/Q'. (LINT-34)
Warning: In design 'topfft', three-state bus 'u_topfft_sat1_a_sat2/blqV_0_a_m_down[14]' has non three-state driver 'u_topfft_sat1_a_sat2/Blq_BFV_0/Butterfly/BFOut_down_reg[14]/Q'. (LINT-34)
Warning: In design 'topfft', three-state bus 'u_topfft_sat1_a_sat2/blqV_0_a_m_down[15]' has non three-state driver 'u_topfft_sat1_a_sat2/Blq_BFV_0/Butterfly/BFOut_down_reg[15]/Q'. (LINT-34)
Warning: In design 'topfft', three-state bus 'u_topfft_sat1_a_sat2/blqV_0_a_m_down[16]' has non three-state driver 'u_topfft_sat1_a_sat2/Blq_BFV_0/Butterfly/BFOut_down_reg[16]/Q'. (LINT-34)
Warning: In design 'topfft', three-state bus 'u_topfft_sat1_a_sat2/blqV_0_a_m_down[17]' has non three-state driver 'u_topfft_sat1_a_sat2/Blq_BFV_0/Butterfly/BFOut_down_reg[17]/Q'. (LINT-34)
Warning: In design 'topfft', three-state bus 'u_topfft_sat1_a_sat2/blqV_0_a_m_down[18]' has non three-state driver 'u_topfft_sat1_a_sat2/Blq_BFV_0/Butterfly/BFOut_down_reg[18]/Q'. (LINT-34)
Warning: In design 'topfft', three-state bus 'u_topfft_sat1_a_sat2/blqV_0_a_m_down[19]' has non three-state driver 'u_topfft_sat1_a_sat2/Blq_BFV_0/Butterfly/BFOut_down_reg[19]/Q'. (LINT-34)
Warning: In design 'topfft', three-state bus 'u_topfft_sat1_a_sat2/blqV_0_a_m_down[20]' has non three-state driver 'u_topfft_sat1_a_sat2/Blq_BFV_0/Butterfly/BFOut_down_reg[20]/Q'. (LINT-34)
Warning: In design 'topfft', three-state bus 'u_topfft_sat1_a_sat2/blqV_0_a_m_down[21]' has non three-state driver 'u_topfft_sat1_a_sat2/Blq_BFV_0/Butterfly/BFOut_down_reg[21]/Q'. (LINT-34)
Warning: In design 'topfft', three-state bus 'u_topfft_sat1_a_sat2/blqV_0_a_m_down[22]' has non three-state driver 'u_topfft_sat1_a_sat2/Blq_BFV_0/Butterfly/BFOut_down_reg[22]/Q'. (LINT-34)
Warning: In design 'topfft', three-state bus 'u_topfft_sat1_a_sat2/blqV_0_a_m_down[23]' has non three-state driver 'u_topfft_sat1_a_sat2/Blq_BFV_0/Butterfly/BFOut_down_reg[23]/Q'. (LINT-34)
Warning: In design 'topfft', three-state bus 'u_topfft_sat1_a_sat2/blqV_0_a_m_down[24]' has non three-state driver 'u_topfft_sat1_a_sat2/Blq_BFV_0/Butterfly/BFOut_down_reg[24]/Q'. (LINT-34)
Warning: In design 'topfft', three-state bus 'u_topfft_sat1_a_sat2/blqV_0_a_m_down[25]' has non three-state driver 'u_topfft_sat1_a_sat2/Blq_BFV_0/Butterfly/BFOut_down_reg[25]/Q'. (LINT-34)
Warning: In design 'topfft', three-state bus 'u_topfft_sat1_a_sat2/blqV_0_a_m_down[26]' has non three-state driver 'u_topfft_sat1_a_sat2/Blq_BFV_0/Butterfly/BFOut_down_reg[26]/Q'. (LINT-34)
Warning: In design 'topfft', three-state bus 'u_topfft_sat1_a_sat2/blqV_0_a_m_down[27]' has non three-state driver 'u_topfft_sat1_a_sat2/Blq_BFV_0/Butterfly/BFOut_down_reg[27]/Q'. (LINT-34)
Warning: In design 'topfft', three-state bus 'u_topfft_sat1_a_sat2/blqV_0_a_m_down[28]' has non three-state driver 'u_topfft_sat1_a_sat2/Blq_BFV_0/Butterfly/BFOut_down_reg[28]/Q'. (LINT-34)
Warning: In design 'topfft', three-state bus 'u_topfft_sat1_a_sat2/blqV_0_a_m_down[29]' has non three-state driver 'u_topfft_sat1_a_sat2/Blq_BFV_0/Butterfly/BFOut_down_reg[29]/Q'. (LINT-34)
Warning: In design 'topfft', three-state bus 'u_topfft_sat1_a_sat2/blqV_0_a_m_down[30]' has non three-state driver 'u_topfft_sat1_a_sat2/Blq_BFV_0/Butterfly/BFOut_down_reg[30]/Q'. (LINT-34)
Warning: In design 'topfft', three-state bus 'u_topfft_sat1_a_sat2/blqV_0_a_m_down[31]' has non three-state driver 'u_topfft_sat1_a_sat2/Blq_BFV_0/Butterfly/BFOut_down_reg[31]/Q'. (LINT-34)
Warning: In design 'topfft', three-state bus 'u_topfft_sat1_a_sat2/blqV_0_a_m_down[32]' has non three-state driver 'u_topfft_sat1_a_sat2/Blq_BFV_0/Butterfly/BFOut_down_reg[32]/Q'. (LINT-34)
Warning: In design 'topfft', three-state bus 'u_topfft_sat1_a_sat2/blqV_0_a_m_down[33]' has non three-state driver 'u_topfft_sat1_a_sat2/Blq_BFV_0/Butterfly/BFOut_down_reg[33]/Q'. (LINT-34)
Warning: In design 'topfft', three-state bus 'u_topfft_sat1_a_sat2/blqV_0_a_m_down[34]' has non three-state driver 'u_topfft_sat1_a_sat2/Blq_BFV_0/Butterfly/BFOut_down_reg[34]/Q'. (LINT-34)
Warning: In design 'topfft', three-state bus 'u_topfft_sat1_a_sat2/blqV_0_a_m_down[35]' has non three-state driver 'u_topfft_sat1_a_sat2/Blq_BFV_0/Butterfly/BFOut_down_reg[35]/Q'. (LINT-34)
Warning: In design 'topfft', three-state bus 'u_topfft_sat1_a_sat2/blqV_0_a_m_down[36]' has non three-state driver 'u_topfft_sat1_a_sat2/Blq_BFV_0/Butterfly/BFOut_down_reg[36]/Q'. (LINT-34)
Warning: In design 'topfft', three-state bus 'u_topfft_sat1_a_sat2/blqV_0_a_m_down[37]' has non three-state driver 'u_topfft_sat1_a_sat2/Blq_BFV_0/Butterfly/BFOut_down_reg[37]/Q'. (LINT-34)
Warning: In design 'topfft', three-state bus 'u_topfft_sat1_a_sat2/blqV_0_a_m_down[38]' has non three-state driver 'u_topfft_sat1_a_sat2/Blq_BFV_0/Butterfly/BFOut_down_reg[38]/Q'. (LINT-34)
Warning: In design 'topfft', three-state bus 'u_topfft_sat1_a_sat2/blqV_0_a_m_down[39]' has non three-state driver 'u_topfft_sat1_a_sat2/Blq_BFV_0/Butterfly/BFOut_down_reg[39]/Q'. (LINT-34)
Warning: In design 'topfft', three-state bus 'u_topfft_sat1_a_sat2/blqV_0_a_m_up[0]' has non three-state driver 'u_topfft_sat1_a_sat2/Blq_BFV_0/Butterfly/BFOut_up_reg[0]/Q'. (LINT-34)
Warning: In design 'topfft', three-state bus 'u_topfft_sat1_a_sat2/blqV_0_a_m_up[1]' has non three-state driver 'u_topfft_sat1_a_sat2/Blq_BFV_0/Butterfly/BFOut_up_reg[1]/Q'. (LINT-34)
Warning: In design 'topfft', three-state bus 'u_topfft_sat1_a_sat2/blqV_0_a_m_up[2]' has non three-state driver 'u_topfft_sat1_a_sat2/Blq_BFV_0/Butterfly/BFOut_up_reg[2]/Q'. (LINT-34)
Warning: In design 'topfft', three-state bus 'u_topfft_sat1_a_sat2/blqV_0_a_m_up[3]' has non three-state driver 'u_topfft_sat1_a_sat2/Blq_BFV_0/Butterfly/BFOut_up_reg[3]/Q'. (LINT-34)
Warning: In design 'topfft', three-state bus 'u_topfft_sat1_a_sat2/blqV_0_a_m_up[4]' has non three-state driver 'u_topfft_sat1_a_sat2/Blq_BFV_0/Butterfly/BFOut_up_reg[4]/Q'. (LINT-34)
Warning: In design 'topfft', three-state bus 'u_topfft_sat1_a_sat2/blqV_0_a_m_up[5]' has non three-state driver 'u_topfft_sat1_a_sat2/Blq_BFV_0/Butterfly/BFOut_up_reg[5]/Q'. (LINT-34)
Warning: In design 'topfft', three-state bus 'u_topfft_sat1_a_sat2/blqV_0_a_m_up[6]' has non three-state driver 'u_topfft_sat1_a_sat2/Blq_BFV_0/Butterfly/BFOut_up_reg[6]/Q'. (LINT-34)
Warning: In design 'topfft', three-state bus 'u_topfft_sat1_a_sat2/blqV_0_a_m_up[7]' has non three-state driver 'u_topfft_sat1_a_sat2/Blq_BFV_0/Butterfly/BFOut_up_reg[7]/Q'. (LINT-34)
Warning: In design 'topfft', three-state bus 'u_topfft_sat1_a_sat2/blqV_0_a_m_up[8]' has non three-state driver 'u_topfft_sat1_a_sat2/Blq_BFV_0/Butterfly/BFOut_up_reg[8]/Q'. (LINT-34)
Warning: In design 'topfft', three-state bus 'u_topfft_sat1_a_sat2/blqV_0_a_m_up[9]' has non three-state driver 'u_topfft_sat1_a_sat2/Blq_BFV_0/Butterfly/BFOut_up_reg[9]/Q'. (LINT-34)
Warning: In design 'topfft', three-state bus 'u_topfft_sat1_a_sat2/blqV_0_a_m_up[10]' has non three-state driver 'u_topfft_sat1_a_sat2/Blq_BFV_0/Butterfly/BFOut_up_reg[10]/Q'. (LINT-34)
Warning: In design 'topfft', three-state bus 'u_topfft_sat1_a_sat2/blqV_0_a_m_up[11]' has non three-state driver 'u_topfft_sat1_a_sat2/Blq_BFV_0/Butterfly/BFOut_up_reg[11]/Q'. (LINT-34)
Warning: In design 'topfft', three-state bus 'u_topfft_sat1_a_sat2/blqV_0_a_m_up[12]' has non three-state driver 'u_topfft_sat1_a_sat2/Blq_BFV_0/Butterfly/BFOut_up_reg[12]/Q'. (LINT-34)
Warning: In design 'topfft', three-state bus 'u_topfft_sat1_a_sat2/blqV_0_a_m_up[13]' has non three-state driver 'u_topfft_sat1_a_sat2/Blq_BFV_0/Butterfly/BFOut_up_reg[13]/Q'. (LINT-34)
Warning: In design 'topfft', three-state bus 'u_topfft_sat1_a_sat2/blqV_0_a_m_up[14]' has non three-state driver 'u_topfft_sat1_a_sat2/Blq_BFV_0/Butterfly/BFOut_up_reg[14]/Q'. (LINT-34)
Warning: In design 'topfft', three-state bus 'u_topfft_sat1_a_sat2/blqV_0_a_m_up[15]' has non three-state driver 'u_topfft_sat1_a_sat2/Blq_BFV_0/Butterfly/BFOut_up_reg[15]/Q'. (LINT-34)
Warning: In design 'topfft', three-state bus 'u_topfft_sat1_a_sat2/blqV_0_a_m_up[16]' has non three-state driver 'u_topfft_sat1_a_sat2/Blq_BFV_0/Butterfly/BFOut_up_reg[16]/Q'. (LINT-34)
Warning: In design 'topfft', three-state bus 'u_topfft_sat1_a_sat2/blqV_0_a_m_up[17]' has non three-state driver 'u_topfft_sat1_a_sat2/Blq_BFV_0/Butterfly/BFOut_up_reg[17]/Q'. (LINT-34)
Warning: In design 'topfft', three-state bus 'u_topfft_sat1_a_sat2/blqV_0_a_m_up[18]' has non three-state driver 'u_topfft_sat1_a_sat2/Blq_BFV_0/Butterfly/BFOut_up_reg[18]/Q'. (LINT-34)
Warning: In design 'topfft', three-state bus 'u_topfft_sat1_a_sat2/blqV_0_a_m_up[19]' has non three-state driver 'u_topfft_sat1_a_sat2/Blq_BFV_0/Butterfly/BFOut_up_reg[19]/Q'. (LINT-34)
Warning: In design 'topfft', three-state bus 'u_topfft_sat1_a_sat2/blqV_0_a_m_up[20]' has non three-state driver 'u_topfft_sat1_a_sat2/Blq_BFV_0/Butterfly/BFOut_up_reg[20]/Q'. (LINT-34)
Warning: In design 'topfft', three-state bus 'u_topfft_sat1_a_sat2/blqV_0_a_m_up[21]' has non three-state driver 'u_topfft_sat1_a_sat2/Blq_BFV_0/Butterfly/BFOut_up_reg[21]/Q'. (LINT-34)
Warning: In design 'topfft', three-state bus 'u_topfft_sat1_a_sat2/blqV_0_a_m_up[22]' has non three-state driver 'u_topfft_sat1_a_sat2/Blq_BFV_0/Butterfly/BFOut_up_reg[22]/Q'. (LINT-34)
Warning: In design 'topfft', three-state bus 'u_topfft_sat1_a_sat2/blqV_0_a_m_up[23]' has non three-state driver 'u_topfft_sat1_a_sat2/Blq_BFV_0/Butterfly/BFOut_up_reg[23]/Q'. (LINT-34)
Warning: In design 'topfft', three-state bus 'u_topfft_sat1_a_sat2/blqV_0_a_m_up[24]' has non three-state driver 'u_topfft_sat1_a_sat2/Blq_BFV_0/Butterfly/BFOut_up_reg[24]/Q'. (LINT-34)
Warning: In design 'topfft', three-state bus 'u_topfft_sat1_a_sat2/blqV_0_a_m_up[25]' has non three-state driver 'u_topfft_sat1_a_sat2/Blq_BFV_0/Butterfly/BFOut_up_reg[25]/Q'. (LINT-34)
Warning: In design 'topfft', three-state bus 'u_topfft_sat1_a_sat2/blqV_0_a_m_up[26]' has non three-state driver 'u_topfft_sat1_a_sat2/Blq_BFV_0/Butterfly/BFOut_up_reg[26]/Q'. (LINT-34)
Warning: In design 'topfft', three-state bus 'u_topfft_sat1_a_sat2/blqV_0_a_m_up[27]' has non three-state driver 'u_topfft_sat1_a_sat2/Blq_BFV_0/Butterfly/BFOut_up_reg[27]/Q'. (LINT-34)
Warning: In design 'topfft', three-state bus 'u_topfft_sat1_a_sat2/blqV_0_a_m_up[28]' has non three-state driver 'u_topfft_sat1_a_sat2/Blq_BFV_0/Butterfly/BFOut_up_reg[28]/Q'. (LINT-34)
Warning: In design 'topfft', three-state bus 'u_topfft_sat1_a_sat2/blqV_0_a_m_up[29]' has non three-state driver 'u_topfft_sat1_a_sat2/Blq_BFV_0/Butterfly/BFOut_up_reg[29]/Q'. (LINT-34)
Warning: In design 'topfft', three-state bus 'u_topfft_sat1_a_sat2/blqV_0_a_m_up[30]' has non three-state driver 'u_topfft_sat1_a_sat2/Blq_BFV_0/Butterfly/BFOut_up_reg[30]/Q'. (LINT-34)
Warning: In design 'topfft', three-state bus 'u_topfft_sat1_a_sat2/blqV_0_a_m_up[31]' has non three-state driver 'u_topfft_sat1_a_sat2/Blq_BFV_0/Butterfly/BFOut_up_reg[31]/Q'. (LINT-34)
Warning: In design 'topfft', three-state bus 'u_topfft_sat1_a_sat2/blqV_0_a_m_up[32]' has non three-state driver 'u_topfft_sat1_a_sat2/Blq_BFV_0/Butterfly/BFOut_up_reg[32]/Q'. (LINT-34)
Warning: In design 'topfft', three-state bus 'u_topfft_sat1_a_sat2/blqV_0_a_m_up[33]' has non three-state driver 'u_topfft_sat1_a_sat2/Blq_BFV_0/Butterfly/BFOut_up_reg[33]/Q'. (LINT-34)
Warning: In design 'topfft', three-state bus 'u_topfft_sat1_a_sat2/blqV_0_a_m_up[34]' has non three-state driver 'u_topfft_sat1_a_sat2/Blq_BFV_0/Butterfly/BFOut_up_reg[34]/Q'. (LINT-34)
Warning: In design 'topfft', three-state bus 'u_topfft_sat1_a_sat2/blqV_0_a_m_up[35]' has non three-state driver 'u_topfft_sat1_a_sat2/Blq_BFV_0/Butterfly/BFOut_up_reg[35]/Q'. (LINT-34)
Warning: In design 'topfft', three-state bus 'u_topfft_sat1_a_sat2/blqV_0_a_m_up[36]' has non three-state driver 'u_topfft_sat1_a_sat2/Blq_BFV_0/Butterfly/BFOut_up_reg[36]/Q'. (LINT-34)
Warning: In design 'topfft', three-state bus 'u_topfft_sat1_a_sat2/blqV_0_a_m_up[37]' has non three-state driver 'u_topfft_sat1_a_sat2/Blq_BFV_0/Butterfly/BFOut_up_reg[37]/Q'. (LINT-34)
Warning: In design 'topfft', three-state bus 'u_topfft_sat1_a_sat2/blqV_0_a_m_up[38]' has non three-state driver 'u_topfft_sat1_a_sat2/Blq_BFV_0/Butterfly/BFOut_up_reg[38]/Q'. (LINT-34)
Warning: In design 'topfft', three-state bus 'u_topfft_sat1_a_sat2/blqV_0_a_m_up[39]' has non three-state driver 'u_topfft_sat1_a_sat2/Blq_BFV_0/Butterfly/BFOut_up_reg[39]/Q'. (LINT-34)
1
