Warning: Design 'topfft' has '15' unresolved references. For more detailed information, use the "link" command. (UID-341)
 
****************************************
Report : timing
        -path full
        -delay max
        -nets
        -max_paths 1
        -transition_time
Design : topfft
Version: O-2018.06-SP2
Date   : Sun Aug 16 12:43:21 2020
****************************************

 # A fanout number of 1000 was used for high fanout net computations.

Operating Conditions: typical   Library: gscl45nm
Wire Load Model Mode: top

  Startpoint: u_topfft_sat1_a_sat2_Blq_BFVI_1_Butterfly_BFOut_up_reg_33_
              (rising edge-triggered flip-flop clocked by CLK)
  Endpoint: u_topfft_sat1_a_sat2_fftOut1_up_reg_23_
            (rising edge-triggered flip-flop clocked by CLK)
  Path Group: CLK
  Path Type: max

Attributes:
    d - dont_touch
    u - dont_use
   mo - map_only
   so - size_only
    i - ideal_net or ideal_network
  inf - infeasible path

  Point                                       Fanout     Trans      Incr       Path      Attributes
  ---------------------------------------------------------------------------------------------------------
  clock CLK (rise edge)                                             0.00       0.00
  clock network delay (ideal)                                       0.00       0.00
  u_topfft_sat1_a_sat2_Blq_BFVI_1_Butterfly_BFOut_up_reg_33_/CLK (DFFPOSX1)     0.00     0.00 #     0.00 r
  u_topfft_sat1_a_sat2_Blq_BFVI_1_Butterfly_BFOut_up_reg_33_/Q (DFFPOSX1)     0.11     0.17     0.17 f
  u_topfft_sat1_a_sat2_blqVI_1_a_m_up[33] (net)    28               0.00       0.17 f
  U4844/Y (INVX1)                                         0.13      0.12       0.29 r
  n6155 (net)                                  12                   0.00       0.29 r
  U13143/Y (OR2X1)                                        0.02      0.06       0.35 r
  u_topfft_sat1_a_sat2_M5_2_DP_OP_11J8_122_5388_n1701 (net)     1     0.00     0.35 r
  u_topfft_sat1_a_sat2_M5_2_DP_OP_11J8_122_5388_U1402/Y (MUX2X1)     0.07     0.06     0.42 r so 
  u_topfft_sat1_a_sat2_M5_2_DP_OP_11J8_122_5388_n1937 (net)     1     0.00     0.42 r
  U18763/YS (FAX1)                                        0.02      0.09       0.51 f
  n12981 (net)                                  1                   0.00       0.51 f
  U18767/YC (FAX1)                                        0.04      0.09       0.60 f
  n13163 (net)                                  1                   0.00       0.60 f
  U18864/YC (FAX1)                                        0.03      0.09       0.69 f
  n13185 (net)                                  1                   0.00       0.69 f
  U18872/YC (FAX1)                                        0.03      0.09       0.77 f
  n13210 (net)                                  1                   0.00       0.77 f
  U18880/YS (FAX1)                                        0.03      0.08       0.86 r
  n13215 (net)                                  2                   0.00       0.86 r
  U4762/Y (OR2X1)                                         0.02      0.05       0.90 r
  n4742 (net)                                   1                   0.00       0.90 r
  U5339/Y (INVX1)                                         0.01      0.02       0.92 f
  n814 (net)                                    1                   0.00       0.92 f
  U5641/Y (BUFX2)                                         0.00      0.03       0.95 f
  n1255 (net)                                   1                   0.00       0.95 f
  U5639/Y (INVX1)                                         0.00      0.00       0.95 r
  n1253 (net)                                   1                   0.00       0.95 r
  U5640/Y (INVX1)                                         0.02      0.02       0.97 f
  n1254 (net)                                   2                   0.00       0.97 f
  U18881/Y (OAI21X1)                                      0.04      0.04       1.01 r
  n13228 (net)                                  1                   0.00       1.01 r
  U18883/Y (AOI21X1)                                      0.02      0.02       1.03 f
  n13229 (net)                                  1                   0.00       1.03 f
  U7837/Y (INVX1)                                         0.00      0.00       1.03 r
  n2785 (net)                                   1                   0.00       1.03 r
  U7838/Y (INVX1)                                         0.01      0.01       1.05 f
  n2786 (net)                                   1                   0.00       1.05 f
  U6340/Y (OAI21X1)                                       0.05      0.03       1.07 r
  n13453 (net)                                  2                   0.00       1.07 r
  U5268/Y (AOI21X1)                                       0.02      0.04       1.11 f
  n2101 (net)                                   2                   0.00       1.11 f
  U7325/Y (OAI21X1)                                       0.07      0.06       1.17 r
  n13321 (net)                                  2                   0.00       1.17 r
  U18904/Y (AOI21X1)                                      0.02      0.03       1.20 f
  n13325 (net)                                  2                   0.00       1.20 f
  U6338/Y (OAI21X1)                                       0.07      0.06       1.26 r
  n13335 (net)                                  2                   0.00       1.26 r
  U18908/Y (AOI21X1)                                      0.02      0.03       1.30 f
  n13317 (net)                                  2                   0.00       1.30 f
  U6334/Y (OAI21X1)                                       0.07      0.06       1.36 r
  n13350 (net)                                  2                   0.00       1.36 r
  U4692/Y (AND2X1)                                        0.04      0.04       1.40 r
  n13357 (net)                                  2                   0.00       1.40 r
  U4684/Y (AND2X1)                                        0.06      0.06       1.46 r
  n2169 (net)                                   1                   0.00       1.46 r
  U18928/YC (FAX1)                                        0.04      0.07       1.53 r
  n13311 (net)                                  2                   0.00       1.53 r
  U4676/Y (AND2X1)                                        0.03      0.04       1.57 r
  n1505 (net)                                   1                   0.00       1.57 r
  U5271/Y (NOR2X1)                                        0.00      0.02       1.59 f
  n2076 (net)                                   1                   0.00       1.59 f
  U5425/Y (INVX1)                                         0.01      0.02       1.61 r
  n974 (net)                                    1                   0.00       1.61 r
  U18931/YC (FAX1)                                        0.03      0.06       1.67 r
  n13310 (net)                                  1                   0.00       1.67 r
  U6331/Y (XOR2X1)                                        0.05      0.04       1.71 r
  n1498 (net)                                   2                   0.00       1.71 r
  U5354/Y (OR2X2)                                         0.01      0.05       1.76 r
  n2168 (net)                                   1                   0.00       1.76 r
  U5355/Y (INVX1)                                         0.02      0.02       1.78 f
  n835 (net)                                    2                   0.00       1.78 f
  U7280/Y (AND2X2)                                        0.03      0.04       1.82 f
  n13506 (net)                                  1                   0.00       1.82 f
  U7525/Y (INVX2)                                         0.09      0.07       1.89 r
  n4990 (net)                                  20                   0.00       1.89 r
  U4614/Y (AND2X1)                                        0.02      0.03       1.93 r
  n2497 (net)                                   1                   0.00       1.93 r
  U7102/Y (INVX1)                                         0.01      0.02       1.94 f
  n1922 (net)                                   1                   0.00       1.94 f
  u_topfft_sat1_a_sat2_fftOut1_up_reg_23_/D (DFFPOSX1)     0.01     0.00       1.94 f
  data arrival time                                                            1.94

  clock CLK (rise edge)                                             2.00       2.00
  clock network delay (ideal)                                       0.00       2.00
  u_topfft_sat1_a_sat2_fftOut1_up_reg_23_/CLK (DFFPOSX1)            0.00       2.00 r
  library setup time                                               -0.06       1.94
  data required time                                                           1.94
  ---------------------------------------------------------------------------------------------------------
  data required time                                                           1.94
  data arrival time                                                           -1.94
  ---------------------------------------------------------------------------------------------------------
  slack (MET)                                                                  0.00


1
