 
****************************************
check_design summary:
Version:     O-2018.06-SP2
Date:        Tue Oct 22 11:17:00 2019
****************************************

                   Name                                            Total
--------------------------------------------------------------------------------
Inputs/Outputs                                                     83
    Unconnected ports (LINT-28)                                    72
    Shorted outputs (LINT-31)                                       5
    Constant outputs (LINT-52)                                      6

Cells                                                              30
    Cells do not drive (LINT-1)                                    30

Designs                                                            19
    Black box (LINT-55)                                            19
--------------------------------------------------------------------------------

Warning: In design 'coeff0_0_NBITS11_N32', cell 'B_33' does not drive any nets. (LINT-1)
Warning: In design 'coeff0_1_NBITS11_N32', cell 'B_33' does not drive any nets. (LINT-1)
Warning: In design 'contador_N16', cell 'B_1' does not drive any nets. (LINT-1)
Warning: In design 'topD_1_N16', cell 'B_2' does not drive any nets. (LINT-1)
Warning: In design 'coeff1_0_NBITS11_N32', cell 'B_33' does not drive any nets. (LINT-1)
Warning: In design 'coeff1_1_NBITS11_N32', cell 'B_33' does not drive any nets. (LINT-1)
Warning: In design 'coeff1_2_NBITS11_N32', cell 'B_33' does not drive any nets. (LINT-1)
Warning: In design 'topD_1_N24', cell 'B_2' does not drive any nets. (LINT-1)
Warning: In design 'contador_N8', cell 'B_1' does not drive any nets. (LINT-1)
Warning: In design 'coeff2_0_NBITS11_N32', cell 'B_33' does not drive any nets. (LINT-1)
Warning: In design 'coeff2_1_NBITS11_N32', cell 'B_33' does not drive any nets. (LINT-1)
Warning: In design 'coeff2_2_NBITS11_N32', cell 'B_33' does not drive any nets. (LINT-1)
Warning: In design 'coeff2_3_NBITS11_N32', cell 'B_33' does not drive any nets. (LINT-1)
Warning: In design 'topD_1_N28', cell 'B_2' does not drive any nets. (LINT-1)
Warning: In design 'contador_N4', cell 'B_1' does not drive any nets. (LINT-1)
Warning: In design 'coeff3_0_NBITS11_N32', cell 'B_33' does not drive any nets. (LINT-1)
Warning: In design 'coeff3_1_NBITS11_N32', cell 'B_33' does not drive any nets. (LINT-1)
Warning: In design 'topD_1_N30', cell 'B_2' does not drive any nets. (LINT-1)
Warning: In design 'contador_N2', cell 'B_1' does not drive any nets. (LINT-1)
Warning: In design 'coeff4_0_NBITS11_N32', cell 'B_33' does not drive any nets. (LINT-1)
Warning: In design 'coeff4_1_NBITS11_N32', cell 'B_33' does not drive any nets. (LINT-1)
Warning: In design 'coeff4_2_NBITS11_N32', cell 'B_33' does not drive any nets. (LINT-1)
Warning: In design 'coeff4_3_NBITS11_N32', cell 'B_33' does not drive any nets. (LINT-1)
Warning: In design 'topD_1_N31', cell 'B_2' does not drive any nets. (LINT-1)
Warning: In design 'contador_N1', cell 'B_1' does not drive any nets. (LINT-1)
Warning: In design 'coeff5_0_NBITS11_N32', cell 'B_33' does not drive any nets. (LINT-1)
Warning: In design 'coeff5_1_NBITS11_N32', cell 'B_33' does not drive any nets. (LINT-1)
Warning: In design 'coeff5_2_NBITS11_N32', cell 'B_33' does not drive any nets. (LINT-1)
Warning: In design 'coeff5_3_NBITS11_N32', cell 'B_33' does not drive any nets. (LINT-1)
Warning: In design 'topD_1_N47', cell 'B_2' does not drive any nets. (LINT-1)
Warning: In design 'sat_fxnum_NBITS_IN23_NBI_IN5_NBF_IN18_NBITS_OUT15_NBI_OUT3_NBF_OUT12', port 'sat_in[5]' is not connected to any nets. (LINT-28)
Warning: In design 'sat_fxnum_NBITS_IN23_NBI_IN5_NBF_IN18_NBITS_OUT15_NBI_OUT3_NBF_OUT12', port 'sat_in[4]' is not connected to any nets. (LINT-28)
Warning: In design 'sat_fxnum_NBITS_IN23_NBI_IN5_NBF_IN18_NBITS_OUT15_NBI_OUT3_NBF_OUT12', port 'sat_in[3]' is not connected to any nets. (LINT-28)
Warning: In design 'sat_fxnum_NBITS_IN23_NBI_IN5_NBF_IN18_NBITS_OUT15_NBI_OUT3_NBF_OUT12', port 'sat_in[2]' is not connected to any nets. (LINT-28)
Warning: In design 'sat_fxnum_NBITS_IN23_NBI_IN5_NBF_IN18_NBITS_OUT15_NBI_OUT3_NBF_OUT12', port 'sat_in[1]' is not connected to any nets. (LINT-28)
Warning: In design 'sat_fxnum_NBITS_IN23_NBI_IN5_NBF_IN18_NBITS_OUT15_NBI_OUT3_NBF_OUT12', port 'sat_in[0]' is not connected to any nets. (LINT-28)
Warning: In design 'sat_fxnum_NBITS_IN35_NBI_IN8_NBF_IN27_NBITS_OUT15_NBI_OUT3_NBF_OUT12', port 'sat_in[14]' is not connected to any nets. (LINT-28)
Warning: In design 'sat_fxnum_NBITS_IN35_NBI_IN8_NBF_IN27_NBITS_OUT15_NBI_OUT3_NBF_OUT12', port 'sat_in[13]' is not connected to any nets. (LINT-28)
Warning: In design 'sat_fxnum_NBITS_IN35_NBI_IN8_NBF_IN27_NBITS_OUT15_NBI_OUT3_NBF_OUT12', port 'sat_in[12]' is not connected to any nets. (LINT-28)
Warning: In design 'sat_fxnum_NBITS_IN35_NBI_IN8_NBF_IN27_NBITS_OUT15_NBI_OUT3_NBF_OUT12', port 'sat_in[11]' is not connected to any nets. (LINT-28)
Warning: In design 'sat_fxnum_NBITS_IN35_NBI_IN8_NBF_IN27_NBITS_OUT15_NBI_OUT3_NBF_OUT12', port 'sat_in[10]' is not connected to any nets. (LINT-28)
Warning: In design 'sat_fxnum_NBITS_IN35_NBI_IN8_NBF_IN27_NBITS_OUT15_NBI_OUT3_NBF_OUT12', port 'sat_in[9]' is not connected to any nets. (LINT-28)
Warning: In design 'sat_fxnum_NBITS_IN35_NBI_IN8_NBF_IN27_NBITS_OUT15_NBI_OUT3_NBF_OUT12', port 'sat_in[8]' is not connected to any nets. (LINT-28)
Warning: In design 'sat_fxnum_NBITS_IN35_NBI_IN8_NBF_IN27_NBITS_OUT15_NBI_OUT3_NBF_OUT12', port 'sat_in[7]' is not connected to any nets. (LINT-28)
Warning: In design 'sat_fxnum_NBITS_IN35_NBI_IN8_NBF_IN27_NBITS_OUT15_NBI_OUT3_NBF_OUT12', port 'sat_in[6]' is not connected to any nets. (LINT-28)
Warning: In design 'sat_fxnum_NBITS_IN35_NBI_IN8_NBF_IN27_NBITS_OUT15_NBI_OUT3_NBF_OUT12', port 'sat_in[5]' is not connected to any nets. (LINT-28)
Warning: In design 'sat_fxnum_NBITS_IN35_NBI_IN8_NBF_IN27_NBITS_OUT15_NBI_OUT3_NBF_OUT12', port 'sat_in[4]' is not connected to any nets. (LINT-28)
Warning: In design 'sat_fxnum_NBITS_IN35_NBI_IN8_NBF_IN27_NBITS_OUT15_NBI_OUT3_NBF_OUT12', port 'sat_in[3]' is not connected to any nets. (LINT-28)
Warning: In design 'sat_fxnum_NBITS_IN35_NBI_IN8_NBF_IN27_NBITS_OUT15_NBI_OUT3_NBF_OUT12', port 'sat_in[2]' is not connected to any nets. (LINT-28)
Warning: In design 'sat_fxnum_NBITS_IN35_NBI_IN8_NBF_IN27_NBITS_OUT15_NBI_OUT3_NBF_OUT12', port 'sat_in[1]' is not connected to any nets. (LINT-28)
Warning: In design 'sat_fxnum_NBITS_IN35_NBI_IN8_NBF_IN27_NBITS_OUT15_NBI_OUT3_NBF_OUT12', port 'sat_in[0]' is not connected to any nets. (LINT-28)
Warning: In design 'sat_fxnum_NBITS_IN29_NBI_IN8_NBF_IN21_NBITS_OUT19_NBI_OUT5_NBF_OUT14', port 'sat_in[6]' is not connected to any nets. (LINT-28)
Warning: In design 'sat_fxnum_NBITS_IN29_NBI_IN8_NBF_IN21_NBITS_OUT19_NBI_OUT5_NBF_OUT14', port 'sat_in[5]' is not connected to any nets. (LINT-28)
Warning: In design 'sat_fxnum_NBITS_IN29_NBI_IN8_NBF_IN21_NBITS_OUT19_NBI_OUT5_NBF_OUT14', port 'sat_in[4]' is not connected to any nets. (LINT-28)
Warning: In design 'sat_fxnum_NBITS_IN29_NBI_IN8_NBF_IN21_NBITS_OUT19_NBI_OUT5_NBF_OUT14', port 'sat_in[3]' is not connected to any nets. (LINT-28)
Warning: In design 'sat_fxnum_NBITS_IN29_NBI_IN8_NBF_IN21_NBITS_OUT19_NBI_OUT5_NBF_OUT14', port 'sat_in[2]' is not connected to any nets. (LINT-28)
Warning: In design 'sat_fxnum_NBITS_IN29_NBI_IN8_NBF_IN21_NBITS_OUT19_NBI_OUT5_NBF_OUT14', port 'sat_in[1]' is not connected to any nets. (LINT-28)
Warning: In design 'sat_fxnum_NBITS_IN29_NBI_IN8_NBF_IN21_NBITS_OUT19_NBI_OUT5_NBF_OUT14', port 'sat_in[0]' is not connected to any nets. (LINT-28)
Warning: In design 'sat_fxnum_NBITS_IN40_NBI_IN10_NBF_IN30_NBITS_OUT19_NBI_OUT5_NBF_OUT14', port 'sat_in[15]' is not connected to any nets. (LINT-28)
Warning: In design 'sat_fxnum_NBITS_IN40_NBI_IN10_NBF_IN30_NBITS_OUT19_NBI_OUT5_NBF_OUT14', port 'sat_in[14]' is not connected to any nets. (LINT-28)
Warning: In design 'sat_fxnum_NBITS_IN40_NBI_IN10_NBF_IN30_NBITS_OUT19_NBI_OUT5_NBF_OUT14', port 'sat_in[13]' is not connected to any nets. (LINT-28)
Warning: In design 'sat_fxnum_NBITS_IN40_NBI_IN10_NBF_IN30_NBITS_OUT19_NBI_OUT5_NBF_OUT14', port 'sat_in[12]' is not connected to any nets. (LINT-28)
Warning: In design 'sat_fxnum_NBITS_IN40_NBI_IN10_NBF_IN30_NBITS_OUT19_NBI_OUT5_NBF_OUT14', port 'sat_in[11]' is not connected to any nets. (LINT-28)
Warning: In design 'sat_fxnum_NBITS_IN40_NBI_IN10_NBF_IN30_NBITS_OUT19_NBI_OUT5_NBF_OUT14', port 'sat_in[10]' is not connected to any nets. (LINT-28)
Warning: In design 'sat_fxnum_NBITS_IN40_NBI_IN10_NBF_IN30_NBITS_OUT19_NBI_OUT5_NBF_OUT14', port 'sat_in[9]' is not connected to any nets. (LINT-28)
Warning: In design 'sat_fxnum_NBITS_IN40_NBI_IN10_NBF_IN30_NBITS_OUT19_NBI_OUT5_NBF_OUT14', port 'sat_in[8]' is not connected to any nets. (LINT-28)
Warning: In design 'sat_fxnum_NBITS_IN40_NBI_IN10_NBF_IN30_NBITS_OUT19_NBI_OUT5_NBF_OUT14', port 'sat_in[7]' is not connected to any nets. (LINT-28)
Warning: In design 'sat_fxnum_NBITS_IN40_NBI_IN10_NBF_IN30_NBITS_OUT19_NBI_OUT5_NBF_OUT14', port 'sat_in[6]' is not connected to any nets. (LINT-28)
Warning: In design 'sat_fxnum_NBITS_IN40_NBI_IN10_NBF_IN30_NBITS_OUT19_NBI_OUT5_NBF_OUT14', port 'sat_in[5]' is not connected to any nets. (LINT-28)
Warning: In design 'sat_fxnum_NBITS_IN40_NBI_IN10_NBF_IN30_NBITS_OUT19_NBI_OUT5_NBF_OUT14', port 'sat_in[4]' is not connected to any nets. (LINT-28)
Warning: In design 'sat_fxnum_NBITS_IN40_NBI_IN10_NBF_IN30_NBITS_OUT19_NBI_OUT5_NBF_OUT14', port 'sat_in[3]' is not connected to any nets. (LINT-28)
Warning: In design 'sat_fxnum_NBITS_IN40_NBI_IN10_NBF_IN30_NBITS_OUT19_NBI_OUT5_NBF_OUT14', port 'sat_in[2]' is not connected to any nets. (LINT-28)
Warning: In design 'sat_fxnum_NBITS_IN40_NBI_IN10_NBF_IN30_NBITS_OUT19_NBI_OUT5_NBF_OUT14', port 'sat_in[1]' is not connected to any nets. (LINT-28)
Warning: In design 'sat_fxnum_NBITS_IN40_NBI_IN10_NBF_IN30_NBITS_OUT19_NBI_OUT5_NBF_OUT14', port 'sat_in[0]' is not connected to any nets. (LINT-28)
Warning: In design 'sat_fxnum_NBITS_IN45_NBI_IN13_NBF_IN32_NBITS_OUT21_NBI_OUT6_NBF_OUT15', port 'sat_in[16]' is not connected to any nets. (LINT-28)
Warning: In design 'sat_fxnum_NBITS_IN45_NBI_IN13_NBF_IN32_NBITS_OUT21_NBI_OUT6_NBF_OUT15', port 'sat_in[15]' is not connected to any nets. (LINT-28)
Warning: In design 'sat_fxnum_NBITS_IN45_NBI_IN13_NBF_IN32_NBITS_OUT21_NBI_OUT6_NBF_OUT15', port 'sat_in[14]' is not connected to any nets. (LINT-28)
Warning: In design 'sat_fxnum_NBITS_IN45_NBI_IN13_NBF_IN32_NBITS_OUT21_NBI_OUT6_NBF_OUT15', port 'sat_in[13]' is not connected to any nets. (LINT-28)
Warning: In design 'sat_fxnum_NBITS_IN45_NBI_IN13_NBF_IN32_NBITS_OUT21_NBI_OUT6_NBF_OUT15', port 'sat_in[12]' is not connected to any nets. (LINT-28)
Warning: In design 'sat_fxnum_NBITS_IN45_NBI_IN13_NBF_IN32_NBITS_OUT21_NBI_OUT6_NBF_OUT15', port 'sat_in[11]' is not connected to any nets. (LINT-28)
Warning: In design 'sat_fxnum_NBITS_IN45_NBI_IN13_NBF_IN32_NBITS_OUT21_NBI_OUT6_NBF_OUT15', port 'sat_in[10]' is not connected to any nets. (LINT-28)
Warning: In design 'sat_fxnum_NBITS_IN45_NBI_IN13_NBF_IN32_NBITS_OUT21_NBI_OUT6_NBF_OUT15', port 'sat_in[9]' is not connected to any nets. (LINT-28)
Warning: In design 'sat_fxnum_NBITS_IN45_NBI_IN13_NBF_IN32_NBITS_OUT21_NBI_OUT6_NBF_OUT15', port 'sat_in[8]' is not connected to any nets. (LINT-28)
Warning: In design 'sat_fxnum_NBITS_IN45_NBI_IN13_NBF_IN32_NBITS_OUT21_NBI_OUT6_NBF_OUT15', port 'sat_in[7]' is not connected to any nets. (LINT-28)
Warning: In design 'sat_fxnum_NBITS_IN45_NBI_IN13_NBF_IN32_NBITS_OUT21_NBI_OUT6_NBF_OUT15', port 'sat_in[6]' is not connected to any nets. (LINT-28)
Warning: In design 'sat_fxnum_NBITS_IN45_NBI_IN13_NBF_IN32_NBITS_OUT21_NBI_OUT6_NBF_OUT15', port 'sat_in[5]' is not connected to any nets. (LINT-28)
Warning: In design 'sat_fxnum_NBITS_IN45_NBI_IN13_NBF_IN32_NBITS_OUT21_NBI_OUT6_NBF_OUT15', port 'sat_in[4]' is not connected to any nets. (LINT-28)
Warning: In design 'sat_fxnum_NBITS_IN45_NBI_IN13_NBF_IN32_NBITS_OUT21_NBI_OUT6_NBF_OUT15', port 'sat_in[3]' is not connected to any nets. (LINT-28)
Warning: In design 'sat_fxnum_NBITS_IN45_NBI_IN13_NBF_IN32_NBITS_OUT21_NBI_OUT6_NBF_OUT15', port 'sat_in[2]' is not connected to any nets. (LINT-28)
Warning: In design 'sat_fxnum_NBITS_IN45_NBI_IN13_NBF_IN32_NBITS_OUT21_NBI_OUT6_NBF_OUT15', port 'sat_in[1]' is not connected to any nets. (LINT-28)
Warning: In design 'sat_fxnum_NBITS_IN45_NBI_IN13_NBF_IN32_NBITS_OUT21_NBI_OUT6_NBF_OUT15', port 'sat_in[0]' is not connected to any nets. (LINT-28)
Warning: In design 'sat_fxnum_NBITS_IN22_NBI_IN7_NBF_IN15_NBITS_OUT10_NBI_OUT6_NBF_OUT4', port 'sat_in[10]' is not connected to any nets. (LINT-28)
Warning: In design 'sat_fxnum_NBITS_IN22_NBI_IN7_NBF_IN15_NBITS_OUT10_NBI_OUT6_NBF_OUT4', port 'sat_in[9]' is not connected to any nets. (LINT-28)
Warning: In design 'sat_fxnum_NBITS_IN22_NBI_IN7_NBF_IN15_NBITS_OUT10_NBI_OUT6_NBF_OUT4', port 'sat_in[8]' is not connected to any nets. (LINT-28)
Warning: In design 'sat_fxnum_NBITS_IN22_NBI_IN7_NBF_IN15_NBITS_OUT10_NBI_OUT6_NBF_OUT4', port 'sat_in[7]' is not connected to any nets. (LINT-28)
Warning: In design 'sat_fxnum_NBITS_IN22_NBI_IN7_NBF_IN15_NBITS_OUT10_NBI_OUT6_NBF_OUT4', port 'sat_in[6]' is not connected to any nets. (LINT-28)
Warning: In design 'sat_fxnum_NBITS_IN22_NBI_IN7_NBF_IN15_NBITS_OUT10_NBI_OUT6_NBF_OUT4', port 'sat_in[5]' is not connected to any nets. (LINT-28)
Warning: In design 'sat_fxnum_NBITS_IN22_NBI_IN7_NBF_IN15_NBITS_OUT10_NBI_OUT6_NBF_OUT4', port 'sat_in[4]' is not connected to any nets. (LINT-28)
Warning: In design 'sat_fxnum_NBITS_IN22_NBI_IN7_NBF_IN15_NBITS_OUT10_NBI_OUT6_NBF_OUT4', port 'sat_in[3]' is not connected to any nets. (LINT-28)
Warning: In design 'sat_fxnum_NBITS_IN22_NBI_IN7_NBF_IN15_NBITS_OUT10_NBI_OUT6_NBF_OUT4', port 'sat_in[2]' is not connected to any nets. (LINT-28)
Warning: In design 'sat_fxnum_NBITS_IN22_NBI_IN7_NBF_IN15_NBITS_OUT10_NBI_OUT6_NBF_OUT4', port 'sat_in[1]' is not connected to any nets. (LINT-28)
Warning: In design 'sat_fxnum_NBITS_IN22_NBI_IN7_NBF_IN15_NBITS_OUT10_NBI_OUT6_NBF_OUT4', port 'sat_in[0]' is not connected to any nets. (LINT-28)
Warning: In design 'topfft_in_a_sat0_NBITS10_NBITScoeff11_N32', output port 'fftOut0_up[17]' is connected directly to output port 'fftOut0_up[0]'. (LINT-31)
Warning: In design 'topfft_in_a_sat0_NBITS10_NBITScoeff11_N32', output port 'fftOut0_up[17]' is connected directly to output port 'fftOut0_up[1]'. (LINT-31)
Warning: In design 'topfft_in_a_sat0_NBITS10_NBITScoeff11_N32', output port 'fftOut0_up[17]' is connected directly to output port 'fftOut0_up[2]'. (LINT-31)
Warning: In design 'topfft_in_a_sat0_NBITS10_NBITScoeff11_N32', output port 'fftOut0_up[17]' is connected directly to output port 'fftOut0_up[15]'. (LINT-31)
Warning: In design 'topfft_in_a_sat0_NBITS10_NBITScoeff11_N32', output port 'fftOut0_up[17]' is connected directly to output port 'fftOut0_up[16]'. (LINT-31)
Warning: In design 'topfft_in_a_sat0_NBITS10_NBITScoeff11_N32', output port 'fftOut0_up[17]' is connected directly to 'logic 0'. (LINT-52)
Warning: In design 'topfft_in_a_sat0_NBITS10_NBITScoeff11_N32', output port 'fftOut0_up[16]' is connected directly to 'logic 0'. (LINT-52)
Warning: In design 'topfft_in_a_sat0_NBITS10_NBITScoeff11_N32', output port 'fftOut0_up[15]' is connected directly to 'logic 0'. (LINT-52)
Warning: In design 'topfft_in_a_sat0_NBITS10_NBITScoeff11_N32', output port 'fftOut0_up[2]' is connected directly to 'logic 0'. (LINT-52)
Warning: In design 'topfft_in_a_sat0_NBITS10_NBITScoeff11_N32', output port 'fftOut0_up[1]' is connected directly to 'logic 0'. (LINT-52)
Warning: In design 'topfft_in_a_sat0_NBITS10_NBITScoeff11_N32', output port 'fftOut0_up[0]' is connected directly to 'logic 0'. (LINT-52)
Information: Design 'coeff_data5_3' does not contain any cells or nets. (LINT-55)
Information: Design 'coeff_data5_2' does not contain any cells or nets. (LINT-55)
Information: Design 'coeff_data5_1' does not contain any cells or nets. (LINT-55)
Information: Design 'coeff_data5_0' does not contain any cells or nets. (LINT-55)
Information: Design 'coeff_data4_3' does not contain any cells or nets. (LINT-55)
Information: Design 'coeff_data4_2' does not contain any cells or nets. (LINT-55)
Information: Design 'coeff_data4_1' does not contain any cells or nets. (LINT-55)
Information: Design 'coeff_data4_0' does not contain any cells or nets. (LINT-55)
Information: Design 'coeff_data3_1' does not contain any cells or nets. (LINT-55)
Information: Design 'coeff_data3_0' does not contain any cells or nets. (LINT-55)
Information: Design 'coeff_data2_3' does not contain any cells or nets. (LINT-55)
Information: Design 'coeff_data2_2' does not contain any cells or nets. (LINT-55)
Information: Design 'coeff_data2_1' does not contain any cells or nets. (LINT-55)
Information: Design 'coeff_data2_0' does not contain any cells or nets. (LINT-55)
Information: Design 'coeff_data1_2' does not contain any cells or nets. (LINT-55)
Information: Design 'coeff_data1_1' does not contain any cells or nets. (LINT-55)
Information: Design 'coeff_data1_0' does not contain any cells or nets. (LINT-55)
Information: Design 'coeff_data0_1' does not contain any cells or nets. (LINT-55)
Information: Design 'coeff_data0_0' does not contain any cells or nets. (LINT-55)
1
