 
****************************************
Report : timing
        -path full
        -delay max
        -nets
        -max_paths 1
        -transition_time
Design : topfft
Version: O-2018.06-SP2
Date   : Tue Oct 22 11:46:59 2019
****************************************

 # A fanout number of 1000 was used for high fanout net computations.

Operating Conditions: typical   Library: gscl45nm
Wire Load Model Mode: top

  Startpoint: u_topfft_in_a_sat0_Mcoeff0_0_coeff_out_reg_13_
              (rising edge-triggered flip-flop clocked by CLK)
  Endpoint: u_topfft_sat2_a_sat3_Blq_BFV_1_DB_Dgen_0__nD_Q_reg_21_
            (rising edge-triggered flip-flop clocked by CLK)
  Path Group: CLK
  Path Type: max

Attributes:
    d - dont_touch
    u - dont_use
   mo - map_only
   so - size_only
    i - ideal_net or ideal_network
  inf - infeasible path

  Point                                       Fanout     Trans      Incr       Path      Attributes
  ---------------------------------------------------------------------------------------------------------
  clock CLK (rise edge)                                             0.00       0.00
  clock network delay (ideal)                                       0.00       0.00
  u_topfft_in_a_sat0_Mcoeff0_0_coeff_out_reg_13_/CLK (DFFPOSX1)     0.00     0.00 #     0.00 r
  u_topfft_in_a_sat0_Mcoeff0_0_coeff_out_reg_13_/Q (DFFPOSX1)     0.04     0.12     0.12 f
  u_topfft_in_a_sat0_coefficientes0_0[13] (net)     4               0.00       0.12 f
  U28370/Y (INVX8)                                        0.02      0.03       0.15 r
  n21978 (net)                                  4                   0.00       0.15 r
  U29963/Y (INVX8)                                        0.01      0.03       0.17 f
  n124836 (net)                                 7                   0.00       0.17 f
  U47263/Y (XNOR2X1)                                      0.06      0.03       0.21 f
  n64441 (net)                                  2                   0.00       0.21 f
  U29502/Y (OAI21X1)                                      0.06      0.07       0.28 r
  n37290 (net)                                  3                   0.00       0.28 r
  U35094/Y (OR2X1)                                        0.02      0.04       0.32 r
  n33414 (net)                                  1                   0.00       0.32 r
  U49092/Y (AOI21X1)                                      0.02      0.03       0.35 f
  n64499 (net)                                  1                   0.00       0.35 f
  U36715/Y (INVX1)                                        0.03      0.04       0.38 r
  n44476 (net)                                  1                   0.00       0.38 r
  U82461/YS (FAX1)                                        0.04      0.10       0.48 r
  n64526 (net)                                  2                   0.00       0.48 r
  U28966/Y (XNOR2X1)                                      0.05      0.05       0.53 r
  n117167 (net)                                 1                   0.00       0.53 r
  U28965/Y (XNOR2X1)                                      0.06      0.06       0.58 r
  n29188 (net)                                  2                   0.00       0.58 r
  U31619/Y (XOR2X1)                                       0.06      0.06       0.65 r
  n117918 (net)                                 1                   0.00       0.65 r
  U31617/Y (XNOR2X1)                                      0.05      0.05       0.69 r
  n64464 (net)                                  2                   0.00       0.69 r
  U25652/Y (OR2X2)                                        0.02      0.05       0.74 r
  n39374 (net)                                  3                   0.00       0.74 r
  U49065/Y (AOI21X1)                                      0.02      0.02       0.76 f
  n24817 (net)                                  1                   0.00       0.76 f
  U48586/Y (INVX1)                                        0.00      0.01       0.77 r
  n128537 (net)                                 2                   0.00       0.77 r
  U48585/Y (INVX1)                                        0.02      0.02       0.79 f
  n128264 (net)                                 2                   0.00       0.79 f
  U31045/Y (AND2X2)                                       0.01      0.05       0.83 f
  n34461 (net)                                  4                   0.00       0.83 f
  U56415/Y (OAI21X1)                                      0.06      0.05       0.88 r
  n132952 (net)                                 1                   0.00       0.88 r
  U56412/Y (XNOR2X1)                                      0.02      0.04       0.92 f
  n118664 (net)                                 1                   0.00       0.92 f
  U27522/Y (INVX2)                                        0.01      0.02       0.94 r
  n33099 (net)                                  3                   0.00       0.94 r
  U31171/Y (OR2X2)                                        0.01      0.04       0.98 r
  n43880 (net)                                  3                   0.00       0.98 r
  U26182/Y (AND2X2)                                       0.01      0.04       1.02 r
  n124386 (net)                                 2                   0.00       1.02 r
  U26181/Y (NOR2X1)                                       0.00      0.01       1.03 f
  n117920 (net)                                 1                   0.00       1.03 f
  U31620/Y (AOI21X1)                                      0.04      0.04       1.07 r
  n66179 (net)                                  3                   0.00       1.07 r
  U26912/Y (INVX1)                                        0.02      0.03       1.10 f
  n122000 (net)                                 2                   0.00       1.10 f
  U28004/Y (AOI21X1)                                      0.04      0.04       1.14 r
  n116898 (net)                                 1                   0.00       1.14 r
  U28003/Y (XNOR2X1)                                      0.02      0.04       1.18 f
  n128527 (net)                                 1                   0.00       1.18 f
  U33247/Y (INVX4)                                        0.03      0.04       1.21 r
  n16351 (net)                                  6                   0.00       1.21 r
  U36975/Y (INVX1)                                        0.02      0.03       1.24 f
  n122007 (net)                                 1                   0.00       1.24 f
  U81828/Y (XNOR2X1)                                      0.02      0.03       1.27 f
  n67622 (net)                                  2                   0.00       1.27 f
  U46677/Y (OAI21X1)                                      0.07      0.07       1.34 r
  n30006 (net)                                  3                   0.00       1.34 r
  U44894/Y (XNOR2X1)                                      0.05      0.05       1.39 r
  n124628 (net)                                 1                   0.00       1.39 r
  U44893/Y (XNOR2X1)                                      0.07      0.06       1.45 r
  n27121 (net)                                  1                   0.00       1.45 r
  U83366/YS (FAX1)                                        0.07      0.10       1.55 r
  n67618 (net)                                  2                   0.00       1.55 r
  U83365/YS (FAX1)                                        0.02      0.10       1.65 f
  n67592 (net)                                  1                   0.00       1.65 f
  U83359/YS (FAX1)                                        0.03      0.07       1.73 r
  n67405 (net)                                  2                   0.00       1.73 r
  U31237/Y (OR2X2)                                        0.02      0.04       1.77 r
  n118624 (net)                                 3                   0.00       1.77 r
  U31760/Y (NAND2X1)                                      0.02      0.02       1.79 f
  n117955 (net)                                 1                   0.00       1.79 f
  U27372/Y (NAND2X1)                                      0.04      0.04       1.82 r
  n118637 (net)                                 2                   0.00       1.82 r
  U27368/Y (AOI21X1)                                      0.02      0.03       1.85 f
  n121364 (net)                                 2                   0.00       1.85 f
  U27676/Y (OAI21X1)                                      0.04      0.04       1.89 r
  n116789 (net)                                 1                   0.00       1.89 r
  U27675/Y (AOI21X1)                                      0.02      0.03       1.92 f
  n121473 (net)                                 1                   0.00       1.92 f
  U27096/Y (XNOR2X1)                                      0.03      0.03       1.95 f
  n125067 (net)                                 2                   0.00       1.95 f
  U26995/Y (BUFX4)                                        0.00      0.05       2.00 f
  n116567 (net)                                 2                   0.00       2.00 f
  U48909/Y (AOI21X1)                                      0.03      0.03       2.02 r
  n34766 (net)                                  1                   0.00       2.02 r
  U33230/Y (NAND2X1)                                      0.03      0.02       2.04 f
  n121047 (net)                                 2                   0.00       2.04 f
  U31949/Y (NAND2X1)                                      0.05      0.03       2.07 r
  n117990 (net)                                 1                   0.00       2.07 r
  U26066/Y (XOR2X1)                                       0.06      0.05       2.12 r
  n116235 (net)                                 1                   0.00       2.12 r
  U26065/Y (XNOR2X1)                                      0.06      0.05       2.17 r
  n38966 (net)                                  2                   0.00       2.17 r
  U45068/Y (OR2X2)                                        0.03      0.06       2.23 r
  n28044 (net)                                  4                   0.00       2.23 r
  U35444/Y (BUFX2)                                        0.04      0.06       2.29 r
  n21728 (net)                                  6                   0.00       2.29 r
  U26052/Y (OAI21X1)                                      0.01      0.03       2.31 f
  n21768 (net)                                  2                   0.00       2.31 f
  U48525/Y (OAI21X1)                                      0.05      0.05       2.36 r
  n32421 (net)                                  2                   0.00       2.36 r
  U36568/Y (AND2X1)                                       0.04      0.05       2.41 r
  n123754 (net)                                 1                   0.00       2.41 r
  U34959/Y (XOR2X1)                                       0.08      0.06       2.47 r
  n37770 (net)                                  3                   0.00       2.47 r
  U33458/Y (AND2X1)                                       0.02      0.04       2.51 r
  n124508 (net)                                 1                   0.00       2.51 r
  U35954/Y (INVX1)                                        0.01      0.02       2.53 f
  n119686 (net)                                 1                   0.00       2.53 f
  U29560/Y (NAND2X1)                                      0.03      0.01       2.54 r
  n18047 (net)                                  1                   0.00       2.54 r
  U37153/Y (AND2X2)                                       0.02      0.04       2.58 r
  n68325 (net)                                  3                   0.00       2.58 r
  U45759/Y (XNOR2X1)                                      0.05      0.06       2.64 r
  n21756 (net)                                  1                   0.00       2.64 r
  U29636/Y (XNOR2X1)                                      0.03      0.04       2.68 f
  n125052 (net)                                 2                   0.00       2.68 f
  U31212/Y (OAI21X1)                                      0.04      0.02       2.71 r
  n118851 (net)                                 1                   0.00       2.71 r
  U35255/Y (INVX1)                                        0.01      0.02       2.73 f
  n28683 (net)                                  1                   0.00       2.73 f
  U45983/Y (OR2X2)                                        0.01      0.04       2.77 f
  n38333 (net)                                  2                   0.00       2.77 f
  U31668/Y (OR2X2)                                        0.01      0.05       2.82 f
  n68622 (net)                                  4                   0.00       2.82 f
  U26017/Y (NAND2X1)                                      0.04      0.02       2.84 r
  n126778 (net)                                 2                   0.00       2.84 r
  U30952/Y (INVX1)                                        0.01      0.02       2.87 f
  n20683 (net)                                  1                   0.00       2.87 f
  U32784/Y (NAND2X1)                                      0.03      0.01       2.88 r
  n119559 (net)                                 1                   0.00       2.88 r
  U37162/Y (AND2X2)                                       0.04      0.05       2.93 r
  n28441 (net)                                  3                   0.00       2.93 r
  U37082/Y (INVX1)                                        0.01      0.02       2.95 f
  n125009 (net)                                 1                   0.00       2.95 f
  U45291/Y (AOI21X1)                                      0.04      0.04       2.99 r
  n126855 (net)                                 1                   0.00       2.99 r
  U31350/Y (XNOR2X1)                                      0.05      0.05       3.04 r
  n97365 (net)                                  2                   0.00       3.04 r
  U31349/Y (NAND2X1)                                      0.02      0.02       3.06 f
  n117854 (net)                                 1                   0.00       3.06 f
  U31348/Y (INVX1)                                        0.00      0.01       3.07 r
  n14574 (net)                                  2                   0.00       3.07 r
  U40096/Y (OR2X2)                                        0.01      0.04       3.11 r
  n36163 (net)                                  2                   0.00       3.11 r
  U26307/Y (AND2X2)                                       0.01      0.04       3.14 r
  n126637 (net)                                 2                   0.00       3.14 r
  U26306/Y (AOI21X1)                                      0.02      0.02       3.17 f
  n126432 (net)                                 1                   0.00       3.17 f
  U36350/Y (INVX1)                                        0.00      0.00       3.17 r
  n120797 (net)                                 1                   0.00       3.17 r
  U31086/Y (AOI21X1)                                      0.02      0.01       3.18 f
  n32549 (net)                                  1                   0.00       3.18 f
  U32714/Y (NAND2X1)                                      0.05      0.04       3.22 r
  n121585 (net)                                 2                   0.00       3.22 r
  U30246/Y (INVX2)                                        0.02      0.02       3.24 f
  n126917 (net)                                 2                   0.00       3.24 f
  U35434/Y (OAI21X1)                                      0.04      0.05       3.28 r
  n119000 (net)                                 1                   0.00       3.28 r
  U31538/Y (INVX2)                                        0.02      0.02       3.31 f
  n32395 (net)                                  2                   0.00       3.31 f
  U27724/Y (XNOR2X1)                                      0.06      0.05       3.36 r
  n16277 (net)                                  2                   0.00       3.36 r
  U33126/Y (NOR3X1)                                       0.03      0.03       3.39 f
  n125012 (net)                                 2                   0.00       3.39 f
  U36462/Y (INVX1)                                        0.00      0.01       3.40 r
  n121103 (net)                                 2                   0.00       3.40 r
  U35175/Y (INVX1)                                        0.02      0.02       3.42 f
  n35310 (net)                                  2                   0.00       3.42 f
  U32890/Y (OAI21X1)                                      0.06      0.05       3.47 r
  n16270 (net)                                  3                   0.00       3.47 r
  U26361/Y (OR2X2)                                        0.02      0.05       3.52 r
  n125463 (net)                                 2                   0.00       3.52 r
  U26360/Y (AOI21X1)                                      0.02      0.03       3.55 f
  n120973 (net)                                 3                   0.00       3.55 f
  U45419/Y (INVX1)                                        0.00      0.02       3.57 r
  n124903 (net)                                 2                   0.00       3.57 r
  U26839/Y (AOI21X1)                                      0.02      0.03       3.60 f
  n121942 (net)                                 2                   0.00       3.60 f
  U26344/Y (OAI21X1)                                      0.10      0.08       3.68 r
  n32644 (net)                                  6                   0.00       3.68 r
  U30495/Y (AOI21X1)                                      0.02      0.05       3.73 f
  n120970 (net)                                 2                   0.00       3.73 f
  U35138/Y (INVX1)                                        0.00      0.02       3.74 r
  n125094 (net)                                 3                   0.00       3.74 r
  U26203/Y (AOI21X1)                                      0.02      0.02       3.77 f
  n13652 (net)                                  1                   0.00       3.77 f
  U26201/Y (INVX2)                                        0.02      0.03       3.80 r
  n21376 (net)                                  3                   0.00       3.80 r
  U24212/Y (INVX1)                                        0.02      0.02       3.82 f
  n21710 (net)                                  1                   0.00       3.82 f
  U35430/Y (INVX4)                                        0.04      0.04       3.86 r
  n21711 (net)                                  7                   0.00       3.86 r
  U45038/Y (XNOR2X1)                                      0.05      0.05       3.90 r
  n38837 (net)                                  2                   0.00       3.90 r
  U23960/Y (AND2X1)                                       0.03      0.04       3.94 r
  n34754 (net)                                  1                   0.00       3.94 r
  U33859/Y (INVX1)                                        0.01      0.02       3.96 f
  n18399 (net)                                  1                   0.00       3.96 f
  U34878/Y (AND2X1)                                       0.04      0.06       4.02 f
  n71405 (net)                                  3                   0.00       4.02 f
  U39789/Y (XNOR2X1)                                      0.05      0.05       4.07 r
  n123689 (net)                                 1                   0.00       4.07 r
  U39788/Y (XNOR2X1)                                      0.07      0.08       4.14 r
  n71381 (net)                                  3                   0.00       4.14 r
  U35240/Y (XNOR2X1)                                      0.05      0.05       4.19 r
  n31653 (net)                                  1                   0.00       4.19 r
  U39792/Y (XOR2X1)                                       0.07      0.06       4.25 r
  n71406 (net)                                  2                   0.00       4.25 r
  U48920/Y (XOR2X1)                                       0.08      0.08       4.33 r
  n29388 (net)                                  3                   0.00       4.33 r
  U57418/Y (AND2X1)                                       0.03      0.03       4.36 r
  n19041 (net)                                  1                   0.00       4.36 r
  U24208/Y (INVX1)                                        0.01      0.02       4.38 f
  n117154 (net)                                 1                   0.00       4.38 f
  U28887/Y (NAND2X1)                                      0.03      0.01       4.39 r
  n120438 (net)                                 1                   0.00       4.39 r
  U46168/Y (OAI21X1)                                      0.01      0.02       4.42 f
  n71439 (net)                                  2                   0.00       4.42 f
  U57407/Y (OR2X1)                                        0.02      0.05       4.47 f
  n124504 (net)                                 2                   0.00       4.47 f
  U28893/Y (NAND2X1)                                      0.03      0.01       4.48 r
  n117157 (net)                                 1                   0.00       4.48 r
  U28892/Y (INVX1)                                        0.02      0.03       4.51 f
  n28326 (net)                                  2                   0.00       4.51 f
  U27193/Y (NAND2X1)                                      0.05      0.02       4.53 r
  n120888 (net)                                 2                   0.00       4.53 r
  U27192/Y (NOR2X1)                                       0.01      0.03       4.56 f
  n20965 (net)                                  3                   0.00       4.56 f
  U48841/Y (INVX1)                                        0.00      0.01       4.57 r
  n128451 (net)                                 2                   0.00       4.57 r
  U32867/Y (OR2X1)                                        0.05      0.05       4.62 r
  n16239 (net)                                  3                   0.00       4.62 r
  U48386/Y (AOI21X1)                                      0.02      0.03       4.65 f
  n32192 (net)                                  2                   0.00       4.65 f
  U36479/Y (BUFX2)                                        0.00      0.03       4.68 f
  n121129 (net)                                 1                   0.00       4.68 f
  U48137/Y (INVX1)                                        0.00      0.00       4.68 r
  n31897 (net)                                  1                   0.00       4.68 r
  U29587/Y (NAND2X1)                                      0.03      0.01       4.69 f
  n118319 (net)                                 2                   0.00       4.69 f
  U46171/Y (OAI21X1)                                      0.05      0.05       4.75 r
  n29390 (net)                                  2                   0.00       4.75 r
  U23603/Y (INVX1)                                        0.01      0.03       4.77 f
  n32417 (net)                                  1                   0.00       4.77 f
  U47478/Y (OAI21X1)                                      0.06      0.05       4.82 r
  n38366 (net)                                  2                   0.00       4.82 r
  U45918/Y (AOI21X1)                                      0.02      0.02       4.85 f
  n29064 (net)                                  1                   0.00       4.85 f
  U44861/Y (INVX1)                                        0.00      0.01       4.86 r
  n34289 (net)                                  2                   0.00       4.86 r
  U44397/Y (AOI21X1)                                      0.03      0.02       4.88 f
  n126930 (net)                                 2                   0.00       4.88 f
  U26763/Y (OR2X2)                                        0.01      0.04       4.92 f
  n20029 (net)                                  2                   0.00       4.92 f
  U31992/Y (NAND2X1)                                      0.08      0.05       4.97 r
  n122111 (net)                                 2                   0.00       4.97 r
  U37136/Y (INVX8)                                        0.04      0.03       5.00 f
  n122112 (net)                                17                   0.00       5.00 f
  U53435/Y (MUX2X1)                                       0.11      0.06       5.06 r
  u_topfft_sat1_a_sat2_M5_2_DP_OP_11J1_129_5388_n1806 (net)     1     0.00     5.06 r
  u_topfft_sat1_a_sat2_M5_2_DP_OP_11J1_129_5388_U1548/Y (MUX2X1)     0.08     0.08     5.14 r so 
  u_topfft_sat1_a_sat2_M5_2_DP_OP_11J1_129_5388_n2036 (net)     3     0.00     5.14 r
  U27156/Y (XOR2X1)                                       0.06      0.05       5.19 r
  n14006 (net)                                  1                   0.00       5.19 r
  U27155/Y (XOR2X1)                                       0.07      0.05       5.25 r
  n78663 (net)                                  2                   0.00       5.25 r
  U48382/Y (OAI21X1)                                      0.01      0.03       5.27 f
  n32185 (net)                                  1                   0.00       5.27 f
  U48381/Y (OAI21X1)                                      0.08      0.04       5.31 r
  n78679 (net)                                  3                   0.00       5.31 r
  U53427/Y (XOR2X1)                                       0.06      0.05       5.37 r
  n38342 (net)                                  1                   0.00       5.37 r
  U53426/Y (XOR2X1)                                       0.04      0.05       5.41 f
  n78673 (net)                                  1                   0.00       5.41 f
  U87518/YC (FAX1)                                        0.02      0.08       5.50 f
  n78681 (net)                                  2                   0.00       5.50 f
  U27147/Y (OR2X2)                                        0.02      0.06       5.55 f
  n62842 (net)                                  5                   0.00       5.55 f
  U32997/Y (AND2X2)                                       0.00      0.04       5.59 f
  n43930 (net)                                  2                   0.00       5.59 f
  U32996/Y (AND2X2)                                       0.00      0.03       5.63 f
  n38684 (net)                                  2                   0.00       5.63 f
  U26697/Y (NAND2X1)                                      0.04      0.03       5.66 r
  n123900 (net)                                 2                   0.00       5.66 r
  U29243/Y (INVX1)                                        0.01      0.03       5.68 f
  n25824 (net)                                  2                   0.00       5.68 f
  U28756/Y (NAND2X1)                                      0.03      0.01       5.70 r
  n117109 (net)                                 1                   0.00       5.70 r
  U28755/Y (NAND2X1)                                      0.03      0.02       5.72 f
  n122807 (net)                                 2                   0.00       5.72 f
  U45307/Y (AOI21X1)                                      0.04      0.05       5.76 r
  n126852 (net)                                 1                   0.00       5.76 r
  U30641/Y (XOR2X1)                                       0.03      0.04       5.80 f
  n28258 (net)                                  3                   0.00       5.80 f
  U30640/Y (OR2X2)                                        0.01      0.04       5.85 f
  n34380 (net)                                  2                   0.00       5.85 f
  U31726/Y (INVX1)                                        0.00      0.00       5.85 r
  n117944 (net)                                 1                   0.00       5.85 r
  U30053/Y (NAND3X1)                                      0.02      0.02       5.87 f
  n120949 (net)                                 2                   0.00       5.87 f
  U32004/Y (INVX1)                                        0.00      0.00       5.87 r
  n32781 (net)                                  1                   0.00       5.87 r
  U31724/Y (NOR2X1)                                       0.01      0.01       5.88 f
  n122113 (net)                                 2                   0.00       5.88 f
  U30855/Y (INVX2)                                        0.04      0.04       5.92 r
  n121826 (net)                                 8                   0.00       5.92 r
  U31786/Y (OAI21X1)                                      0.00      0.02       5.94 f
  u_topfft_sat2_a_sat3_Blq_BFV_1_DB_Dgen_0__nD_N24 (net)     1      0.00       5.94 f
  u_topfft_sat2_a_sat3_Blq_BFV_1_DB_Dgen_0__nD_Q_reg_21_/D (DFFPOSX1)     0.00     0.00     5.94 f
  data arrival time                                                            5.94

  clock CLK (rise edge)                                             6.00       6.00
  clock network delay (ideal)                                       0.00       6.00
  u_topfft_sat2_a_sat3_Blq_BFV_1_DB_Dgen_0__nD_Q_reg_21_/CLK (DFFPOSX1)     0.00     6.00 r
  library setup time                                               -0.06       5.94
  data required time                                                           5.94
  ---------------------------------------------------------------------------------------------------------
  data required time                                                           5.94
  data arrival time                                                           -5.94
  ---------------------------------------------------------------------------------------------------------
  slack (MET)                                                                  0.00


1
