#-----------------------------------------------------------
# Vivado v2019.1.1 (64-bit)
# SW Build 2552052 on Fri May 24 14:49:42 MDT 2019
# IP Build 2579722 on Sat Jun 29 11:35:40 MDT 2019
# Start of session at: Thu Aug  1 13:20:07 2019
# Process ID: 924
# Current directory: C:/fft/topfft
# Command line: vivado.exe -gui_launcher_event rodinguilauncherevent15172 C:\fft\topfft\topfft.xpr
# Log file: C:/fft/topfft/vivado.log
# Journal file: C:/fft/topfft\vivado.jou
#-----------------------------------------------------------
start_gui
open_project C:/fft/topfft/topfft.xpr
update_compile_order -fileset sources_1
synth_design -rtl -name rtl_1
close [ open C:/fft/topfft/topfft.srcs/sources_1/new/cordic.v w ]
add_files C:/fft/topfft/topfft.srcs/sources_1/new/cordic.v
update_compile_order -fileset sources_1
create_project cordic C:/fft/cordic -part xc7k70tfbv676-1
file mkdir C:/fft/cordic/cordic.srcs/sources_1/new
close [ open C:/fft/cordic/cordic.srcs/sources_1/new/cordic.v w ]
add_files C:/fft/cordic/cordic.srcs/sources_1/new/cordic.v
update_compile_order -fileset sources_1
file mkdir C:/fft/cordic/cordic.srcs/sim_1/new
set_property SOURCE_SET sources_1 [get_filesets sim_1]
close [ open C:/fft/cordic/cordic.srcs/sim_1/new/cordic_tb.v w ]
add_files -fileset sim_1 C:/fft/cordic/cordic.srcs/sim_1/new/cordic_tb.v
update_compile_order -fileset sim_1
update_compile_order -fileset sim_1
synth_design -rtl -name rtl_1
launch_simulation
source cordic_tb.tcl
close_sim
launch_simulation
source cordic_tb.tcl
current_project topfft
close_project
close_sim
launch_simulation
refresh_design
refresh_design
launch_simulation
source cordic_tb.tcl
close_sim
launch_simulation
source cordic_tb.tcl
close_sim
launch_simulation
source cordic_tb.tcl
refresh_design
close_sim
launch_simulation
source cordic_tb.tcl
close_sim
launch_simulation
source cordic_tb.tcl
refresh_design
close_sim
launch_simulation
source cordic_tb.tcl
refresh_design
close_sim
launch_simulation
source cordic_tb.tcl
close_sim
launch_simulation
source cordic_tb.tcl
close_sim
launch_simulation
source cordic_tb.tcl
close_sim
launch_simulation
source cordic_tb.tcl
close_sim
launch_simulation
source cordic_tb.tcl
close_sim
launch_simulation
source cordic_tb.tcl
close_sim
launch_simulation
source cordic_tb.tcl
close_sim
launch_simulation
source cordic_tb.tcl
close [ open C:/fft/cordic/cordic.srcs/sources_1/new/cordick.v w ]
add_files C:/fft/cordic/cordic.srcs/sources_1/new/cordick.v
update_compile_order -fileset sources_1
refresh_design
close_sim
launch_simulation
source cordic_tb.tcl
close_sim
launch_simulation
source cordic_tb.tcl
close_sim
