#-----------------------------------------------------------
# Vivado v2019.1.1 (64-bit)
# SW Build 2552052 on Fri May 24 14:49:42 MDT 2019
# IP Build 2579722 on Sat Jun 29 11:35:40 MDT 2019
# Start of session at: Tue Aug  6 16:24:34 2019
# Process ID: 4944
# Current directory: C:/fft/topfft
# Command line: vivado.exe -gui_launcher_event rodinguilauncherevent6944 C:\fft\topfft\topfft.xpr
# Log file: C:/fft/topfft/vivado.log
# Journal file: C:/fft/topfft\vivado.jou
#-----------------------------------------------------------
start_gui
open_project C:/fft/topfft/topfft.xpr
update_compile_order -fileset sources_1
update_compile_order -fileset sources_1
update_compile_order -fileset sources_1
update_compile_order -fileset sources_1
synth_design -rtl -name rtl_1
file mkdir C:/fft/topfft/topfft.srcs/sim_1/new
set_property SOURCE_SET sources_1 [get_filesets sim_1]
close [ open C:/fft/topfft/topfft.srcs/sim_1/new/topfft_tb.v w ]
add_files -fileset sim_1 C:/fft/topfft/topfft.srcs/sim_1/new/topfft_tb.v
update_compile_order -fileset sim_1
update_compile_order -fileset sim_1
update_compile_order -fileset sim_1
update_compile_order -fileset sim_1
launch_simulation
source topfft_tb.tcl
close_sim
launch_simulation
source topfft_tb.tcl
close_sim
launch_simulation
source topfft_tb.tcl
refresh_design
close_sim
launch_simulation
source topfft_tb.tcl
save_wave_config {C:/fft/topfft/topfft_tb_behav.wcfg}
add_files -fileset sim_1 -norecurse C:/fft/topfft/topfft_tb_behav.wcfg
set_property xsim.view C:/fft/topfft/topfft_tb_behav.wcfg [get_filesets sim_1]
save_wave_config {C:/fft/topfft/topfft_tb_behav.wcfg}
close_sim
launch_simulation
open_wave_config C:/fft/topfft/topfft_tb_behav.wcfg
source topfft_tb.tcl
save_wave_config {C:/fft/topfft/topfft_tb_behav.wcfg}
save_wave_config {C:/fft/topfft/topfft_tb_behav.wcfg}
close_sim
launch_simulation
open_wave_config C:/fft/topfft/topfft_tb_behav.wcfg
source topfft_tb.tcl
save_wave_config {C:/fft/topfft/topfft_tb_behav.wcfg}
close_sim
launch_simulation
open_wave_config C:/fft/topfft/topfft_tb_behav.wcfg
source topfft_tb.tcl
close_sim
launch_simulation
open_wave_config C:/fft/topfft/topfft_tb_behav.wcfg
source topfft_tb.tcl
save_wave_config {C:/fft/topfft/topfft_tb_behav.wcfg}
close_sim
launch_simulation
open_wave_config C:/fft/topfft/topfft_tb_behav.wcfg
source topfft_tb.tcl
refresh_design
close_sim
launch_simulation
open_wave_config C:/fft/topfft/topfft_tb_behav.wcfg
source topfft_tb.tcl
save_wave_config {C:/fft/topfft/topfft_tb_behav.wcfg}
refresh_design
close_sim
launch_simulation
open_wave_config C:/fft/topfft/topfft_tb_behav.wcfg
source topfft_tb.tcl
close_sim
launch_simulation
open_wave_config C:/fft/topfft/topfft_tb_behav.wcfg
source topfft_tb.tcl
save_wave_config {C:/fft/topfft/topfft_tb_behav.wcfg}
close_sim
launch_simulation
open_wave_config C:/fft/topfft/topfft_tb_behav.wcfg
source topfft_tb.tcl
close_sim
launch_simulation
open_wave_config C:/fft/topfft/topfft_tb_behav.wcfg
source topfft_tb.tcl
refresh_design
refresh_design
close_sim
launch_simulation
open_wave_config C:/fft/topfft/topfft_tb_behav.wcfg
source topfft_tb.tcl
refresh_design
close_sim
launch_simulation
open_wave_config C:/fft/topfft/topfft_tb_behav.wcfg
source topfft_tb.tcl
refresh_design
refresh_design
refresh_design
refresh_design
refresh_design
refresh_design
refresh_design
refresh_design
refresh_design
refresh_design
refresh_design
refresh_design
refresh_design
refresh_design
refresh_design
close_sim
launch_simulation
open_wave_config C:/fft/topfft/topfft_tb_behav.wcfg
source topfft_tb.tcl
close_sim
launch_simulation
open_wave_config C:/fft/topfft/topfft_tb_behav.wcfg
source topfft_tb.tcl
refresh_design
close_sim
launch_simulation
open_wave_config C:/fft/topfft/topfft_tb_behav.wcfg
source topfft_tb.tcl
close_sim
launch_simulation
open_wave_config C:/fft/topfft/topfft_tb_behav.wcfg
source topfft_tb.tcl
refresh_design
refresh_design
refresh_design
refresh_design
refresh_design
close_sim
launch_simulation
open_wave_config C:/fft/topfft/topfft_tb_behav.wcfg
source topfft_tb.tcl
refresh_design
save_wave_config {C:/fft/topfft/topfft_tb_behav.wcfg}
close_sim
launch_simulation
open_wave_config C:/fft/topfft/topfft_tb_behav.wcfg
source topfft_tb.tcl
refresh_design
save_wave_config {C:/fft/topfft/topfft_tb_behav.wcfg}
close_sim
launch_simulation
open_wave_config C:/fft/topfft/topfft_tb_behav.wcfg
source topfft_tb.tcl
refresh_design
close_sim
launch_simulation
open_wave_config C:/fft/topfft/topfft_tb_behav.wcfg
source topfft_tb.tcl
refresh_design
refresh_design
close_sim
launch_simulation
open_wave_config C:/fft/topfft/topfft_tb_behav.wcfg
source topfft_tb.tcl
refresh_design
close_sim
launch_simulation
open_wave_config C:/fft/topfft/topfft_tb_behav.wcfg
source topfft_tb.tcl
refresh_design
close_sim
launch_simulation
open_wave_config C:/fft/topfft/topfft_tb_behav.wcfg
source topfft_tb.tcl
refresh_design
close_sim
launch_simulation
open_wave_config C:/fft/topfft/topfft_tb_behav.wcfg
source topfft_tb.tcl
refresh_design
close_sim
launch_simulation
open_wave_config C:/fft/topfft/topfft_tb_behav.wcfg
source topfft_tb.tcl
refresh_design
close_sim
launch_simulation
open_wave_config C:/fft/topfft/topfft_tb_behav.wcfg
source topfft_tb.tcl
save_wave_config {C:/fft/topfft/topfft_tb_behav.wcfg}
save_wave_config {C:/fft/topfft/topfft_tb_behav.wcfg}
close_sim
launch_simulation
open_wave_config C:/fft/topfft/topfft_tb_behav.wcfg
source topfft_tb.tcl
save_wave_config {C:/fft/topfft/topfft_tb_behav.wcfg}
save_wave_config {C:/fft/topfft/topfft_tb_behav.wcfg}
save_wave_config {C:/fft/topfft/topfft_tb_behav.wcfg}
close_sim
launch_simulation
open_wave_config C:/fft/topfft/topfft_tb_behav.wcfg
source topfft_tb.tcl
save_wave_config {C:/fft/topfft/topfft_tb_behav.wcfg}
close_sim
launch_simulation
open_wave_config C:/fft/topfft/topfft_tb_behav.wcfg
source topfft_tb.tcl
close_sim
launch_simulation
open_wave_config C:/fft/topfft/topfft_tb_behav.wcfg
source topfft_tb.tcl
save_wave_config {C:/fft/topfft/topfft_tb_behav.wcfg}
close_sim
launch_simulation
open_wave_config C:/fft/topfft/topfft_tb_behav.wcfg
source topfft_tb.tcl
save_wave_config {C:/fft/topfft/topfft_tb_behav.wcfg}
close_sim
launch_simulation
open_wave_config C:/fft/topfft/topfft_tb_behav.wcfg
source topfft_tb.tcl
save_wave_config {C:/fft/topfft/topfft_tb_behav.wcfg}
close_sim
launch_simulation
open_wave_config C:/fft/topfft/topfft_tb_behav.wcfg
source topfft_tb.tcl
refresh_design
close_sim
launch_simulation
open_wave_config C:/fft/topfft/topfft_tb_behav.wcfg
source topfft_tb.tcl
close_sim
launch_simulation
open_wave_config C:/fft/topfft/topfft_tb_behav.wcfg
source topfft_tb.tcl
save_wave_config {C:/fft/topfft/topfft_tb_behav.wcfg}
save_wave_config {C:/fft/topfft/topfft_tb_behav.wcfg}
close_sim
launch_simulation
open_wave_config C:/fft/topfft/topfft_tb_behav.wcfg
source topfft_tb.tcl
save_wave_config {C:/fft/topfft/topfft_tb_behav.wcfg}
refresh_design
close_sim
launch_simulation
open_wave_config C:/fft/topfft/topfft_tb_behav.wcfg
source topfft_tb.tcl
close_sim
launch_simulation
open_wave_config C:/fft/topfft/topfft_tb_behav.wcfg
source topfft_tb.tcl
save_wave_config {C:/fft/topfft/topfft_tb_behav.wcfg}
close_sim
launch_simulation
open_wave_config C:/fft/topfft/topfft_tb_behav.wcfg
source topfft_tb.tcl
save_wave_config {C:/fft/topfft/topfft_tb_behav.wcfg}
close_sim
