#-----------------------------------------------------------
# Vivado v2019.1.1 (64-bit)
# SW Build 2552052 on Fri May 24 14:49:42 MDT 2019
# IP Build 2579722 on Sat Jun 29 11:35:40 MDT 2019
# Start of session at: Tue Aug 13 09:44:57 2019
# Process ID: 10812
# Current directory: C:/fft/topfft
# Command line: vivado.exe -gui_launcher_event rodinguilauncherevent4168 C:\fft\topfft\topfft.xpr
# Log file: C:/fft/topfft/vivado.log
# Journal file: C:/fft/topfft\vivado.jou
#-----------------------------------------------------------
start_gui
open_project C:/fft/topfft/topfft.xpr
update_compile_order -fileset sources_1
synth_design -rtl -name rtl_1
# Disabling source management mode.  This is to allow the top design properties to be set without GUI intervention.
set_property source_mgmt_mode None [current_project]
set_property top topfft_tb [get_filesets sim_1]
set_property top_lib xil_defaultlib [get_filesets sim_1]
# Re-enabling previously disabled source management mode.
set_property source_mgmt_mode All [current_project]
update_compile_order -fileset sim_1
launch_simulation
open_wave_config C:/fft/topfft/topfft_tb_behav.wcfg
source topfft_tb.tcl
save_wave_config {C:/fft/topfft/topfft_tb_behav.wcfg}
close_sim
launch_simulation
open_wave_config C:/fft/topfft/topfft_tb_behav.wcfg
source topfft_tb.tcl
save_wave_config {C:/fft/topfft/topfft_tb_behav.wcfg}
close_sim
launch_simulation
open_wave_config C:/fft/topfft/topfft_tb_behav.wcfg
source topfft_tb.tcl
close_sim
launch_simulation
open_wave_config C:/fft/topfft/topfft_tb_behav.wcfg
source topfft_tb.tcl
close_sim
launch_simulation
open_wave_config C:/fft/topfft/topfft_tb_behav.wcfg
source topfft_tb.tcl
close_sim
launch_simulation
open_wave_config C:/fft/topfft/topfft_tb_behav.wcfg
source topfft_tb.tcl
refresh_design
close_sim
launch_simulation
open_wave_config C:/fft/topfft/topfft_tb_behav.wcfg
source topfft_tb.tcl
refresh_design
close_sim
launch_simulation
open_wave_config C:/fft/topfft/topfft_tb_behav.wcfg
source topfft_tb.tcl
refresh_design
close_sim
launch_simulation
open_wave_config C:/fft/topfft/topfft_tb_behav.wcfg
source topfft_tb.tcl
refresh_design
close_sim
launch_simulation
open_wave_config C:/fft/topfft/topfft_tb_behav.wcfg
source topfft_tb.tcl
refresh_design
close_sim
launch_simulation
open_wave_config C:/fft/topfft/topfft_tb_behav.wcfg
source topfft_tb.tcl
refresh_design
close_sim
launch_simulation
open_wave_config C:/fft/topfft/topfft_tb_behav.wcfg
source topfft_tb.tcl
refresh_design
close_sim
launch_simulation
open_wave_config C:/fft/topfft/topfft_tb_behav.wcfg
source topfft_tb.tcl
refresh_design
close_sim
launch_simulation
open_wave_config C:/fft/topfft/topfft_tb_behav.wcfg
source topfft_tb.tcl
refresh_design
close_sim
launch_simulation
open_wave_config C:/fft/topfft/topfft_tb_behav.wcfg
source topfft_tb.tcl
save_wave_config {C:/fft/topfft/topfft_tb_behav.wcfg}
refresh_design
close_sim
launch_simulation
open_wave_config C:/fft/topfft/topfft_tb_behav.wcfg
source topfft_tb.tcl
refresh_design
close_sim
launch_simulation
open_wave_config C:/fft/topfft/topfft_tb_behav.wcfg
source topfft_tb.tcl
refresh_design
close_sim
launch_simulation
open_wave_config C:/fft/topfft/topfft_tb_behav.wcfg
source topfft_tb.tcl
close_sim
launch_simulation
open_wave_config C:/fft/topfft/topfft_tb_behav.wcfg
source topfft_tb.tcl
refresh_design
close_sim
launch_simulation
open_wave_config C:/fft/topfft/topfft_tb_behav.wcfg
source topfft_tb.tcl
save_wave_config {C:/fft/topfft/topfft_tb_behav.wcfg}
close_sim
launch_simulation
open_wave_config C:/fft/topfft/topfft_tb_behav.wcfg
source topfft_tb.tcl
refresh_design
refresh_design
close_sim
launch_simulation
open_wave_config C:/fft/topfft/topfft_tb_behav.wcfg
source topfft_tb.tcl
refresh_design
save_wave_config {C:/fft/topfft/topfft_tb_behav.wcfg}
close_sim
launch_simulation
open_wave_config C:/fft/topfft/topfft_tb_behav.wcfg
source topfft_tb.tcl
save_wave_config {C:/fft/topfft/topfft_tb_behav.wcfg}
save_wave_config {C:/fft/topfft/topfft_tb_behav.wcfg}
save_wave_config {C:/fft/topfft/topfft_tb_behav.wcfg}
refresh_design
close_sim
launch_simulation
open_wave_config C:/fft/topfft/topfft_tb_behav.wcfg
source topfft_tb.tcl
save_wave_config {C:/fft/topfft/topfft_tb_behav.wcfg}
refresh_design
close_sim
launch_simulation
open_wave_config C:/fft/topfft/topfft_tb_behav.wcfg
source topfft_tb.tcl
save_wave_config {C:/fft/topfft/topfft_tb_behav.wcfg}
save_wave_config {C:/fft/topfft/topfft_tb_behav.wcfg}
save_wave_config {C:/fft/topfft/topfft_tb_behav.wcfg}
close_sim
launch_simulation
open_wave_config C:/fft/topfft/topfft_tb_behav.wcfg
source topfft_tb.tcl
close_sim
launch_simulation
open_wave_config C:/fft/topfft/topfft_tb_behav.wcfg
source topfft_tb.tcl
close_sim
launch_simulation
open_wave_config C:/fft/topfft/topfft_tb_behav.wcfg
source topfft_tb.tcl
close_sim
launch_simulation
open_wave_config C:/fft/topfft/topfft_tb_behav.wcfg
source topfft_tb.tcl
save_wave_config {C:/fft/topfft/topfft_tb_behav.wcfg}
close_sim
