 
****************************************
Report : timing
        -path full
        -delay max
        -nets
        -max_paths 1
        -transition_time
Design : topfft
Version: O-2018.06-SP2
Date   : Tue Oct 22 12:18:29 2019
****************************************

 # A fanout number of 1000 was used for high fanout net computations.

Operating Conditions: typical   Library: gscl45nm
Wire Load Model Mode: top

  Startpoint: u_topfft_in_a_sat0_Mcoeff0_0_coeff_out_reg_3_
              (rising edge-triggered flip-flop clocked by CLK)
  Endpoint: u_topfft_sat2_a_sat3_Blq_BFV_1_DB_Dgen_0__nD_Q_reg_28_
            (rising edge-triggered flip-flop clocked by CLK)
  Path Group: CLK
  Path Type: max

Attributes:
    d - dont_touch
    u - dont_use
   mo - map_only
   so - size_only
    i - ideal_net or ideal_network
  inf - infeasible path

  Point                                       Fanout     Trans      Incr       Path      Attributes
  ---------------------------------------------------------------------------------------------------------
  clock CLK (rise edge)                                             0.00       0.00
  clock network delay (ideal)                                       0.00       0.00
  u_topfft_in_a_sat0_Mcoeff0_0_coeff_out_reg_3_/CLK (DFFPOSX1)     0.00     0.00 #     0.00 r
  u_topfft_in_a_sat0_Mcoeff0_0_coeff_out_reg_3_/Q (DFFPOSX1)     0.06     0.13     0.13 f
  u_topfft_in_a_sat0_coefficientes0_0[3] (net)     7                0.00       0.13 f
  U26054/Y (XOR2X1)                                       0.06      0.05       0.18 r
  n63603 (net)                                  2                   0.00       0.18 r
  U25621/Y (AOI22X1)                                      0.05      0.05       0.23 f
  n139554 (net)                                 3                   0.00       0.23 f
  U25816/Y (NAND2X1)                                      0.03      0.04       0.27 r
  n130012 (net)                                 1                   0.00       0.27 r
  U28748/Y (NAND2X1)                                      0.02      0.02       0.29 f
  n132271 (net)                                 1                   0.00       0.29 f
  U87400/Y (OAI21X1)                                      0.08      0.05       0.34 r
  n63805 (net)                                  1                   0.00       0.34 r
  U87794/YS (FAX1)                                        0.07      0.11       0.45 r
  n63774 (net)                                  1                   0.00       0.45 r
  U87778/YS (FAX1)                                        0.03      0.09       0.54 r
  n63758 (net)                                  2                   0.00       0.54 r
  U27999/Y (OR2X2)                                        0.02      0.05       0.59 r
  n139053 (net)                                 3                   0.00       0.59 r
  U27881/Y (AOI21X1)                                      0.02      0.03       0.62 f
  n129837 (net)                                 1                   0.00       0.62 f
  U27846/Y (NAND2X1)                                      0.04      0.02       0.64 r
  n130749 (net)                                 2                   0.00       0.64 r
  U52441/Y (AOI21X1)                                      0.04      0.05       0.68 f
  n21778 (net)                                  3                   0.00       0.68 f
  U29038/Y (OAI21X1)                                      0.08      0.07       0.76 r
  n29967 (net)                                  3                   0.00       0.76 r
  U53375/Y (AOI21X1)                                      0.02      0.03       0.79 f
  n138108 (net)                                 2                   0.00       0.79 f
  U58448/Y (INVX1)                                        0.00      0.01       0.80 r
  n139153 (net)                                 2                   0.00       0.80 r
  U59086/Y (INVX1)                                        0.03      0.02       0.82 f
  n139594 (net)                                 3                   0.00       0.82 f
  U52045/Y (OAI21X1)                                      0.06      0.05       0.88 r
  n31120 (net)                                  1                   0.00       0.88 r
  U25592/Y (XNOR2X1)                                      0.06      0.06       0.93 r
  n116343 (net)                                 3                   0.00       0.93 r
  U29212/Y (NAND2X1)                                      0.02      0.03       0.96 f
  n130664 (net)                                 2                   0.00       0.96 f
  U25773/Y (AND2X2)                                       0.00      0.03       1.00 f
  n14327 (net)                                  1                   0.00       1.00 f
  U55035/Y (INVX1)                                        0.00      0.00       0.99 r
  n137774 (net)                                 1                   0.00       0.99 r
  U25707/Y (NAND2X1)                                      0.03      0.02       1.01 f
  n130096 (net)                                 2                   0.00       1.01 f
  U25689/Y (INVX1)                                        0.00      0.01       1.01 r
  n129395 (net)                                 1                   0.00       1.01 r
  U25706/Y (NAND2X1)                                      0.02      0.01       1.03 f
  n132786 (net)                                 1                   0.00       1.03 f
  U24594/Y (OAI21X1)                                      0.05      0.05       1.08 r
  n14324 (net)                                  2                   0.00       1.08 r
  U24593/Y (INVX2)                                        0.03      0.03       1.12 f
  n34444 (net)                                  6                   0.00       1.12 f
  U27441/Y (OAI21X1)                                      0.06      0.06       1.17 r
  n30469 (net)                                  2                   0.00       1.17 r
  U27439/Y (AOI21X1)                                      0.01      0.03       1.21 f
  n30467 (net)                                  1                   0.00       1.21 f
  U33886/Y (INVX1)                                        0.00      0.02       1.22 r
  n19810 (net)                                  3                   0.00       1.22 r
  U25288/Y (AND2X2)                                       0.06      0.06       1.29 r
  n134101 (net)                                 5                   0.00       1.29 r
  U53230/Y (XOR2X1)                                       0.05      0.04       1.33 r
  n63379 (net)                                  2                   0.00       1.33 r
  U33566/Y (AND2X2)                                       0.01      0.03       1.37 r
  n137004 (net)                                 1                   0.00       1.37 r
  U33568/Y (INVX1)                                        0.01      0.01       1.38 f
  n131351 (net)                                 1                   0.00       1.38 f
  U27887/Y (AND2X2)                                       0.00      0.03       1.41 f
  n21763 (net)                                  1                   0.00       1.41 f
  U35830/Y (INVX2)                                        0.01      0.03       1.44 r
  n134487 (net)                                 1                   0.00       1.44 r
  U88942/YS (FAX1)                                        0.05      0.10       1.54 r
  n67363 (net)                                  1                   0.00       1.54 r
  U88943/YS (FAX1)                                        0.05      0.10       1.63 r
  n67352 (net)                                  3                   0.00       1.63 r
  U28875/Y (XOR2X1)                                       0.06      0.05       1.68 r
  n35722 (net)                                  1                   0.00       1.68 r
  U52683/Y (XNOR2X1)                                      0.07      0.06       1.74 r
  n67379 (net)                                  1                   0.00       1.74 r
  U88946/YS (FAX1)                                        0.01      0.09       1.83 f
  n67345 (net)                                  2                   0.00       1.83 f
  U27382/Y (OR2X2)                                        0.01      0.04       1.87 f
  n63483 (net)                                  3                   0.00       1.87 f
  U28584/Y (AND2X2)                                       0.01      0.04       1.90 f
  n28474 (net)                                  2                   0.00       1.90 f
  U25235/Y (AOI21X1)                                      0.05      0.04       1.95 r
  n22463 (net)                                  3                   0.00       1.95 r
  U27288/Y (NAND2X1)                                      0.03      0.03       1.98 f
  n134716 (net)                                 3                   0.00       1.98 f
  U29046/Y (NOR2X1)                                       0.02      0.03       2.01 r
  n138194 (net)                                 1                   0.00       2.01 r
  U34658/Y (INVX1)                                        0.01      0.02       2.03 f
  n133050 (net)                                 2                   0.00       2.03 f
  U50641/Y (AND2X2)                                       0.00      0.04       2.07 f
  n18501 (net)                                  2                   0.00       2.07 f
  U52288/Y (INVX1)                                        0.00      0.00       2.06 r
  n136209 (net)                                 1                   0.00       2.06 r
  U51936/Y (AOI21X1)                                      0.02      0.02       2.09 f
  n18716 (net)                                  1                   0.00       2.09 f
  U51432/Y (AND2X2)                                       0.02      0.05       2.14 f
  n31390 (net)                                  5                   0.00       2.14 f
  U27709/Y (NAND2X1)                                      0.05      0.03       2.16 r
  n129816 (net)                                 1                   0.00       2.16 r
  U27708/Y (XNOR2X1)                                      0.05      0.06       2.22 r
  n26502 (net)                                  1                   0.00       2.22 r
  U51765/Y (XNOR2X1)                                      0.06      0.05       2.28 r
  n67820 (net)                                  2                   0.00       2.28 r
  U89067/Y (BUFX4)                                        0.08      0.06       2.34 r
  n69400 (net)                                 22                   0.00       2.34 r
  U26177/Y (INVX2)                                        0.03      0.02       2.36 f
  n29943 (net)                                  1                   0.00       2.36 f
  U25529/Y (NAND2X1)                                      0.03      0.02       2.37 r
  n129347 (net)                                 1                   0.00       2.37 r
  U25528/Y (AND2X2)                                       0.03      0.04       2.42 r
  n139558 (net)                                 3                   0.00       2.42 r
  U25924/Y (XNOR2X1)                                      0.05      0.05       2.47 r
  n139000 (net)                                 1                   0.00       2.47 r
  U57557/Y (XNOR2X1)                                      0.08      0.07       2.53 r
  n68638 (net)                                  3                   0.00       2.53 r
  U27766/Y (OR2X1)                                        0.02      0.04       2.57 r
  n19094 (net)                                  1                   0.00       2.57 r
  U25074/Y (AOI22X1)                                      0.04      0.02       2.59 f
  n21323 (net)                                  1                   0.00       2.59 f
  U28321/Y (INVX2)                                        0.03      0.03       2.63 r
  n139191 (net)                                 3                   0.00       2.63 r
  U48695/Y (XOR2X1)                                       0.06      0.06       2.68 r
  n136146 (net)                                 1                   0.00       2.68 r
  U27972/Y (XNOR2X1)                                      0.03      0.04       2.73 f
  n68664 (net)                                  1                   0.00       2.73 f
  U89303/YC (FAX1)                                        0.02      0.08       2.80 f
  n69135 (net)                                  2                   0.00       2.80 f
  U56360/Y (OR2X2)                                        0.01      0.05       2.85 f
  n139151 (net)                                 2                   0.00       2.85 f
  U47784/Y (INVX1)                                        0.00      0.01       2.86 r
  n135339 (net)                                 2                   0.00       2.86 r
  U58442/Y (INVX1)                                        0.02      0.02       2.88 f
  n27889 (net)                                  3                   0.00       2.88 f
  U28107/Y (AND2X2)                                       0.00      0.04       2.91 f
  n135636 (net)                                 1                   0.00       2.91 f
  U27263/Y (AND2X2)                                       0.01      0.05       2.96 f
  n136674 (net)                                 8                   0.00       2.96 f
  U27262/Y (AND2X2)                                       0.00      0.04       3.00 f
  n22252 (net)                                  2                   0.00       3.00 f
  U25447/Y (NAND2X1)                                      0.03      0.01       3.01 r
  n129326 (net)                                 1                   0.00       3.01 r
  U25446/Y (NAND2X1)                                      0.02      0.02       3.03 f
  n132791 (net)                                 1                   0.00       3.03 f
  U25563/Y (OAI21X1)                                      0.05      0.05       3.08 r
  n27668 (net)                                  2                   0.00       3.08 r
  U29516/Y (NAND2X1)                                      0.02      0.03       3.10 f
  n130529 (net)                                 2                   0.00       3.10 f
  U28403/Y (AND2X2)                                       0.01      0.04       3.14 f
  n70328 (net)                                  3                   0.00       3.14 f
  U25233/Y (OAI21X1)                                      0.06      0.05       3.19 r
  n35787 (net)                                  3                   0.00       3.19 r
  U25146/Y (AND2X2)                                       0.02      0.04       3.23 r
  n19556 (net)                                  2                   0.00       3.23 r
  U25144/Y (OR2X2)                                        0.02      0.04       3.27 r
  n31155 (net)                                  2                   0.00       3.27 r
  U51638/Y (AOI21X1)                                      0.03      0.03       3.30 f
  n15313 (net)                                  2                   0.00       3.30 f
  U28023/Y (XOR2X1)                                       0.04      0.04       3.34 r
  n129868 (net)                                 1                   0.00       3.34 r
  U28022/Y (OAI21X1)                                      0.00      0.02       3.36 f
  n130877 (net)                                 1                   0.00       3.36 f
  U32376/Y (INVX1)                                        0.00      0.00       3.35 r
  n137193 (net)                                 1                   0.00       3.35 r
  U52787/Y (AND2X2)                                       0.03      0.05       3.40 r
  n31493 (net)                                  5                   0.00       3.40 r
  U52779/Y (OR2X2)                                        0.01      0.04       3.44 r
  n30777 (net)                                  2                   0.00       3.44 r
  U55493/Y (INVX1)                                        0.01      0.02       3.46 f
  n138184 (net)                                 1                   0.00       3.46 f
  U28933/Y (NAND2X1)                                      0.04      0.03       3.49 r
  n130484 (net)                                 2                   0.00       3.49 r
  U26707/Y (NAND3X1)                                      0.01      0.02       3.51 f
  n135071 (net)                                 1                   0.00       3.51 f
  U28283/Y (AND2X2)                                       0.01      0.04       3.55 f
  n15473 (net)                                  3                   0.00       3.55 f
  U28282/Y (OAI21X1)                                      0.04      0.04       3.59 r
  n21993 (net)                                  1                   0.00       3.59 r
  U30402/Y (INVX2)                                        0.03      0.03       3.63 f
  n34461 (net)                                  7                   0.00       3.63 f
  U50422/Y (OAI21X1)                                      0.06      0.06       3.69 r
  n15444 (net)                                  2                   0.00       3.69 r
  U32147/Y (BUFX4)                                        0.02      0.03       3.71 r
  n34875 (net)                                  5                   0.00       3.71 r
  U53416/Y (AOI21X1)                                      0.02      0.02       3.73 f
  n137726 (net)                                 1                   0.00       3.73 f
  U27809/Y (NAND2X1)                                      0.03      0.01       3.74 r
  n131799 (net)                                 1                   0.00       3.74 r
  U34516/Y (AND2X2)                                       0.01      0.04       3.78 r
  n136633 (net)                                 2                   0.00       3.78 r
  U34517/Y (INVX1)                                        0.04      0.03       3.81 f
  n132898 (net)                                 1                   0.00       3.81 f
  U29881/Y (INVX8)                                        0.03      0.03       3.84 r
  n22094 (net)                                  9                   0.00       3.84 r
  U53532/Y (XNOR2X1)                                      0.05      0.05       3.89 r
  n70768 (net)                                  2                   0.00       3.89 r
  U25456/Y (OAI21X1)                                      0.02      0.03       3.93 f
  n31310 (net)                                  2                   0.00       3.93 f
  U27794/Y (AOI22X1)                                      0.05      0.03       3.96 r
  n23635 (net)                                  2                   0.00       3.96 r
  U29797/Y (INVX1)                                        0.03      0.04       4.00 f
  n27440 (net)                                  4                   0.00       4.00 f
  U32654/Y (AND2X2)                                       0.00      0.04       4.04 f
  n135966 (net)                                 1                   0.00       4.04 f
  U27807/Y (AOI21X1)                                      0.03      0.02       4.06 r
  n130079 (net)                                 1                   0.00       4.06 r
  U29131/Y (NAND2X1)                                      0.03      0.02       4.08 f
  n133367 (net)                                 1                   0.00       4.08 f
  U32104/Y (XNOR2X1)                                      0.06      0.05       4.13 r
  n34938 (net)                                  3                   0.00       4.13 r
  U29617/Y (NAND2X1)                                      0.02      0.03       4.15 f
  n131136 (net)                                 1                   0.00       4.15 f
  U29455/Y (NAND2X1)                                      0.06      0.05       4.20 r
  n133784 (net)                                 1                   0.00       4.20 r
  U89846/YS (FAX1)                                        0.02      0.09       4.29 f
  n70913 (net)                                  1                   0.00       4.29 f
  U89849/YS (FAX1)                                        0.01      0.08       4.38 f
  n70849 (net)                                  2                   0.00       4.38 f
  U28932/Y (OR2X2)                                        0.01      0.04       4.42 f
  n34893 (net)                                  4                   0.00       4.42 f
  U27658/Y (NAND2X1)                                      0.05      0.04       4.46 r
  n133693 (net)                                 2                   0.00       4.46 r
  U25431/Y (INVX2)                                        0.02      0.02       4.48 f
  n136614 (net)                                 2                   0.00       4.48 f
  U32310/Y (AND2X2)                                       0.00      0.04       4.52 f
  n130866 (net)                                 2                   0.00       4.52 f
  U28850/Y (NAND2X1)                                      0.04      0.01       4.53 r
  n133073 (net)                                 2                   0.00       4.53 r
  U26920/Y (AND2X2)                                       0.02      0.04       4.57 r
  n15432 (net)                                  2                   0.00       4.57 r
  U29196/Y (INVX2)                                        0.01      0.03       4.60 f
  n21963 (net)                                  4                   0.00       4.60 f
  U51332/Y (AOI21X1)                                      0.06      0.06       4.66 r
  n62775 (net)                                  3                   0.00       4.66 r
  U26995/Y (XNOR2X1)                                      0.03      0.05       4.71 f
  n114611 (net)                                 4                   0.00       4.71 f
  U52382/Y (AND2X2)                                       0.01      0.04       4.75 f
  n34801 (net)                                  3                   0.00       4.75 f
  U53587/Y (OAI21X1)                                      0.04      0.04       4.79 r
  n136632 (net)                                 1                   0.00       4.79 r
  U24362/Y (INVX2)                                        0.02      0.02       4.81 f
  n27749 (net)                                  2                   0.00       4.81 f
  U28909/Y (AOI21X1)                                      0.06      0.06       4.88 r
  n135368 (net)                                 4                   0.00       4.88 r
  U25524/Y (INVX2)                                        0.03      0.03       4.90 f
  n129344 (net)                                 4                   0.00       4.90 f
  U48180/Y (INVX1)                                        0.00      0.02       4.92 r
  n135376 (net)                                 2                   0.00       4.92 r
  U53685/Y (OAI21X1)                                      0.00      0.01       4.94 f
  n29029 (net)                                  1                   0.00       4.94 f
  U28293/Y (OAI21X1)                                      0.10      0.08       5.02 r
  n34436 (net)                                  7                   0.00       5.02 r
  U41692/Y (AND2X1)                                       0.01      0.03       5.05 r
  n17084 (net)                                  1                   0.00       5.05 r
  U27852/Y (AOI21X1)                                      0.08      0.01       5.06 f
  n129833 (net)                                 1                   0.00       5.06 f
  U27250/Y (INVX1)                                        0.00      0.03       5.09 r
  n133208 (net)                                 1                   0.00       5.09 r
  u_topfft_sat1_a_sat2_M5_2_DP_OP_11J1_129_5388_U1698/Y (MUX2X1)     0.08     0.07     5.16 r so 
  u_topfft_sat1_a_sat2_M5_2_DP_OP_11J1_129_5388_n2104 (net)     1     0.00     5.16 r
  U96738/YS (FAX1)                                        0.03      0.11       5.26 f
  n85690 (net)                                  3                   0.00       5.26 f
  U25480/Y (OAI21X1)                                      0.05      0.05       5.31 r
  n14682 (net)                                  2                   0.00       5.31 r
  U25479/Y (NAND2X1)                                      0.02      0.02       5.34 f
  n129718 (net)                                 1                   0.00       5.34 f
  U27236/Y (OAI21X1)                                      0.04      0.04       5.38 r
  n134875 (net)                                 1                   0.00       5.38 r
  U29640/Y (NAND2X1)                                      0.04      0.03       5.41 f
  n133792 (net)                                 1                   0.00       5.41 f
  U96967/YC (FAX1)                                        0.03      0.09       5.50 f
  n86297 (net)                                  3                   0.00       5.50 f
  U58362/Y (OR2X1)                                        0.01      0.04       5.54 f
  n27388 (net)                                  1                   0.00       5.54 f
  U26462/Y (AOI21X1)                                      0.04      0.04       5.58 r
  n31509 (net)                                  2                   0.00       5.58 r
  U26283/Y (OR2X2)                                        0.02      0.05       5.63 r
  n33892 (net)                                  2                   0.00       5.63 r
  U26473/Y (INVX1)                                        0.01      0.02       5.65 f
  n22566 (net)                                  1                   0.00       5.65 f
  U27129/Y (AOI21X1)                                      0.02      0.02       5.66 r
  n36098 (net)                                  1                   0.00       5.66 r
  U50636/Y (INVX1)                                        0.01      0.02       5.68 f
  n27128 (net)                                  1                   0.00       5.68 f
  U51629/Y (AOI21X1)                                      0.03      0.02       5.71 r
  n136678 (net)                                 2                   0.00       5.71 r
  U22860/Y (INVX1)                                        0.04      0.04       5.74 f
  n130768 (net)                                 4                   0.00       5.74 f
  U50914/Y (AOI21X1)                                      0.03      0.04       5.78 r
  n28346 (net)                                  1                   0.00       5.78 r
  U27890/Y (NAND2X1)                                      0.03      0.02       5.80 f
  n130035 (net)                                 1                   0.00       5.80 f
  U27430/Y (XOR2X1)                                       0.03      0.04       5.84 f
  n25656 (net)                                  2                   0.00       5.84 f
  U27429/Y (NAND2X1)                                      0.04      0.02       5.86 r
  n132821 (net)                                 1                   0.00       5.86 r
  U53175/Y (NOR3X1)                                       0.03      0.04       5.90 f
  n30524 (net)                                  3                   0.00       5.90 f
  U30071/Y (INVX1)                                        0.00      0.01       5.91 r
  n15154 (net)                                  1                   0.00       5.91 r
  U27540/Y (NOR2X1)                                       0.00      0.01       5.92 f
  n130133 (net)                                 1                   0.00       5.92 f
  U29484/Y (INVX1)                                        0.00      0.01       5.92 r
  n136566 (net)                                 3                   0.00       5.92 r
  U32154/Y (INVX1)                                        0.01      0.01       5.94 f
  n130764 (net)                                 2                   0.00       5.94 f
  U58332/Y (INVX1)                                        0.00      0.01       5.95 r
  n29264 (net)                                  2                   0.00       5.95 r
  U53976/Y (AND2X1)                                       0.03      0.03       5.98 r
  n113949 (net)                                 1                   0.00       5.98 r
  U52870/Y (OAI21X1)                                      0.00      0.02       6.00 f
  u_topfft_sat2_a_sat3_Blq_BFV_1_DB_Dgen_0__nD_N31 (net)     1      0.00       6.00 f
  u_topfft_sat2_a_sat3_Blq_BFV_1_DB_Dgen_0__nD_Q_reg_28_/D (DFFPOSX1)     0.00     0.00     6.00 f
  data arrival time                                                            6.00

  clock CLK (rise edge)                                             2.00       2.00
  clock network delay (ideal)                                       0.00       2.00
  u_topfft_sat2_a_sat3_Blq_BFV_1_DB_Dgen_0__nD_Q_reg_28_/CLK (DFFPOSX1)     0.00     2.00 r
  library setup time                                               -0.06       1.94
  data required time                                                           1.94
  ---------------------------------------------------------------------------------------------------------
  data required time                                                           1.94
  data arrival time                                                           -6.00
  ---------------------------------------------------------------------------------------------------------
  slack (VIOLATED)                                                            -4.05


1
