Information: Updating design information... (UID-85)
Warning: Design 'topfft' contains 1 high-fanout nets. A fanout number of 1000 will be used for delay calculations involving these nets. (TIM-134)
 
****************************************
Report : qor
Design : topfft
Version: O-2018.06-SP2
Date   : Tue Oct 22 12:18:29 2019
****************************************


  Timing Path Group 'CLK'
  -----------------------------------
  Levels of Logic:             156.00
  Critical Path Length:          6.00
  Critical Path Slack:          -4.05
  Critical Path Clk Period:      2.00
  Total Negative Slack:      -1877.74
  No. of Violating Paths:      829.00
  Worst Hold Violation:          0.00
  Total Hold Violation:          0.00
  No. of Hold Violations:        0.00
  -----------------------------------


  Cell Count
  -----------------------------------
  Hierarchical Cell Count:          0
  Hierarchical Port Count:          0
  Leaf Cell Count:             115011
  Buf/Inv Cell Count:           30495
  Buf Cell Count:                9929
  Inv Cell Count:               20566
  CT Buf/Inv Cell Count:            0
  Combinational Cell Count:    107105
  Sequential Cell Count:         7906
  Macro Count:                      0
  -----------------------------------


  Area
  -----------------------------------
  Combinational Area:   326936.433838
  Noncombinational Area: 63077.203701
  Buf/Inv Area:          53434.966033
  Total Buffer Area:         23422.29
  Total Inverter Area:       30012.67
  Macro/Black Box Area:      0.000000
  Net Area:                  0.000000
  -----------------------------------
  Cell Area:            390013.637539
  Design Area:          390013.637539


  Design Rules
  -----------------------------------
  Total Number of Nets:        136721
  Nets With Violations:         15193
  Max Trans Violations:             0
  Max Cap Violations:           15193
  -----------------------------------


  Hostname: nina.localdomain

  Compile CPU Statistics
  -----------------------------------------
  Resource Sharing:                    0.00
  Logic Optimization:                  0.00
  Mapping Optimization:                0.00
  -----------------------------------------
  Overall Compile Time:              155.43
  Overall Compile Wall Clock Time:    50.62

  --------------------------------------------------------------------

  Design  WNS: 4.05  TNS: 1877.74  Number of Violating Paths: 829


  Design (Hold)  WNS: 0.00  TNS: 0.00  Number of Violating Paths: 0

  --------------------------------------------------------------------


1
