Warning: Design 'topfft' has '19' unresolved references. For more detailed information, use the "link" command. (UID-341)
 
****************************************
Report : area
Design : topfft
Version: O-2018.06-SP2
Date   : Thu Nov  7 13:51:54 2019
****************************************

Library(s) Used:

    gscl45nm (File: /home/tools/synopsys/tech_kits/FreePDK45/osu_soc/lib/files/gscl45nm.db)

Number of ports:                         1826
Number of nets:                        114367
Number of cells:                       104198
Number of combinational cells:          96271
Number of sequential cells:              7912
Number of macros/black boxes:               0
Number of buf/inv:                      26770
Number of references:                      35

Combinational area:             294733.068172
Buf/Inv area:                    41738.133324
Noncombinational area:           62955.185703
Macro/Black Box area:                0.000000
Net Interconnect area:      undefined  (No wire load specified)

Total cell area:                357688.253875
Total area:                 undefined

Information: This design contains black box (unknown) components. (RPT-8)
1
