#-----------------------------------------------------------
# Vivado v2019.1.1 (64-bit)
# SW Build 2552052 on Fri May 24 14:49:42 MDT 2019
# IP Build 2579722 on Sat Jun 29 11:35:40 MDT 2019
# Start of session at: Thu Jul 25 16:23:51 2019
# Process ID: 3840
# Current directory: C:/fft/d
# Command line: vivado.exe -gui_launcher_event rodinguilauncherevent6256 C:\fft\d\d.xpr
# Log file: C:/fft/d/vivado.log
# Journal file: C:/fft/d\vivado.jou
#-----------------------------------------------------------
start_gui
open_project C:/fft/d/d.xpr
update_compile_order -fileset sources_1
synth_design -rtl -name rtl_1
synth_design -rtl -name rtl_1
synth_design -rtl -name rtl_1
refresh_design
refresh_design
refresh_design
refresh_design
refresh_design
refresh_design
refresh_design
refresh_design
refresh_design
refresh_design
refresh_design
refresh_design
refresh_design
refresh_design
refresh_design
refresh_design
refresh_design
refresh_design
refresh_design
# Disabling source management mode.  This is to allow the top design properties to be set without GUI intervention.
set_property source_mgmt_mode None [current_project]
set_property top D_reg [current_fileset]
# Re-enabling previously disabled source management mode.
set_property source_mgmt_mode All [current_project]
update_compile_order -fileset sources_1
refresh_design
# Disabling source management mode.  This is to allow the top design properties to be set without GUI intervention.
set_property source_mgmt_mode None [current_project]
set_property top topD [current_fileset]
# Re-enabling previously disabled source management mode.
set_property source_mgmt_mode All [current_project]
update_compile_order -fileset sources_1
refresh_design
refresh_design
refresh_design
refresh_design
refresh_design
refresh_design
refresh_design
refresh_design
refresh_design
refresh_design
refresh_design
refresh_design
