Warning: Design 'topfft' has '14' unresolved references. For more detailed information, use the "link" command. (UID-341)
 
****************************************
Report : multibit banking
Design : topfft
Version: O-2018.06-SP2
Date   : Fri Nov  8 15:53:19 2019
****************************************

Total number of sequential cells:                                 8072
    Number of single-bit flip-flops:                              8072
    Number of single-bit latches:                                    0
    Number of multi-bit flip-flops:                                  0
    Number of multi-bit latches:                                     0

Total number of single-bit equivalent sequential cells:           8072
    (A) Single-bit flip-flops:                                    8072
    (B) Single-bit latches:                                          0
    (C) Multi-bit flip-flops:                                        0
    (D) Multi-bit latches:                                           0

Sequential cells banking ratio ((C + D) / (A + B + C + D)):       0.00%
Flip-Flop cells banking ratio  ((C) / (A + C)):                   0.00%

Multi-bit Register Decomposition:
--------------------------------------------------------------------------------
Bit-Width Reference                 Number of instances    Single-bit Equivalent
--------------------------------------------------------------------------------
--------------------------------------------------------------------------------
1
