 
****************************************
Report : timing
        -path full
        -delay max
        -nets
        -max_paths 1
        -transition_time
Design : topfft
Version: O-2018.06-SP2
Date   : Tue Oct 22 11:09:50 2019
****************************************

 # A fanout number of 1000 was used for high fanout net computations.

Operating Conditions: typical   Library: gscl45nm
Wire Load Model Mode: top

  Startpoint: u_topfft_in_a_sat0_Mcoeff0_0_coeff_out_reg_2_
              (rising edge-triggered flip-flop clocked by CLK)
  Endpoint: u_topfft_sat2_a_sat3_Blq_BFV_1_DB_Dgen_0__nD_Q_reg_33_
            (rising edge-triggered flip-flop clocked by CLK)
  Path Group: CLK
  Path Type: max

Attributes:
    d - dont_touch
    u - dont_use
   mo - map_only
   so - size_only
    i - ideal_net or ideal_network
  inf - infeasible path

  Point                                       Fanout     Trans      Incr       Path      Attributes
  ---------------------------------------------------------------------------------------------------------
  clock CLK (rise edge)                                             0.00       0.00
  clock network delay (ideal)                                       0.00       0.00
  u_topfft_in_a_sat0_Mcoeff0_0_coeff_out_reg_2_/CLK (DFFPOSX1)     0.00     0.00 #     0.00 r
  u_topfft_in_a_sat0_Mcoeff0_0_coeff_out_reg_2_/Q (DFFPOSX1)     0.06     0.13     0.13 f
  u_topfft_in_a_sat0_coefficientes0_0[2] (net)     8                0.00       0.13 f
  U28324/Y (INVX1)                                        0.00      0.02       0.15 r
  n137339 (net)                                 1                   0.00       0.15 r
  U34514/Y (INVX1)                                        0.03      0.03       0.17 f
  n131575 (net)                                 2                   0.00       0.17 f
  U28325/Y (XNOR2X1)                                      0.02      0.04       0.21 f
  n64804 (net)                                  2                   0.00       0.21 f
  U28584/Y (OAI21X1)                                      0.06      0.06       0.27 r
  n36278 (net)                                  3                   0.00       0.27 r
  U29623/Y (NAND2X1)                                      0.02      0.03       0.29 f
  n132455 (net)                                 1                   0.00       0.29 f
  U28345/Y (NAND2X1)                                      0.07      0.05       0.35 r
  n135234 (net)                                 1                   0.00       0.35 r
  U88074/YS (FAX1)                                        0.07      0.11       0.46 r
  n65662 (net)                                  1                   0.00       0.46 r
  U88069/YS (FAX1)                                        0.01      0.09       0.55 f
  n65657 (net)                                  2                   0.00       0.55 f
  U29096/Y (OR2X2)                                        0.01      0.04       0.59 f
  n30010 (net)                                  3                   0.00       0.59 f
  U28928/Y (NAND2X1)                                      0.03      0.01       0.61 r
  n130457 (net)                                 1                   0.00       0.61 r
  U27508/Y (NAND2X1)                                      0.02      0.02       0.63 f
  n130085 (net)                                 1                   0.00       0.63 f
  U27507/Y (AOI21X1)                                      0.02      0.02       0.65 r
  n139785 (net)                                 1                   0.00       0.65 r
  U36359/Y (INVX1)                                        0.02      0.02       0.67 f
  n134359 (net)                                 2                   0.00       0.67 f
  U51900/Y (AOI21X1)                                      0.07      0.06       0.73 r
  n35309 (net)                                  4                   0.00       0.73 r
  U26831/Y (OAI21X1)                                      0.01      0.03       0.76 f
  n14652 (net)                                  1                   0.00       0.76 f
  U27607/Y (AOI21X1)                                      0.07      0.06       0.82 r
  n134865 (net)                                 4                   0.00       0.82 r
  U31107/Y (INVX2)                                        0.03      0.03       0.85 f
  n136736 (net)                                 4                   0.00       0.85 f
  U58737/Y (AOI21X1)                                      0.04      0.05       0.89 r
  n36328 (net)                                  1                   0.00       0.89 r
  U35906/Y (XNOR2X1)                                      0.03      0.04       0.93 f
  n116057 (net)                                 4                   0.00       0.93 f
  U58724/Y (OAI21X1)                                      0.05      0.05       0.98 r
  n66786 (net)                                  2                   0.00       0.98 r
  U49311/Y (INVX1)                                        0.01      0.03       1.01 f
  n31856 (net)                                  1                   0.00       1.01 f
  U49017/Y (AOI21X1)                                      0.04      0.02       1.03 r
  n20667 (net)                                  2                   0.00       1.03 r
  U31005/Y (INVX1)                                        0.02      0.03       1.06 f
  n36695 (net)                                  2                   0.00       1.06 f
  U47635/Y (INVX1)                                        0.00      0.00       1.06 r
  n136619 (net)                                 1                   0.00       1.06 r
  U47640/Y (INVX1)                                        0.02      0.02       1.08 f
  n136620 (net)                                 2                   0.00       1.08 f
  U57494/Y (OAI21X1)                                      0.04      0.04       1.12 r
  n141120 (net)                                 1                   0.00       1.12 r
  U57483/Y (OAI21X1)                                      0.00      0.02       1.14 f
  n17175 (net)                                  1                   0.00       1.14 f
  U25344/Y (AND2X2)                                       0.01      0.04       1.19 f
  n22417 (net)                                  3                   0.00       1.19 f
  U25066/Y (INVX4)                                        0.02      0.03       1.21 r
  n139968 (net)                                 3                   0.00       1.21 r
  U29804/Y (INVX8)                                        0.01      0.03       1.24 f
  n136409 (net)                                 5                   0.00       1.24 f
  U52941/Y (XNOR2X1)                                      0.02      0.03       1.27 f
  n68042 (net)                                  2                   0.00       1.27 f
  U25272/Y (OR2X1)                                        0.01      0.04       1.31 f
  n130330 (net)                                 1                   0.00       1.31 f
  U28377/Y (OAI21X1)                                      0.06      0.03       1.34 r
  n64754 (net)                                  2                   0.00       1.34 r
  U51979/Y (OAI21X1)                                      0.01      0.03       1.37 f
  n33651 (net)                                  1                   0.00       1.37 f
  U28373/Y (NAND2X1)                                      0.04      0.02       1.39 r
  n135789 (net)                                 2                   0.00       1.39 r
  U28372/Y (INVX1)                                        0.01      0.02       1.41 f
  n140823 (net)                                 1                   0.00       1.41 f
  U37236/Y (INVX1)                                        0.00      0.01       1.42 r
  n135788 (net)                                 1                   0.00       1.42 r
  U26077/Y (XOR2X1)                                       0.05      0.05       1.47 r
  n129658 (net)                                 1                   0.00       1.47 r
  U26076/Y (INVX2)                                        0.02      0.03       1.49 f
  n68409 (net)                                  1                   0.00       1.49 f
  U88972/YC (FAX1)                                        0.03      0.08       1.57 f
  n68490 (net)                                  2                   0.00       1.57 f
  U25668/Y (INVX1)                                        0.00      0.01       1.58 r
  n129541 (net)                                 1                   0.00       1.58 r
  U25667/Y (NAND2X1)                                      0.02      0.01       1.59 f
  n129544 (net)                                 1                   0.00       1.59 f
  U25683/Y (OAI21X1)                                      0.06      0.04       1.62 r
  n34999 (net)                                  2                   0.00       1.62 r
  U28150/Y (XNOR2X1)                                      0.05      0.05       1.67 r
  n130272 (net)                                 1                   0.00       1.67 r
  U28149/Y (XNOR2X1)                                      0.02      0.03       1.71 f
  n130287 (net)                                 1                   0.00       1.71 f
  U28201/Y (INVX1)                                        0.00      0.01       1.71 r
  n37253 (net)                                  2                   0.00       1.71 r
  U28975/Y (NAND2X1)                                      0.03      0.02       1.73 f
  n134020 (net)                                 2                   0.00       1.73 f
  U28954/Y (NAND2X1)                                      0.04      0.04       1.77 r
  n138033 (net)                                 2                   0.00       1.77 r
  U29088/Y (INVX1)                                        0.01      0.02       1.79 f
  n31848 (net)                                  1                   0.00       1.79 f
  U51258/Y (AND2X2)                                       0.00      0.03       1.83 f
  n19299 (net)                                  2                   0.00       1.83 f
  U51254/Y (AOI21X1)                                      0.02      0.03       1.85 r
  n137904 (net)                                 1                   0.00       1.85 r
  U51692/Y (INVX1)                                        0.02      0.02       1.88 f
  n15356 (net)                                  2                   0.00       1.88 f
  U51897/Y (AOI21X1)                                      0.04      0.05       1.92 r
  n14610 (net)                                  1                   0.00       1.92 r
  U50310/Y (XNOR2X1)                                      0.03      0.04       1.96 f
  n36993 (net)                                  3                   0.00       1.96 f
  U49597/Y (AND2X2)                                       0.01      0.04       2.00 f
  n36089 (net)                                  3                   0.00       2.00 f
  U31399/Y (OAI21X1)                                      0.04      0.04       2.04 r
  n15622 (net)                                  1                   0.00       2.04 r
  U31678/Y (INVX2)                                        0.02      0.03       2.07 f
  n28362 (net)                                  4                   0.00       2.07 f
  U28191/Y (AND2X1)                                       0.02      0.04       2.11 f
  n28529 (net)                                  1                   0.00       2.11 f
  U30926/Y (XNOR2X1)                                      0.08      0.08       2.19 r
  n68797 (net)                                  4                   0.00       2.19 r
  U24723/Y (AND2X2)                                       0.04      0.05       2.24 r
  n129678 (net)                                 5                   0.00       2.24 r
  U27614/Y (INVX2)                                        0.02      0.02       2.26 f
  n141185 (net)                                 2                   0.00       2.26 f
  U51053/Y (OAI21X1)                                      0.04      0.04       2.31 r
  n28778 (net)                                  1                   0.00       2.31 r
  U33959/Y (INVX2)                                        0.02      0.03       2.34 f
  n131423 (net)                                 3                   0.00       2.34 f
  U28336/Y (OAI21X1)                                      0.05      0.05       2.39 r
  n131864 (net)                                 1                   0.00       2.39 r
  U34777/Y (XNOR2X1)                                      0.07      0.06       2.45 r
  n36778 (net)                                  3                   0.00       2.45 r
  U27595/Y (BUFX2)                                        0.02      0.04       2.49 r
  n130112 (net)                                 1                   0.00       2.49 r
  U26220/Y (AOI22X1)                                      0.04      0.03       2.52 f
  n135517 (net)                                 1                   0.00       2.52 f
  U28513/Y (INVX2)                                        0.03      0.03       2.55 r
  n135518 (net)                                 3                   0.00       2.55 r
  U29027/Y (XOR2X1)                                       0.06      0.04       2.60 r
  n130485 (net)                                 1                   0.00       2.60 r
  U29026/Y (XNOR2X1)                                      0.06      0.06       2.65 r
  n36777 (net)                                  2                   0.00       2.65 r
  U36723/Y (XNOR2X1)                                      0.05      0.06       2.72 r
  n137062 (net)                                 1                   0.00       2.72 r
  U49585/Y (XNOR2X1)                                      0.04      0.04       2.76 r
  n27393 (net)                                  2                   0.00       2.76 r
  U29914/Y (AND2X2)                                       0.02      0.04       2.80 r
  n14143 (net)                                  3                   0.00       2.80 r
  U30526/Y (OR2X2)                                        0.01      0.04       2.84 r
  n137770 (net)                                 2                   0.00       2.84 r
  U36514/Y (INVX1)                                        0.01      0.02       2.86 f
  n134794 (net)                                 1                   0.00       2.86 f
  U26647/Y (AOI21X1)                                      0.03      0.03       2.89 r
  n30682 (net)                                  1                   0.00       2.89 r
  U28862/Y (AND2X2)                                       0.03      0.05       2.94 r
  n31349 (net)                                  5                   0.00       2.94 r
  U28860/Y (INVX1)                                        0.02      0.03       2.97 f
  n140524 (net)                                 3                   0.00       2.97 f
  U25546/Y (INVX1)                                        0.00      0.01       2.98 r
  n31351 (net)                                  2                   0.00       2.98 r
  U25812/Y (NOR2X1)                                       0.00      0.01       2.99 f
  n129579 (net)                                 1                   0.00       2.99 f
  U25810/Y (AOI21X1)                                      0.04      0.04       3.03 r
  n139894 (net)                                 1                   0.00       3.03 r
  U26316/Y (XNOR2X1)                                      0.06      0.05       3.08 r
  n136698 (net)                                 3                   0.00       3.08 r
  U30774/Y (NAND2X1)                                      0.02      0.03       3.11 f
  n131074 (net)                                 2                   0.00       3.11 f
  U30772/Y (NAND2X1)                                      0.04      0.02       3.13 r
  n134109 (net)                                 2                   0.00       3.13 r
  U25840/Y (AND2X2)                                       0.02      0.04       3.17 r
  n23646 (net)                                  3                   0.00       3.17 r
  U36662/Y (INVX1)                                        0.01      0.02       3.19 f
  n23647 (net)                                  1                   0.00       3.19 f
  U26293/Y (OAI21X1)                                      0.04      0.04       3.23 r
  n137903 (net)                                 1                   0.00       3.23 r
  U29707/Y (AOI21X1)                                      0.03      0.04       3.27 f
  n135259 (net)                                 2                   0.00       3.27 f
  U50111/Y (XNOR2X1)                                      0.04      0.04       3.31 r
  n138030 (net)                                 1                   0.00       3.31 r
  U52131/Y (NOR3X1)                                       0.03      0.03       3.34 f
  n138028 (net)                                 2                   0.00       3.34 f
  U52119/Y (INVX1)                                        0.00      0.01       3.35 r
  n32532 (net)                                  2                   0.00       3.35 r
  U30472/Y (AND2X2)                                       0.04      0.05       3.41 r
  n15357 (net)                                  8                   0.00       3.41 r
  U29812/Y (NAND2X1)                                      0.02      0.03       3.43 f
  n132130 (net)                                 2                   0.00       3.43 f
  U31209/Y (AND2X2)                                       0.00      0.04       3.47 f
  n130977 (net)                                 1                   0.00       3.47 f
  U24590/Y (NAND2X1)                                      0.07      0.03       3.50 r
  n133929 (net)                                 4                   0.00       3.50 r
  U26040/Y (INVX2)                                        0.03      0.02       3.52 f
  n131067 (net)                                 1                   0.00       3.52 f
  U30052/Y (OAI21X1)                                      0.04      0.05       3.57 r
  n133667 (net)                                 1                   0.00       3.57 r
  U50452/Y (AOI21X1)                                      0.02      0.02       3.59 f
  n27342 (net)                                  1                   0.00       3.59 f
  U40826/Y (AND2X2)                                       0.01      0.05       3.63 f
  n27340 (net)                                  4                   0.00       3.63 f
  U34706/Y (INVX4)                                        0.02      0.03       3.66 r
  n31910 (net)                                 11                   0.00       3.66 r
  U51988/Y (AOI21X1)                                      0.02      0.03       3.69 f
  n138771 (net)                                 1                   0.00       3.69 f
  U31338/Y (OAI21X1)                                      0.07      0.04       3.73 r
  n15538 (net)                                  2                   0.00       3.73 r
  U27888/Y (INVX4)                                        0.04      0.03       3.76 f
  n26252 (net)                                  6                   0.00       3.76 f
  U31136/Y (XNOR2X1)                                      0.05      0.05       3.81 r
  n25757 (net)                                  2                   0.00       3.81 r
  U35174/Y (AND2X2)                                       0.07      0.03       3.84 r
  n139128 (net)                                 1                   0.00       3.84 r
  U35178/Y (INVX1)                                        0.01      0.03       3.87 f
  n132186 (net)                                 1                   0.00       3.87 f
  U26073/Y (NAND2X1)                                      0.06      0.04       3.92 r
  n140745 (net)                                 1                   0.00       3.92 r
  U89952/YC (FAX1)                                        0.06      0.08       4.00 r
  n71983 (net)                                  1                   0.00       4.00 r
  U89955/YS (FAX1)                                        0.03      0.10       4.10 f
  n71986 (net)                                  3                   0.00       4.10 f
  U26070/Y (OR2X2)                                        0.01      0.04       4.14 f
  n129655 (net)                                 1                   0.00       4.14 f
  U26069/Y (NAND2X1)                                      0.07      0.05       4.19 r
  n15303 (net)                                  3                   0.00       4.19 r
  U30930/Y (XNOR2X1)                                      0.05      0.05       4.24 r
  n29406 (net)                                  1                   0.00       4.24 r
  U30382/Y (XNOR2X1)                                      0.05      0.05       4.29 r
  n72004 (net)                                  2                   0.00       4.29 r
  U29727/Y (OR2X2)                                        0.02      0.05       4.33 r
  n35136 (net)                                  3                   0.00       4.33 r
  U36543/Y (INVX1)                                        0.01      0.02       4.35 f
  n134866 (net)                                 1                   0.00       4.35 f
  U51307/Y (OAI21X1)                                      0.04      0.04       4.39 r
  n29573 (net)                                  1                   0.00       4.39 r
  U26661/Y (AOI21X1)                                      0.04      0.04       4.43 f
  n134517 (net)                                 4                   0.00       4.43 f
  U28028/Y (INVX2)                                        0.02      0.03       4.46 r
  n36641 (net)                                  3                   0.00       4.46 r
  U30386/Y (XNOR2X1)                                      0.06      0.05       4.51 r
  n14050 (net)                                  3                   0.00       4.51 r
  U27569/Y (NAND2X1)                                      0.03      0.03       4.55 f
  n134830 (net)                                 3                   0.00       4.55 f
  U27568/Y (AOI21X1)                                      0.02      0.03       4.58 r
  n17053 (net)                                  1                   0.00       4.58 r
  U28458/Y (INVX1)                                        0.01      0.02       4.60 f
  n130347 (net)                                 1                   0.00       4.60 f
  U28457/Y (NAND2X1)                                      0.04      0.01       4.61 r
  n136134 (net)                                 1                   0.00       4.61 r
  U25859/Y (AOI21X1)                                      0.03      0.03       4.64 f
  n134902 (net)                                 4                   0.00       4.64 f
  U25858/Y (OAI21X1)                                      0.07      0.06       4.71 r
  n37374 (net)                                  2                   0.00       4.71 r
  U25750/Y (AOI21X1)                                      0.02      0.04       4.75 f
  n129557 (net)                                 1                   0.00       4.75 f
  U25749/Y (XOR2X1)                                       0.06      0.04       4.79 r
  n35762 (net)                                  1                   0.00       4.79 r
  U30189/Y (INVX4)                                        0.04      0.04       4.83 f
  n76823 (net)                                 12                   0.00       4.83 f
  U87416/Y (MUX2X1)                                       0.05      0.06       4.89 r
  u_topfft_sat1_a_sat2_M5_2_DP_OP_11J1_129_5388_n1242 (net)     1     0.00     4.89 r
  u_topfft_sat1_a_sat2_M5_2_DP_OP_11J1_129_5388_U926/Y (MUX2X1)     0.06     0.06     4.95 r so 
  u_topfft_sat1_a_sat2_M5_2_DP_OP_11J1_129_5388_n1483 (net)     2     0.00     4.95 r
  U50588/Y (XOR2X1)                                       0.06      0.06       5.00 r
  n73465 (net)                                  2                   0.00       5.00 r
  U28510/Y (XNOR2X1)                                      0.05      0.05       5.05 r
  n14588 (net)                                  1                   0.00       5.05 r
  U28509/Y (XNOR2X1)                                      0.06      0.06       5.11 r
  n29538 (net)                                  2                   0.00       5.11 r
  U29485/Y (XNOR2X1)                                      0.05      0.05       5.16 r
  n14861 (net)                                  1                   0.00       5.16 r
  U28530/Y (XOR2X1)                                       0.04      0.04       5.20 r
  n130364 (net)                                 1                   0.00       5.20 r
  U28529/Y (INVX2)                                        0.02      0.03       5.23 f
  n36378 (net)                                  3                   0.00       5.23 f
  U28408/Y (OAI21X1)                                      0.04      0.04       5.27 r
  n26314 (net)                                  1                   0.00       5.27 r
  U30177/Y (NAND2X1)                                      0.04      0.03       5.30 f
  n135088 (net)                                 1                   0.00       5.30 f
  U90450/YS (FAX1)                                        0.05      0.09       5.40 r
  n74020 (net)                                  1                   0.00       5.40 r
  U90674/YS (FAX1)                                        0.01      0.09       5.48 f
  n74042 (net)                                  2                   0.00       5.48 f
  U30585/Y (OR2X2)                                        0.01      0.04       5.52 f
  n131879 (net)                                 3                   0.00       5.52 f
  U31654/Y (AND2X2)                                       0.00      0.03       5.56 f
  n26283 (net)                                  1                   0.00       5.56 f
  U24757/Y (AOI21X1)                                      0.03      0.03       5.58 r
  n129361 (net)                                 1                   0.00       5.58 r
  U24756/Y (OAI21X1)                                      0.02      0.02       5.61 f
  n30403 (net)                                  2                   0.00       5.61 f
  U31142/Y (BUFX4)                                        0.00      0.05       5.66 f
  n29161 (net)                                  6                   0.00       5.66 f
  U31437/Y (NAND3X1)                                      0.06      0.05       5.70 r
  n134948 (net)                                 3                   0.00       5.70 r
  U49428/Y (OAI21X1)                                      0.01      0.03       5.73 f
  n32444 (net)                                  1                   0.00       5.73 f
  U49336/Y (XNOR2X1)                                      0.02      0.03       5.76 f
  n27936 (net)                                  2                   0.00       5.76 f
  U41617/Y (NAND3X1)                                      0.04      0.05       5.81 r
  n136702 (net)                                 2                   0.00       5.81 r
  U30208/Y (NOR2X1)                                       0.00      0.02       5.83 f
  n130786 (net)                                 1                   0.00       5.83 f
  U29576/Y (INVX1)                                        0.00      0.00       5.83 r
  n137912 (net)                                 1                   0.00       5.83 r
  U30546/Y (NOR2X1)                                       0.00      0.01       5.83 f
  n130864 (net)                                 1                   0.00       5.83 f
  U30213/Y (INVX1)                                        0.00      0.01       5.85 r
  n137977 (net)                                 4                   0.00       5.85 r
  U53618/Y (INVX1)                                        0.01      0.01       5.86 f
  n139875 (net)                                 2                   0.00       5.86 f
  U54170/Y (INVX1)                                        0.00      0.01       5.87 r
  n140460 (net)                                 2                   0.00       5.87 r
  U31526/Y (AND2X2)                                       0.01      0.03       5.90 r
  n113988 (net)                                 1                   0.00       5.90 r
  U28190/Y (OAI21X1)                                      0.01      0.01       5.91 f
  u_topfft_sat2_a_sat3_Blq_BFV_1_DB_Dgen_0__nD_N36 (net)     1      0.00       5.91 f
  u_topfft_sat2_a_sat3_Blq_BFV_1_DB_Dgen_0__nD_Q_reg_33_/D (DFFPOSX1)     0.01     0.00     5.91 f
  data arrival time                                                            5.91

  clock CLK (rise edge)                                             4.00       4.00
  clock network delay (ideal)                                       0.00       4.00
  u_topfft_sat2_a_sat3_Blq_BFV_1_DB_Dgen_0__nD_Q_reg_33_/CLK (DFFPOSX1)     0.00     4.00 r
  library setup time                                               -0.06       3.94
  data required time                                                           3.94
  ---------------------------------------------------------------------------------------------------------
  data required time                                                           3.94
  data arrival time                                                           -5.91
  ---------------------------------------------------------------------------------------------------------
  slack (VIOLATED)                                                            -1.97


1
